../Core/Src/oled.c:49:6:OLED_Send	24	static
../Core/Src/oled.c:56:6:OLED_SendCmd	16	static
../Core/Src/oled.c:68:6:OLED_Init	8	static
../Core/Src/oled.c:119:6:OLED_DisPlay_On	8	static
../Core/Src/oled.c:128:6:OLED_DisPlay_Off	8	static
../Core/Src/oled.c:139:6:OLED_SetColorMode	16	static
../Core/Src/oled.c:153:6:OLED_NewFrame	8	static
../Core/Src/oled.c:161:6:OLED_ShowFrame	16	static
../Core/Src/oled.c:179:6:OLED_SetPixel	16	static
../Core/Src/oled.c:200:6:OLED_SetByte_Fine	16	static
../Core/Src/oled.c:223:6:OLED_SetByte	16	static
../Core/Src/oled.c:240:6:OLED_SetBits_Fine	40	static
../Core/Src/oled.c:264:6:OLED_SetBits	40	static
../Core/Src/oled.c:284:6:OLED_SetBlock	40	static
../Core/Src/oled.c:319:6:OLED_DrawLine	40	static
../Core/Src/oled.c:378:6:OLED_DrawRectangle	32	static
../Core/Src/oled.c:393:6:OLED_DrawFilledRectangle	40	static
../Core/Src/oled.c:409:6:OLED_DrawTriangle	32	static
../Core/Src/oled.c:425:6:OLED_DrawFilledTriangle	40	static
../Core/Src/oled.c:456:6:OLED_DrawCircle	32	static
../Core/Src/oled.c:487:6:OLED_DrawFilledCircle	40	static
../Core/Src/oled.c:515:6:OLED_DrawEllipse	56	static
../Core/Src/oled.c:555:6:OLED_DrawImage	32	static
../Core/Src/oled.c:569:6:OLED_PrintASCIIChar	32	static
../Core/Src/oled.c:581:6:OLED_PrintASCIIString	40	static
../Core/Src/oled.c:593:9:_OLED_GetUTF8Len	16	static
../Core/Src/oled.c:630:6:OLED_PrintString	56	static
