Archive member included to satisfy reference by file (symbol)

D:/STM32/STM32CubeIDE_1.14.0/STM32CubeIDE/plugins/com.st.stm32cube.ide.mcu.externaltools.gnu-tools-for-stm32.11.3.rel1.win32_1.1.100.202309141235/tools/bin/../lib/gcc/arm-none-eabi/11.3.1/../../../../arm-none-eabi/lib/thumb/v7-m/nofp\libc_nano.a(libc_a-exit.o)
                              D:/STM32/STM32CubeIDE_1.14.0/STM32CubeIDE/plugins/com.st.stm32cube.ide.mcu.externaltools.gnu-tools-for-stm32.11.3.rel1.win32_1.1.100.202309141235/tools/bin/../lib/gcc/arm-none-eabi/11.3.1/../../../../arm-none-eabi/lib/thumb/v7-m/nofp/crt0.o (exit)
D:/STM32/STM32CubeIDE_1.14.0/STM32CubeIDE/plugins/com.st.stm32cube.ide.mcu.externaltools.gnu-tools-for-stm32.11.3.rel1.win32_1.1.100.202309141235/tools/bin/../lib/gcc/arm-none-eabi/11.3.1/../../../../arm-none-eabi/lib/thumb/v7-m/nofp\libc_nano.a(libc_a-findfp.o)
                              ./Middlewares/Third_Party/FreeRTOS/Source/tasks.o (__sf)
D:/STM32/STM32CubeIDE_1.14.0/STM32CubeIDE/plugins/com.st.stm32cube.ide.mcu.externaltools.gnu-tools-for-stm32.11.3.rel1.win32_1.1.100.202309141235/tools/bin/../lib/gcc/arm-none-eabi/11.3.1/../../../../arm-none-eabi/lib/thumb/v7-m/nofp\libc_nano.a(libc_a-fwalk.o)
                              D:/STM32/STM32CubeIDE_1.14.0/STM32CubeIDE/plugins/com.st.stm32cube.ide.mcu.externaltools.gnu-tools-for-stm32.11.3.rel1.win32_1.1.100.202309141235/tools/bin/../lib/gcc/arm-none-eabi/11.3.1/../../../../arm-none-eabi/lib/thumb/v7-m/nofp\libc_nano.a(libc_a-findfp.o) (_fwalk_sglue)
D:/STM32/STM32CubeIDE_1.14.0/STM32CubeIDE/plugins/com.st.stm32cube.ide.mcu.externaltools.gnu-tools-for-stm32.11.3.rel1.win32_1.1.100.202309141235/tools/bin/../lib/gcc/arm-none-eabi/11.3.1/../../../../arm-none-eabi/lib/thumb/v7-m/nofp\libc_nano.a(libc_a-stdio.o)
                              D:/STM32/STM32CubeIDE_1.14.0/STM32CubeIDE/plugins/com.st.stm32cube.ide.mcu.externaltools.gnu-tools-for-stm32.11.3.rel1.win32_1.1.100.202309141235/tools/bin/../lib/gcc/arm-none-eabi/11.3.1/../../../../arm-none-eabi/lib/thumb/v7-m/nofp\libc_nano.a(libc_a-findfp.o) (__sread)
D:/STM32/STM32CubeIDE_1.14.0/STM32CubeIDE/plugins/com.st.stm32cube.ide.mcu.externaltools.gnu-tools-for-stm32.11.3.rel1.win32_1.1.100.202309141235/tools/bin/../lib/gcc/arm-none-eabi/11.3.1/../../../../arm-none-eabi/lib/thumb/v7-m/nofp\libc_nano.a(libc_a-memcmp.o)
                              ./Core/Src/oled.o (memcmp)
D:/STM32/STM32CubeIDE_1.14.0/STM32CubeIDE/plugins/com.st.stm32cube.ide.mcu.externaltools.gnu-tools-for-stm32.11.3.rel1.win32_1.1.100.202309141235/tools/bin/../lib/gcc/arm-none-eabi/11.3.1/../../../../arm-none-eabi/lib/thumb/v7-m/nofp\libc_nano.a(libc_a-memset.o)
                              D:/STM32/STM32CubeIDE_1.14.0/STM32CubeIDE/plugins/com.st.stm32cube.ide.mcu.externaltools.gnu-tools-for-stm32.11.3.rel1.win32_1.1.100.202309141235/tools/bin/../lib/gcc/arm-none-eabi/11.3.1/../../../../arm-none-eabi/lib/thumb/v7-m/nofp/crt0.o (memset)
D:/STM32/STM32CubeIDE_1.14.0/STM32CubeIDE/plugins/com.st.stm32cube.ide.mcu.externaltools.gnu-tools-for-stm32.11.3.rel1.win32_1.1.100.202309141235/tools/bin/../lib/gcc/arm-none-eabi/11.3.1/../../../../arm-none-eabi/lib/thumb/v7-m/nofp\libc_nano.a(libc_a-closer.o)
                              D:/STM32/STM32CubeIDE_1.14.0/STM32CubeIDE/plugins/com.st.stm32cube.ide.mcu.externaltools.gnu-tools-for-stm32.11.3.rel1.win32_1.1.100.202309141235/tools/bin/../lib/gcc/arm-none-eabi/11.3.1/../../../../arm-none-eabi/lib/thumb/v7-m/nofp\libc_nano.a(libc_a-stdio.o) (_close_r)
D:/STM32/STM32CubeIDE_1.14.0/STM32CubeIDE/plugins/com.st.stm32cube.ide.mcu.externaltools.gnu-tools-for-stm32.11.3.rel1.win32_1.1.100.202309141235/tools/bin/../lib/gcc/arm-none-eabi/11.3.1/../../../../arm-none-eabi/lib/thumb/v7-m/nofp\libc_nano.a(libc_a-reent.o)
                              ./Middlewares/Third_Party/FreeRTOS/Source/tasks.o (_reclaim_reent)
D:/STM32/STM32CubeIDE_1.14.0/STM32CubeIDE/plugins/com.st.stm32cube.ide.mcu.externaltools.gnu-tools-for-stm32.11.3.rel1.win32_1.1.100.202309141235/tools/bin/../lib/gcc/arm-none-eabi/11.3.1/../../../../arm-none-eabi/lib/thumb/v7-m/nofp\libc_nano.a(libc_a-impure.o)
                              ./Middlewares/Third_Party/FreeRTOS/Source/tasks.o (_impure_ptr)
D:/STM32/STM32CubeIDE_1.14.0/STM32CubeIDE/plugins/com.st.stm32cube.ide.mcu.externaltools.gnu-tools-for-stm32.11.3.rel1.win32_1.1.100.202309141235/tools/bin/../lib/gcc/arm-none-eabi/11.3.1/../../../../arm-none-eabi/lib/thumb/v7-m/nofp\libc_nano.a(libc_a-lseekr.o)
                              D:/STM32/STM32CubeIDE_1.14.0/STM32CubeIDE/plugins/com.st.stm32cube.ide.mcu.externaltools.gnu-tools-for-stm32.11.3.rel1.win32_1.1.100.202309141235/tools/bin/../lib/gcc/arm-none-eabi/11.3.1/../../../../arm-none-eabi/lib/thumb/v7-m/nofp\libc_nano.a(libc_a-stdio.o) (_lseek_r)
[...]
Memory Configuration

Name             Origin             Length             Attributes
RAM              0x0000000020000000 0x0000000000005000 xrw
FLASH            0x0000000008000000 0x0000000000010000 xr
*default*        0x0000000000000000 0xffffffffffffffff

Linker script and memory map

LOAD D:/STM32/STM32CubeIDE_1.14.0/STM32CubeIDE/plugins/com.st.stm32cube.ide.mcu.externaltools.gnu-tools-for-stm32.11.3.rel1.win32_1.1.100.202309141235/tools/bin/../lib/gcc/arm-none-eabi/11.3.1/thumb/v7-m/nofp/crti.o
LOAD D:/STM32/STM32CubeIDE_1.14.0/STM32CubeIDE/plugins/com.st.stm32cube.ide.mcu.externaltools.gnu-tools-for-stm32.11.3.rel1.win32_1.1.100.202309141235/tools/bin/../lib/gcc/arm-none-eabi/11.3.1/thumb/v7-m/nofp/crtbegin.o
LOAD D:/STM32/STM32CubeIDE_1.14.0/STM32CubeIDE/plugins/com.st.stm32cube.ide.mcu.externaltools.gnu-tools-for-stm32.11.3.rel1.win32_1.1.100.202309141235/tools/bin/../lib/gcc/arm-none-eabi/11.3.1/../../../../arm-none-eabi/lib/thumb/v7-m/nofp/crt0.o
LOAD ./Core/Src/adc.o
LOAD ./Core/Src/data.o
LOAD ./Core/Src/dma.o
LOAD ./Core/Src/font.o
LOAD ./Core/Src/freertos.o
LOAD ./Core/Src/gpio.o
LOAD ./Core/Src/i2c.o
LOAD ./Core/Src/main.o
LOAD ./Core/Src/nrf24L01.o
LOAD ./Core/Src/oled.o
LOAD ./Core/Src/spi.o
LOAD ./Core/Src/stm32f1xx_hal_msp.o
LOAD ./Core/Src/stm32f1xx_hal_timebase_tim.o
LOAD ./Core/Src/stm32f1xx_it.o
LOAD ./Core/Src/syscalls.o
LOAD ./Core/Src/sysmem.o
LOAD ./Core/Src/system_stm32f1xx.o
LOAD ./Core/Src/tim.o
LOAD ./Core/Startup/startup_stm32f103c8tx.o
LOAD ./Drivers/STM32F1xx_HAL_Driver/Src/stm32f1xx_hal.o
LOAD ./Drivers/STM32F1xx_HAL_Driver/Src/stm32f1xx_hal_adc.o
LOAD ./Drivers/STM32F1xx_HAL_Driver/Src/stm32f1xx_hal_adc_ex.o
LOAD ./Drivers/STM32F1xx_HAL_Driver/Src/stm32f1xx_hal_cortex.o
LOAD ./Drivers/STM32F1xx_HAL_Driver/Src/stm32f1xx_hal_dma.o
LOAD ./Drivers/STM32F1xx_HAL_Driver/Src/stm32f1xx_hal_exti.o
LOAD ./Drivers/STM32F1xx_HAL_Driver/Src/stm32f1xx_hal_flash.o
LOAD ./Drivers/STM32F1xx_HAL_Driver/Src/stm32f1xx_hal_flash_ex.o
LOAD ./Drivers/STM32F1xx_HAL_Driver/Src/stm32f1xx_hal_gpio.o
LOAD ./Drivers/STM32F1xx_HAL_Driver/Src/stm32f1xx_hal_gpio_ex.o
LOAD ./Drivers/STM32F1xx_HAL_Driver/Src/stm32f1xx_hal_i2c.o
LOAD ./Drivers/STM32F1xx_HAL_Driver/Src/stm32f1xx_hal_pwr.o
LOAD ./Drivers/STM32F1xx_HAL_Driver/Src/stm32f1xx_hal_rcc.o
LOAD ./Drivers/STM32F1xx_HAL_Driver/Src/stm32f1xx_hal_rcc_ex.o
LOAD ./Drivers/STM32F1xx_HAL_Driver/Src/stm32f1xx_hal_spi.o
LOAD ./Drivers/STM32F1xx_HAL_Driver/Src/stm32f1xx_hal_tim.o
LOAD ./Drivers/STM32F1xx_HAL_Driver/Src/stm32f1xx_hal_tim_ex.o
LOAD ./Middlewares/Third_Party/FreeRTOS/Source/CMSIS_RTOS/cmsis_os.o
LOAD ./Middlewares/Third_Party/FreeRTOS/Source/croutine.o
LOAD ./Middlewares/Third_Party/FreeRTOS/Source/event_groups.o
LOAD ./Middlewares/Third_Party/FreeRTOS/Source/list.o
LOAD ./Middlewares/Third_Party/FreeRTOS/Source/queue.o
LOAD ./Middlewares/Third_Party/FreeRTOS/Source/stream_buffer.o
LOAD ./Middlewares/Third_Party/FreeRTOS/Source/tasks.o
LOAD ./Middlewares/Third_Party/FreeRTOS/Source/timers.o
LOAD ./Middlewares/Third_Party/FreeRTOS/Source/portable/GCC/ARM_CM3/port.o
LOAD ./Middlewares/Third_Party/FreeRTOS/Source/portable/MemMang/heap_4.o
START GROUP
LOAD D:/STM32/STM32CubeIDE_1.14.0/STM32CubeIDE/plugins/com.st.stm32cube.ide.mcu.externaltools.gnu-tools-for-stm32.11.3.rel1.win32_1.1.100.202309141235/tools/bin/../lib/gcc/arm-none-eabi/11.3.1/../../../../arm-none-eabi/lib/thumb/v7-m/nofp\libc_nano.a
LOAD D:/STM32/STM32CubeIDE_1.14.0/STM32CubeIDE/plugins/com.st.stm32cube.ide.mcu.externaltools.gnu-tools-for-stm32.11.3.rel1.win32_1.1.100.202309141235/tools/bin/../lib/gcc/arm-none-eabi/11.3.1/../../../../arm-none-eabi/lib/thumb/v7-m/nofp\libm.a
END GROUP
START GROUP
LOAD D:/STM32/STM32CubeIDE_1.14.0/STM32CubeIDE/plugins/com.st.stm32cube.ide.mcu.externaltools.gnu-tools-for-stm32.11.3.rel1.win32_1.1.100.202309141235/tools/bin/../lib/gcc/arm-none-eabi/11.3.1/thumb/v7-m/nofp\libgcc.a
LOAD D:/STM32/STM32CubeIDE_1.14.0/STM32CubeIDE/plugins/com.st.stm32cube.ide.mcu.externaltools.gnu-tools-for-stm32.11.3.rel1.win32_1.1.100.202309141235/tools/bin/../lib/gcc/arm-none-eabi/11.3.1/../../../../arm-none-eabi/lib/thumb/v7-m/nofp\libc_nano.a
END GROUP
START GROUP
LOAD D:/STM32/STM32CubeIDE_1.14.0/STM32CubeIDE/plugins/com.st.stm32cube.ide.mcu.externaltools.gnu-tools-for-stm32.11.3.rel1.win32_1.1.100.202309141235/tools/bin/../lib/gcc/arm-none-eabi/11.3.1/thumb/v7-m/nofp\libgcc.a
LOAD D:/STM32/STM32CubeIDE_1.14.0/STM32CubeIDE/plugins/com.st.stm32cube.ide.mcu.externaltools.gnu-tools-for-stm32.11.3.rel1.win32_1.1.100.202309141235/tools/bin/../lib/gcc/arm-none-eabi/11.3.1/../../../../arm-none-eabi/lib/thumb/v7-m/nofp\libc_nano.a
LOAD D:/STM32/STM32CubeIDE_1.14.0/STM32CubeIDE/plugins/com.st.stm32cube.ide.mcu.externaltools.gnu-tools-for-stm32.11.3.rel1.win32_1.1.100.202309141235/tools/bin/../lib/gcc/arm-none-eabi/11.3.1/../../../../arm-none-eabi/lib/thumb/v7-m/nofp\libnosys.a
END GROUP
START GROUP
LOAD D:/STM32/STM32CubeIDE_1.14.0/STM32CubeIDE/plugins/com.st.stm32cube.ide.mcu.externaltools.gnu-tools-for-stm32.11.3.rel1.win32_1.1.100.202309141235/tools/bin/../lib/gcc/arm-none-eabi/11.3.1/thumb/v7-m/nofp\libgcc.a
LOAD D:/STM32/STM32CubeIDE_1.14.0/STM32CubeIDE/plugins/com.st.stm32cube.ide.mcu.externaltools.gnu-tools-for-stm32.11.3.rel1.win32_1.1.100.202309141235/tools/bin/../lib/gcc/arm-none-eabi/11.3.1/../../../../arm-none-eabi/lib/thumb/v7-m/nofp\libc_nano.a
LOAD D:/STM32/STM32CubeIDE_1.14.0/STM32CubeIDE/plugins/com.st.stm32cube.ide.mcu.externaltools.gnu-tools-for-stm32.11.3.rel1.win32_1.1.100.202309141235/tools/bin/../lib/gcc/arm-none-eabi/11.3.1/../../../../arm-none-eabi/lib/thumb/v7-m/nofp\libnosys.a
END GROUP
LOAD D:/STM32/STM32CubeIDE_1.14.0/STM32CubeIDE/plugins/com.st.stm32cube.ide.mcu.externaltools.gnu-tools-for-stm32.11.3.rel1.win32_1.1.100.202309141235/tools/bin/../lib/gcc/arm-none-eabi/11.3.1/thumb/v7-m/nofp/crtend.o
LOAD D:/STM32/STM32CubeIDE_1.14.0/STM32CubeIDE/plugins/com.st.stm32cube.ide.mcu.externaltools.gnu-tools-for-stm32.11.3.rel1.win32_1.1.100.202309141235/tools/bin/../lib/gcc/arm-none-eabi/11.3.1/thumb/v7-m/nofp/crtn.o
                0x0000000020005000                _estack = (ORIGIN (RAM) + LENGTH (RAM))
                0x0000000000000200                _Min_Heap_Size = 0x200
                0x0000000000000400                _Min_Stack_Size = 0x400

.isr_vector     0x0000000008000000      0x10c
                0x0000000008000000                . = ALIGN (0x4)
 *(.isr_vector)
 .isr_vector    0x0000000008000000      0x10c ./Core/Startup/startup_stm32f103c8tx.o
                0x0000000008000000                g_pfnVectors
                0x000000000800010c                . = ALIGN (0x4)

.text           0x0000000008000110     0x56c8
                0x0000000008000110                . = ALIGN (0x4)
 *(.text)
 .text          0x0000000008000110       0x40 D:/STM32/STM32CubeIDE_1.14.0/STM32CubeIDE/plugins/com.st.stm32cube.ide.mcu.externaltools.gnu-tools-for-stm32.11.3.rel1.win32_1.1.100.202309141235/tools/bin/../lib/gcc/arm-none-eabi/11.3.1/thumb/v7-m/nofp/crtbegin.o
 *(.text*)
 .text.MX_ADC1_Init
                0x0000000008000150       0xd4 ./Core/Src/adc.o
                0x0000000008000150                MX_ADC1_Init
 .text.HAL_ADC_MspInit
                0x0000000008000224       0xd4 ./Core/Src/adc.o
                0x0000000008000224                HAL_ADC_MspInit
 .text.Window_Filter
                0x00000000080002f8      0x194 ./Core/Src/data.o
                0x00000000080002f8                Window_Filter
 .text.Mid_Offset
                0x000000000800048c      0x178 ./Core/Src/data.o
                0x000000000800048c                Mid_Offset
 .text.Limit    0x0000000008000604       0xc2 ./Core/Src/data.o
                0x0000000008000604                Limit
 .text.Mid_Limit
                0x00000000080006c6       0xa2 ./Core/Src/data.o
                0x00000000080006c6                Mid_Limit
 .text.KeyPress
                0x0000000008000768       0x98 ./Core/Src/data.o
                0x0000000008000768                KeyPress
 .text.RemoteData
                0x0000000008000800      0x25c ./Core/Src/data.o
                0x0000000008000800                RemoteData
 .text.Stick_Scan
                0x0000000008000a5c       0x78 ./Core/Src/data.o
                0x0000000008000a5c                Stick_Scan
 .text.MX_DMA_Init
                0x0000000008000ad4       0x3c ./Core/Src/dma.o
                0x0000000008000ad4                MX_DMA_Init
 .text.vApplicationGetIdleTaskMemory
                0x0000000008000b10       0x30 ./Core/Src/freertos.o
                0x0000000008000b10                vApplicationGetIdleTaskMemory
 .text.MX_FREERTOS_Init
                0x0000000008000b40       0x94 ./Core/Src/freertos.o
                0x0000000008000b40                MX_FREERTOS_Init
 .text.StartDefaultTask
                0x0000000008000bd4       0x10 ./Core/Src/freertos.o
                0x0000000008000bd4                StartDefaultTask
 .text.StartTask_4ms
                0x0000000008000be4       0x34 ./Core/Src/freertos.o
                0x0000000008000be4                StartTask_4ms
 .text.StartTask_20ms
                0x0000000008000c18       0x22 ./Core/Src/freertos.o
                0x0000000008000c18                StartTask_20ms
 *fill*         0x0000000008000c3a        0x2 
 .text.MX_GPIO_Init
                0x0000000008000c3c      0x130 ./Core/Src/gpio.o
                0x0000000008000c3c                MX_GPIO_Init
 .text.MX_I2C1_Init
                0x0000000008000d6c       0x5c ./Core/Src/i2c.o
                0x0000000008000d6c                MX_I2C1_Init
 .text.HAL_I2C_MspInit
                0x0000000008000dc8       0x7c ./Core/Src/i2c.o
                0x0000000008000dc8                HAL_I2C_MspInit
 .text.main     0x0000000008000e44       0x44 ./Core/Src/main.o
                0x0000000008000e44                main
 .text.SystemClock_Config
                0x0000000008000e88       0xa0 ./Core/Src/main.o
                0x0000000008000e88                SystemClock_Config
 .text.HAL_TIM_PeriodElapsedCallback
                0x0000000008000f28       0x24 ./Core/Src/main.o
                0x0000000008000f28                HAL_TIM_PeriodElapsedCallback
 .text.Error_Handler
                0x0000000008000f4c        0xa ./Core/Src/main.o
                0x0000000008000f4c                Error_Handler
 .text.SPIx_ReadWriteByte
                0x0000000008000f56       0x38 ./Core/Src/nrf24L01.o
                0x0000000008000f56                SPIx_ReadWriteByte
 *fill*         0x0000000008000f8e        0x2 
 .text.NRF24L01_Write_Reg
                0x0000000008000f90       0x54 ./Core/Src/nrf24L01.o
                0x0000000008000f90                NRF24L01_Write_Reg
 .text.NRF24L01_Read_Reg
                0x0000000008000fe4       0x4c ./Core/Src/nrf24L01.o
                0x0000000008000fe4                NRF24L01_Read_Reg
 .text.NRF24L01_Write_Buf
                0x0000000008001030       0x6c ./Core/Src/nrf24L01.o
                0x0000000008001030                NRF24L01_Write_Buf
 .text.NRF24L01_TxPacket
                0x000000000800109c       0x84 ./Core/Src/nrf24L01.o
                0x000000000800109c                NRF24L01_TxPacket
 .text.NRF24L01_TX_Mode
                0x0000000008001120       0x78 ./Core/Src/nrf24L01.o
                0x0000000008001120                NRF24L01_TX_Mode
 .text.MX_SPI2_Init
                0x0000000008001198       0x6c ./Core/Src/spi.o
                0x0000000008001198                MX_SPI2_Init
 .text.HAL_SPI_MspInit
                0x0000000008001204       0x98 ./Core/Src/spi.o
                0x0000000008001204                HAL_SPI_MspInit
 .text.HAL_MspInit
                0x000000000800129c       0x70 ./Core/Src/stm32f1xx_hal_msp.o
                0x000000000800129c                HAL_MspInit
 .text.HAL_InitTick
                0x000000000800130c       0xfc ./Core/Src/stm32f1xx_hal_timebase_tim.o
                0x000000000800130c                HAL_InitTick
 .text.NMI_Handler
                0x0000000008001408        0x6 ./Core/Src/stm32f1xx_it.o
                0x0000000008001408                NMI_Handler
 .text.HardFault_Handler
                0x000000000800140e        0x6 ./Core/Src/stm32f1xx_it.o
                0x000000000800140e                HardFault_Handler
 .text.MemManage_Handler
                0x0000000008001414        0x6 ./Core/Src/stm32f1xx_it.o
                0x0000000008001414                MemManage_Handler
 .text.BusFault_Handler
                0x000000000800141a        0x6 ./Core/Src/stm32f1xx_it.o
                0x000000000800141a                BusFault_Handler
 .text.UsageFault_Handler
                0x0000000008001420        0x6 ./Core/Src/stm32f1xx_it.o
                0x0000000008001420                UsageFault_Handler
 .text.DebugMon_Handler
                0x0000000008001426        0xc ./Core/Src/stm32f1xx_it.o
                0x0000000008001426                DebugMon_Handler
 *fill*         0x0000000008001432        0x2 
 .text.DMA1_Channel1_IRQHandler
                0x0000000008001434       0x14 ./Core/Src/stm32f1xx_it.o
                0x0000000008001434                DMA1_Channel1_IRQHandler
 .text.TIM4_IRQHandler
                0x0000000008001448       0x14 ./Core/Src/stm32f1xx_it.o
                0x0000000008001448                TIM4_IRQHandler
 .text.SystemInit
                0x000000000800145c        0xc ./Core/Src/system_stm32f1xx.o
                0x000000000800145c                SystemInit
 .text.MX_TIM1_Init
                0x0000000008001468       0xa0 ./Core/Src/tim.o
                0x0000000008001468                MX_TIM1_Init
 .text.HAL_TIM_Base_MspInit
                0x0000000008001508       0x3c ./Core/Src/tim.o
                0x0000000008001508                HAL_TIM_Base_MspInit
 .text.Reset_Handler
                0x0000000008001544       0x48 ./Core/Startup/startup_stm32f103c8tx.o
                0x0000000008001544                Reset_Handler
 .text.Default_Handler
                0x000000000800158c        0x2 ./Core/Startup/startup_stm32f103c8tx.o
                0x000000000800158c                RTC_Alarm_IRQHandler
                0x000000000800158c                EXTI2_IRQHandler
                0x000000000800158c                TIM1_CC_IRQHandler
                0x000000000800158c                PVD_IRQHandler
                0x000000000800158c                EXTI3_IRQHandler
                0x000000000800158c                EXTI0_IRQHandler
                0x000000000800158c                I2C2_EV_IRQHandler
                0x000000000800158c                ADC1_2_IRQHandler
                0x000000000800158c                SPI1_IRQHandler
                0x000000000800158c                TAMPER_IRQHandler
                0x000000000800158c                DMA1_Channel4_IRQHandler
                0x000000000800158c                USART3_IRQHandler
                0x000000000800158c                RTC_IRQHandler
                0x000000000800158c                DMA1_Channel7_IRQHandler
                0x000000000800158c                CAN1_RX1_IRQHandler
                0x000000000800158c                I2C1_EV_IRQHandler
                0x000000000800158c                DMA1_Channel6_IRQHandler
                0x000000000800158c                TIM3_IRQHandler
                0x000000000800158c                RCC_IRQHandler
                0x000000000800158c                TIM1_TRG_COM_IRQHandler
                0x000000000800158c                Default_Handler
                0x000000000800158c                EXTI15_10_IRQHandler
                0x000000000800158c                EXTI9_5_IRQHandler
                0x000000000800158c                SPI2_IRQHandler
                0x000000000800158c                DMA1_Channel5_IRQHandler
                0x000000000800158c                EXTI4_IRQHandler
                0x000000000800158c                USB_LP_CAN1_RX0_IRQHandler
                0x000000000800158c                USB_HP_CAN1_TX_IRQHandler
                0x000000000800158c                DMA1_Channel3_IRQHandler
                0x000000000800158c                TIM1_UP_IRQHandler
                0x000000000800158c                WWDG_IRQHandler
                0x000000000800158c                TIM2_IRQHandler
                0x000000000800158c                TIM1_BRK_IRQHandler
                0x000000000800158c                EXTI1_IRQHandler
                0x000000000800158c                USART2_IRQHandler
                0x000000000800158c                I2C2_ER_IRQHandler
                0x000000000800158c                DMA1_Channel2_IRQHandler
                0x000000000800158c                CAN1_SCE_IRQHandler
                0x000000000800158c                FLASH_IRQHandler
                0x000000000800158c                USART1_IRQHandler
                0x000000000800158c                I2C1_ER_IRQHandler
                0x000000000800158c                USBWakeUp_IRQHandler
 *fill*         0x000000000800158e        0x2 
 .text.HAL_Init
                0x0000000008001590       0x2c ./Drivers/STM32F1xx_HAL_Driver/Src/stm32f1xx_hal.o
                0x0000000008001590                HAL_Init
 .text.HAL_IncTick
                0x00000000080015bc       0x24 ./Drivers/STM32F1xx_HAL_Driver/Src/stm32f1xx_hal.o
                0x00000000080015bc                HAL_IncTick
 .text.HAL_GetTick
                0x00000000080015e0       0x14 ./Drivers/STM32F1xx_HAL_Driver/Src/stm32f1xx_hal.o
                0x00000000080015e0                HAL_GetTick
 .text.HAL_Delay
                0x00000000080015f4       0x48 ./Drivers/STM32F1xx_HAL_Driver/Src/stm32f1xx_hal.o
                0x00000000080015f4                HAL_Delay
 .text.HAL_ADC_Init
                0x000000000800163c      0x1b0 ./Drivers/STM32F1xx_HAL_Driver/Src/stm32f1xx_hal_adc.o
                0x000000000800163c                HAL_ADC_Init
 .text.HAL_ADC_Start_DMA
                0x00000000080017ec      0x1bc ./Drivers/STM32F1xx_HAL_Driver/Src/stm32f1xx_hal_adc.o
                0x00000000080017ec                HAL_ADC_Start_DMA
 .text.HAL_ADC_ConvCpltCallback
                0x00000000080019a8       0x12 ./Drivers/STM32F1xx_HAL_Driver/Src/stm32f1xx_hal_adc.o
                0x00000000080019a8                HAL_ADC_ConvCpltCallback
 .text.HAL_ADC_ConvHalfCpltCallback
                0x00000000080019ba       0x12 ./Drivers/STM32F1xx_HAL_Driver/Src/stm32f1xx_hal_adc.o
                0x00000000080019ba                HAL_ADC_ConvHalfCpltCallback
 .text.HAL_ADC_ErrorCallback
                0x00000000080019cc       0x12 ./Drivers/STM32F1xx_HAL_Driver/Src/stm32f1xx_hal_adc.o
                0x00000000080019cc                HAL_ADC_ErrorCallback
 *fill*         0x00000000080019de        0x2 
 .text.HAL_ADC_ConfigChannel
                0x00000000080019e0      0x1f0 ./Drivers/STM32F1xx_HAL_Driver/Src/stm32f1xx_hal_adc.o
                0x00000000080019e0                HAL_ADC_ConfigChannel
 .text.ADC_Enable
                0x0000000008001bd0       0xb4 ./Drivers/STM32F1xx_HAL_Driver/Src/stm32f1xx_hal_adc.o
                0x0000000008001bd0                ADC_Enable
 .text.ADC_ConversionStop_Disable
                0x0000000008001c84       0x82 ./Drivers/STM32F1xx_HAL_Driver/Src/stm32f1xx_hal_adc.o
                0x0000000008001c84                ADC_ConversionStop_Disable
 .text.ADC_DMAConvCplt
                0x0000000008001d06       0x7c ./Drivers/STM32F1xx_HAL_Driver/Src/stm32f1xx_hal_adc.o
                0x0000000008001d06                ADC_DMAConvCplt
 .text.ADC_DMAHalfConvCplt
                0x0000000008001d82       0x1c ./Drivers/STM32F1xx_HAL_Driver/Src/stm32f1xx_hal_adc.o
                0x0000000008001d82                ADC_DMAHalfConvCplt
 .text.ADC_DMAError
                0x0000000008001d9e       0x34 ./Drivers/STM32F1xx_HAL_Driver/Src/stm32f1xx_hal_adc.o
                0x0000000008001d9e                ADC_DMAError
 *fill*         0x0000000008001dd2        0x2 
 .text.__NVIC_SetPriorityGrouping
                0x0000000008001dd4       0x48 ./Drivers/STM32F1xx_HAL_Driver/Src/stm32f1xx_hal_cortex.o
 .text.__NVIC_GetPriorityGrouping
                0x0000000008001e1c       0x1c ./Drivers/STM32F1xx_HAL_Driver/Src/stm32f1xx_hal_cortex.o
 .text.__NVIC_EnableIRQ
                0x0000000008001e38       0x38 ./Drivers/STM32F1xx_HAL_Driver/Src/stm32f1xx_hal_cortex.o
 .text.__NVIC_SetPriority
                0x0000000008001e70       0x54 ./Drivers/STM32F1xx_HAL_Driver/Src/stm32f1xx_hal_cortex.o
 .text.NVIC_EncodePriority
                0x0000000008001ec4       0x64 ./Drivers/STM32F1xx_HAL_Driver/Src/stm32f1xx_hal_cortex.o
 .text.HAL_NVIC_SetPriorityGrouping
                0x0000000008001f28       0x16 ./Drivers/STM32F1xx_HAL_Driver/Src/stm32f1xx_hal_cortex.o
                0x0000000008001f28                HAL_NVIC_SetPriorityGrouping
 .text.HAL_NVIC_SetPriority
                0x0000000008001f3e       0x38 ./Drivers/STM32F1xx_HAL_Driver/Src/stm32f1xx_hal_cortex.o
                0x0000000008001f3e                HAL_NVIC_SetPriority
 .text.HAL_NVIC_EnableIRQ
                0x0000000008001f76       0x1c ./Drivers/STM32F1xx_HAL_Driver/Src/stm32f1xx_hal_cortex.o
                0x0000000008001f76                HAL_NVIC_EnableIRQ
 *fill*         0x0000000008001f92        0x2 
 .text.HAL_DMA_Init
                0x0000000008001f94       0xb4 ./Drivers/STM32F1xx_HAL_Driver/Src/stm32f1xx_hal_dma.o
                0x0000000008001f94                HAL_DMA_Init
 .text.HAL_DMA_Start_IT
                0x0000000008002048       0xc0 ./Drivers/STM32F1xx_HAL_Driver/Src/stm32f1xx_hal_dma.o
                0x0000000008002048                HAL_DMA_Start_IT
 .text.HAL_DMA_IRQHandler
                0x0000000008002108      0x20c ./Drivers/STM32F1xx_HAL_Driver/Src/stm32f1xx_hal_dma.o
                0x0000000008002108                HAL_DMA_IRQHandler
 .text.DMA_SetConfig
                0x0000000008002314       0x5a ./Drivers/STM32F1xx_HAL_Driver/Src/stm32f1xx_hal_dma.o
 *fill*         0x000000000800236e        0x2 
 .text.HAL_GPIO_Init
                0x0000000008002370      0x308 ./Drivers/STM32F1xx_HAL_Driver/Src/stm32f1xx_hal_gpio.o
                0x0000000008002370                HAL_GPIO_Init
 .text.HAL_GPIO_ReadPin
                0x0000000008002678       0x2e ./Drivers/STM32F1xx_HAL_Driver/Src/stm32f1xx_hal_gpio.o
                0x0000000008002678                HAL_GPIO_ReadPin
 .text.HAL_GPIO_WritePin
                0x00000000080026a6       0x30 ./Drivers/STM32F1xx_HAL_Driver/Src/stm32f1xx_hal_gpio.o
                0x00000000080026a6                HAL_GPIO_WritePin
 *fill*         0x00000000080026d6        0x2 
 .text.HAL_I2C_Init
                0x00000000080026d8      0x288 ./Drivers/STM32F1xx_HAL_Driver/Src/stm32f1xx_hal_i2c.o
                0x00000000080026d8                HAL_I2C_Init
 .text.HAL_RCC_OscConfig
                0x0000000008002960      0x504 ./Drivers/STM32F1xx_HAL_Driver/Src/stm32f1xx_hal_rcc.o
                0x0000000008002960                HAL_RCC_OscConfig
 .text.HAL_RCC_ClockConfig
                0x0000000008002e64      0x1d4 ./Drivers/STM32F1xx_HAL_Driver/Src/stm32f1xx_hal_rcc.o
                0x0000000008002e64                HAL_RCC_ClockConfig
 .text.HAL_RCC_GetSysClockFreq
                0x0000000008003038       0xa8 ./Drivers/STM32F1xx_HAL_Driver/Src/stm32f1xx_hal_rcc.o
                0x0000000008003038                HAL_RCC_GetSysClockFreq
 .text.HAL_RCC_GetHCLKFreq
                0x00000000080030e0       0x14 ./Drivers/STM32F1xx_HAL_Driver/Src/stm32f1xx_hal_rcc.o
                0x00000000080030e0                HAL_RCC_GetHCLKFreq
 .text.HAL_RCC_GetPCLK1Freq
                0x00000000080030f4       0x28 ./Drivers/STM32F1xx_HAL_Driver/Src/stm32f1xx_hal_rcc.o
                0x00000000080030f4                HAL_RCC_GetPCLK1Freq
 .text.HAL_RCC_GetClockConfig
                0x000000000800311c       0x60 ./Drivers/STM32F1xx_HAL_Driver/Src/stm32f1xx_hal_rcc.o
                0x000000000800311c                HAL_RCC_GetClockConfig
 .text.RCC_Delay
                0x000000000800317c       0x3c ./Drivers/STM32F1xx_HAL_Driver/Src/stm32f1xx_hal_rcc.o
 .text.HAL_RCCEx_PeriphCLKConfig
                0x00000000080031b8      0x16c ./Drivers/STM32F1xx_HAL_Driver/Src/stm32f1xx_hal_rcc_ex.o
                0x00000000080031b8                HAL_RCCEx_PeriphCLKConfig
 .text.HAL_SPI_Init
                0x0000000008003324      0x108 ./Drivers/STM32F1xx_HAL_Driver/Src/stm32f1xx_hal_spi.o
                0x0000000008003324                HAL_SPI_Init
 .text.HAL_SPI_TransmitReceive
                0x000000000800342c      0x352 ./Drivers/STM32F1xx_HAL_Driver/Src/stm32f1xx_hal_spi.o
                0x000000000800342c                HAL_SPI_TransmitReceive
 *fill*         0x000000000800377e        0x2 
 .text.SPI_WaitFlagStateUntilTimeout
                0x0000000008003780      0x110 ./Drivers/STM32F1xx_HAL_Driver/Src/stm32f1xx_hal_spi.o
 .text.SPI_EndRxTxTransaction
                0x0000000008003890       0x62 ./Drivers/STM32F1xx_HAL_Driver/Src/stm32f1xx_hal_spi.o
 .text.HAL_TIM_Base_Init
                0x00000000080038f2       0x9e ./Drivers/STM32F1xx_HAL_Driver/Src/stm32f1xx_hal_tim.o
                0x00000000080038f2                HAL_TIM_Base_Init
 .text.HAL_TIM_Base_Start_IT
                0x0000000008003990       0xa4 ./Drivers/STM32F1xx_HAL_Driver/Src/stm32f1xx_hal_tim.o
                0x0000000008003990                HAL_TIM_Base_Start_IT
 .text.HAL_TIM_IRQHandler
                0x0000000008003a34      0x1e0 ./Drivers/STM32F1xx_HAL_Driver/Src/stm32f1xx_hal_tim.o
                0x0000000008003a34                HAL_TIM_IRQHandler
 .text.HAL_TIM_ConfigClockSource
                0x0000000008003c14      0x18e ./Drivers/STM32F1xx_HAL_Driver/Src/stm32f1xx_hal_tim.o
                0x0000000008003c14                HAL_TIM_ConfigClockSource
 .text.HAL_TIM_OC_DelayElapsedCallback
                0x0000000008003da2       0x12 ./Drivers/STM32F1xx_HAL_Driver/Src/stm32f1xx_hal_tim.o
                0x0000000008003da2                HAL_TIM_OC_DelayElapsedCallback
 .text.HAL_TIM_IC_CaptureCallback
                0x0000000008003db4       0x12 ./Drivers/STM32F1xx_HAL_Driver/Src/stm32f1xx_hal_tim.o
                0x0000000008003db4                HAL_TIM_IC_CaptureCallback
 .text.HAL_TIM_PWM_PulseFinishedCallback
                0x0000000008003dc6       0x12 ./Drivers/STM32F1xx_HAL_Driver/Src/stm32f1xx_hal_tim.o
                0x0000000008003dc6                HAL_TIM_PWM_PulseFinishedCallback
 .text.HAL_TIM_TriggerCallback
                0x0000000008003dd8       0x12 ./Drivers/STM32F1xx_HAL_Driver/Src/stm32f1xx_hal_tim.o
                0x0000000008003dd8                HAL_TIM_TriggerCallback
 *fill*         0x0000000008003dea        0x2 
 .text.TIM_Base_SetConfig
                0x0000000008003dec       0xdc ./Drivers/STM32F1xx_HAL_Driver/Src/stm32f1xx_hal_tim.o
                0x0000000008003dec                TIM_Base_SetConfig
 .text.TIM_TI1_ConfigInputStage
                0x0000000008003ec8       0x5c ./Drivers/STM32F1xx_HAL_Driver/Src/stm32f1xx_hal_tim.o
 .text.TIM_TI2_ConfigInputStage
                0x0000000008003f24       0x5e ./Drivers/STM32F1xx_HAL_Driver/Src/stm32f1xx_hal_tim.o
 .text.TIM_ITRx_SetConfig
                0x0000000008003f82       0x34 ./Drivers/STM32F1xx_HAL_Driver/Src/stm32f1xx_hal_tim.o
 .text.TIM_ETR_SetConfig
                0x0000000008003fb6       0x3e ./Drivers/STM32F1xx_HAL_Driver/Src/stm32f1xx_hal_tim.o
                0x0000000008003fb6                TIM_ETR_SetConfig
 .text.HAL_TIMEx_MasterConfigSynchronization
                0x0000000008003ff4       0xbc ./Drivers/STM32F1xx_HAL_Driver/Src/stm32f1xx_hal_tim_ex.o
                0x0000000008003ff4                HAL_TIMEx_MasterConfigSynchronization
 .text.HAL_TIMEx_CommutCallback
                0x00000000080040b0       0x12 ./Drivers/STM32F1xx_HAL_Driver/Src/stm32f1xx_hal_tim_ex.o
                0x00000000080040b0                HAL_TIMEx_CommutCallback
 .text.HAL_TIMEx_BreakCallback
                0x00000000080040c2       0x12 ./Drivers/STM32F1xx_HAL_Driver/Src/stm32f1xx_hal_tim_ex.o
                0x00000000080040c2                HAL_TIMEx_BreakCallback
 .text.makeFreeRtosPriority
                0x00000000080040d4       0x2e ./Middlewares/Third_Party/FreeRTOS/Source/CMSIS_RTOS/cmsis_os.o
 .text.osKernelStart
                0x0000000008004102        0xe ./Middlewares/Third_Party/FreeRTOS/Source/CMSIS_RTOS/cmsis_os.o
                0x0000000008004102                osKernelStart
 .text.osThreadCreate
                0x0000000008004110       0x98 ./Middlewares/Third_Party/FreeRTOS/Source/CMSIS_RTOS/cmsis_os.o
                0x0000000008004110                osThreadCreate
 .text.osDelay  0x00000000080041a8       0x28 ./Middlewares/Third_Party/FreeRTOS/Source/CMSIS_RTOS/cmsis_os.o
                0x00000000080041a8                osDelay
 .text.vListInitialise
                0x00000000080041d0       0x3e ./Middlewares/Third_Party/FreeRTOS/Source/list.o
                0x00000000080041d0                vListInitialise
 .text.vListInitialiseItem
                0x000000000800420e       0x18 ./Middlewares/Third_Party/FreeRTOS/Source/list.o
                0x000000000800420e                vListInitialiseItem
 .text.vListInsertEnd
                0x0000000008004226       0x46 ./Middlewares/Third_Party/FreeRTOS/Source/list.o
                0x0000000008004226                vListInsertEnd
 .text.vListInsert
                0x000000000800426c       0x70 ./Middlewares/Third_Party/FreeRTOS/Source/list.o
                0x000000000800426c                vListInsert
 .text.uxListRemove
                0x00000000080042dc       0x52 ./Middlewares/Third_Party/FreeRTOS/Source/list.o
                0x00000000080042dc                uxListRemove
 .text.xTaskCreateStatic
                0x000000000800432e       0xba ./Middlewares/Third_Party/FreeRTOS/Source/tasks.o
                0x000000000800432e                xTaskCreateStatic
 .text.xTaskCreate
                0x00000000080043e8       0x8a ./Middlewares/Third_Party/FreeRTOS/Source/tasks.o
                0x00000000080043e8                xTaskCreate
 *fill*         0x0000000008004472        0x2 
 .text.prvInitialiseNewTask
                0x0000000008004474      0x13c ./Middlewares/Third_Party/FreeRTOS/Source/tasks.o
 .text.prvAddNewTaskToReadyList
                0x00000000080045b0       0xd4 ./Middlewares/Third_Party/FreeRTOS/Source/tasks.o
 .text.vTaskDelayUntil
                0x0000000008004684       0xfc ./Middlewares/Third_Party/FreeRTOS/Source/tasks.o
                0x0000000008004684                vTaskDelayUntil
 .text.vTaskDelay
                0x0000000008004780       0x68 ./Middlewares/Third_Party/FreeRTOS/Source/tasks.o
                0x0000000008004780                vTaskDelay
 .text.vTaskStartScheduler
                0x00000000080047e8       0xd4 ./Middlewares/Third_Party/FreeRTOS/Source/tasks.o
                0x00000000080047e8                vTaskStartScheduler
 .text.vTaskSuspendAll
                0x00000000080048bc       0x1c ./Middlewares/Third_Party/FreeRTOS/Source/tasks.o
                0x00000000080048bc                vTaskSuspendAll
 .text.xTaskResumeAll
                0x00000000080048d8      0x138 ./Middlewares/Third_Party/FreeRTOS/Source/tasks.o
                0x00000000080048d8                xTaskResumeAll
 .text.xTaskGetTickCount
                0x0000000008004a10       0x1c ./Middlewares/Third_Party/FreeRTOS/Source/tasks.o
                0x0000000008004a10                xTaskGetTickCount
 .text.xTaskIncrementTick
                0x0000000008004a2c      0x170 ./Middlewares/Third_Party/FreeRTOS/Source/tasks.o
                0x0000000008004a2c                xTaskIncrementTick
 .text.vTaskSwitchContext
                0x0000000008004b9c       0xc4 ./Middlewares/Third_Party/FreeRTOS/Source/tasks.o
                0x0000000008004b9c                vTaskSwitchContext
 .text.prvIdleTask
                0x0000000008004c60       0x30 ./Middlewares/Third_Party/FreeRTOS/Source/tasks.o
 .text.prvInitialiseTaskLists
                0x0000000008004c90       0x80 ./Middlewares/Third_Party/FreeRTOS/Source/tasks.o
 .text.prvCheckTasksWaitingTermination
                0x0000000008004d10       0x5c ./Middlewares/Third_Party/FreeRTOS/Source/tasks.o
 .text.prvDeleteTCB
                0x0000000008004d6c       0x68 ./Middlewares/Third_Party/FreeRTOS/Source/tasks.o
 .text.prvResetNextTaskUnblockTime
                0x0000000008004dd4       0x40 ./Middlewares/Third_Party/FreeRTOS/Source/tasks.o
 .text.prvAddCurrentTaskToDelayedList
                0x0000000008004e14       0xcc ./Middlewares/Third_Party/FreeRTOS/Source/tasks.o
 .text.pxPortInitialiseStack
                0x0000000008004ee0       0x58 ./Middlewares/Third_Party/FreeRTOS/Source/portable/GCC/ARM_CM3/port.o
                0x0000000008004ee0                pxPortInitialiseStack
 .text.prvTaskExitError
                0x0000000008004f38       0x58 ./Middlewares/Third_Party/FreeRTOS/Source/portable/GCC/ARM_CM3/port.o
 .text.SVC_Handler
                0x0000000008004f90       0x28 ./Middlewares/Third_Party/FreeRTOS/Source/portable/GCC/ARM_CM3/port.o
                0x0000000008004f90                SVC_Handler
 .text.prvPortStartFirstTask
                0x0000000008004fb8       0x20 ./Middlewares/Third_Party/FreeRTOS/Source/portable/GCC/ARM_CM3/port.o
 .text.xPortStartScheduler
                0x0000000008004fd8       0xe4 ./Middlewares/Third_Party/FreeRTOS/Source/portable/GCC/ARM_CM3/port.o
                0x0000000008004fd8                xPortStartScheduler
 .text.vPortEnterCritical
                0x00000000080050bc       0x60 ./Middlewares/Third_Party/FreeRTOS/Source/portable/GCC/ARM_CM3/port.o
                0x00000000080050bc                vPortEnterCritical
 .text.vPortExitCritical
                0x000000000800511c       0x50 ./Middlewares/Third_Party/FreeRTOS/Source/portable/GCC/ARM_CM3/port.o
                0x000000000800511c                vPortExitCritical
 *fill*         0x000000000800516c        0x4 
 .text.PendSV_Handler
                0x0000000008005170       0x48 ./Middlewares/Third_Party/FreeRTOS/Source/portable/GCC/ARM_CM3/port.o
                0x0000000008005170                PendSV_Handler
 .text.SysTick_Handler
                0x00000000080051b8       0x44 ./Middlewares/Third_Party/FreeRTOS/Source/portable/GCC/ARM_CM3/port.o
                0x00000000080051b8                SysTick_Handler
 .text.vPortSetupTimerInterrupt
                0x00000000080051fc       0x44 ./Middlewares/Third_Party/FreeRTOS/Source/portable/GCC/ARM_CM3/port.o
                0x00000000080051fc                vPortSetupTimerInterrupt
 .text.pvPortMalloc
                0x0000000008005240      0x198 ./Middlewares/Third_Party/FreeRTOS/Source/portable/MemMang/heap_4.o
                0x0000000008005240                pvPortMalloc
 .text.vPortFree
                0x00000000080053d8       0xc4 ./Middlewares/Third_Party/FreeRTOS/Source/portable/MemMang/heap_4.o
                0x00000000080053d8                vPortFree
 .text.prvHeapInit
                0x000000000800549c       0xc4 ./Middlewares/Third_Party/FreeRTOS/Source/portable/MemMang/heap_4.o
 .text.prvInsertBlockIntoFreeList
                0x0000000008005560       0xb0 ./Middlewares/Third_Party/FreeRTOS/Source/portable/MemMang/heap_4.o
 .text.memset   0x0000000008005610       0x10 D:/STM32/STM32CubeIDE_1.14.0/STM32CubeIDE/plugins/com.st.stm32cube.ide.mcu.externaltools.gnu-tools-for-stm32.11.3.rel1.win32_1.1.100.202309141235/tools/bin/../lib/gcc/arm-none-eabi/11.3.1/../../../../arm-none-eabi/lib/thumb/v7-m/nofp\libc_nano.a(libc_a-memset.o)
                0x0000000008005610                memset
 .text._reclaim_reent
                0x0000000008005620       0xac D:/STM32/STM32CubeIDE_1.14.0/STM32CubeIDE/plugins/com.st.stm32cube.ide.mcu.externaltools.gnu-tools-for-stm32.11.3.rel1.win32_1.1.100.202309141235/tools/bin/../lib/gcc/arm-none-eabi/11.3.1/../../../../arm-none-eabi/lib/thumb/v7-m/nofp\libc_nano.a(libc_a-reent.o)
                0x0000000008005620                _reclaim_reent
 .text.__libc_init_array
                0x00000000080056cc       0x48 D:/STM32/STM32CubeIDE_1.14.0/STM32CubeIDE/plugins/com.st.stm32cube.ide.mcu.externaltools.gnu-tools-for-stm32.11.3.rel1.win32_1.1.100.202309141235/tools/bin/../lib/gcc/arm-none-eabi/11.3.1/../../../../arm-none-eabi/lib/thumb/v7-m/nofp\libc_nano.a(libc_a-init.o)
                0x00000000080056cc                __libc_init_array
 .text.__retarget_lock_acquire_recursive
                0x0000000008005714        0x2 D:/STM32/STM32CubeIDE_1.14.0/STM32CubeIDE/plugins/com.st.stm32cube.ide.mcu.externaltools.gnu-tools-for-stm32.11.3.rel1.win32_1.1.100.202309141235/tools/bin/../lib/gcc/arm-none-eabi/11.3.1/../../../../arm-none-eabi/lib/thumb/v7-m/nofp\libc_nano.a(libc_a-lock.o)
                0x0000000008005714                __retarget_lock_acquire_recursive
 .text.__retarget_lock_release_recursive
                0x0000000008005716        0x2 D:/STM32/STM32CubeIDE_1.14.0/STM32CubeIDE/plugins/com.st.stm32cube.ide.mcu.externaltools.gnu-tools-for-stm32.11.3.rel1.win32_1.1.100.202309141235/tools/bin/../lib/gcc/arm-none-eabi/11.3.1/../../../../arm-none-eabi/lib/thumb/v7-m/nofp\libc_nano.a(libc_a-lock.o)
                0x0000000008005716                __retarget_lock_release_recursive
 .text._free_r  0x0000000008005718       0x90 D:/STM32/STM32CubeIDE_1.14.0/STM32CubeIDE/plugins/com.st.stm32cube.ide.mcu.externaltools.gnu-tools-for-stm32.11.3.rel1.win32_1.1.100.202309141235/tools/bin/../lib/gcc/arm-none-eabi/11.3.1/../../../../arm-none-eabi/lib/thumb/v7-m/nofp\libc_nano.a(libc_a-freer.o)
                0x0000000008005718                _free_r
 .text.__malloc_lock
                0x00000000080057a8        0xc D:/STM32/STM32CubeIDE_1.14.0/STM32CubeIDE/plugins/com.st.stm32cube.ide.mcu.externaltools.gnu-tools-for-stm32.11.3.rel1.win32_1.1.100.202309141235/tools/bin/../lib/gcc/arm-none-eabi/11.3.1/../../../../arm-none-eabi/lib/thumb/v7-m/nofp\libc_nano.a(libc_a-mlock.o)
                0x00000000080057a8                __malloc_lock
 .text.__malloc_unlock
                0x00000000080057b4        0xc D:/STM32/STM32CubeIDE_1.14.0/STM32CubeIDE/plugins/com.st.stm32cube.ide.mcu.externaltools.gnu-tools-for-stm32.11.3.rel1.win32_1.1.100.202309141235/tools/bin/../lib/gcc/arm-none-eabi/11.3.1/../../../../arm-none-eabi/lib/thumb/v7-m/nofp\libc_nano.a(libc_a-mlock.o)
                0x00000000080057b4                __malloc_unlock
 *(.glue_7)
 .glue_7        0x00000000080057c0        0x0 linker stubs
 *(.glue_7t)
 .glue_7t       0x00000000080057c0        0x0 linker stubs
 *(.eh_frame)
 .eh_frame      0x00000000080057c0        0x0 D:/STM32/STM32CubeIDE_1.14.0/STM32CubeIDE/plugins/com.st.stm32cube.ide.mcu.externaltools.gnu-tools-for-stm32.11.3.rel1.win32_1.1.100.202309141235/tools/bin/../lib/gcc/arm-none-eabi/11.3.1/thumb/v7-m/nofp/crtbegin.o
 *(.init)
 .init          0x00000000080057c0        0x4 D:/STM32/STM32CubeIDE_1.14.0/STM32CubeIDE/plugins/com.st.stm32cube.ide.mcu.externaltools.gnu-tools-for-stm32.11.3.rel1.win32_1.1.100.202309141235/tools/bin/../lib/gcc/arm-none-eabi/11.3.1/thumb/v7-m/nofp/crti.o
                0x00000000080057c0                _init
 .init          0x00000000080057c4        0x8 D:/STM32/STM32CubeIDE_1.14.0/STM32CubeIDE/plugins/com.st.stm32cube.ide.mcu.externaltools.gnu-tools-for-stm32.11.3.rel1.win32_1.1.100.202309141235/tools/bin/../lib/gcc/arm-none-eabi/11.3.1/thumb/v7-m/nofp/crtn.o
 *(.fini)
 .fini          0x00000000080057cc        0x4 D:/STM32/STM32CubeIDE_1.14.0/STM32CubeIDE/plugins/com.st.stm32cube.ide.mcu.externaltools.gnu-tools-for-stm32.11.3.rel1.win32_1.1.100.202309141235/tools/bin/../lib/gcc/arm-none-eabi/11.3.1/thumb/v7-m/nofp/crti.o
                0x00000000080057cc                _fini
 .fini          0x00000000080057d0        0x8 D:/STM32/STM32CubeIDE_1.14.0/STM32CubeIDE/plugins/com.st.stm32cube.ide.mcu.externaltools.gnu-tools-for-stm32.11.3.rel1.win32_1.1.100.202309141235/tools/bin/../lib/gcc/arm-none-eabi/11.3.1/thumb/v7-m/nofp/crtn.o
                0x00000000080057d8                . = ALIGN (0x4)
                0x00000000080057d8                _etext = .

.vfp11_veneer   0x00000000080057d8        0x0
 .vfp11_veneer  0x00000000080057d8        0x0 linker stubs

.v4_bx          0x00000000080057d8        0x0
 .v4_bx         0x00000000080057d8        0x0 linker stubs

.iplt           0x00000000080057d8        0x0
 .iplt          0x00000000080057d8        0x0 D:/STM32/STM32CubeIDE_1.14.0/STM32CubeIDE/plugins/com.st.stm32cube.ide.mcu.externaltools.gnu-tools-for-stm32.11.3.rel1.win32_1.1.100.202309141235/tools/bin/../lib/gcc/arm-none-eabi/11.3.1/thumb/v7-m/nofp/crtbegin.o

.rodata         0x00000000080057d8       0xbc
                0x00000000080057d8                . = ALIGN (0x4)
 *(.rodata)
 .rodata        0x00000000080057d8       0x78 ./Core/Src/freertos.o
 .rodata        0x0000000008005850        0x5 ./Middlewares/Third_Party/FreeRTOS/Source/tasks.o
 *(.rodata*)
 *fill*         0x0000000008005855        0x3 
 .rodata.TX_ADDRESS
                0x0000000008005858        0x5 ./Core/Src/nrf24L01.o
                0x0000000008005858                TX_ADDRESS
 *fill*         0x000000000800585d        0x3 
 .rodata.RX_ADDRESS
                0x0000000008005860        0x5 ./Core/Src/nrf24L01.o
                0x0000000008005860                RX_ADDRESS
 *fill*         0x0000000008005865        0x3 
 .rodata.AHBPrescTable
                0x0000000008005868       0x10 ./Core/Src/system_stm32f1xx.o
                0x0000000008005868                AHBPrescTable
 .rodata.APBPrescTable
                0x0000000008005878        0x8 ./Core/Src/system_stm32f1xx.o
                0x0000000008005878                APBPrescTable
 .rodata.aPLLMULFactorTable.1
                0x0000000008005880       0x10 ./Drivers/STM32F1xx_HAL_Driver/Src/stm32f1xx_hal_rcc.o
 .rodata.aPredivFactorTable.0
                0x0000000008005890        0x2 ./Drivers/STM32F1xx_HAL_Driver/Src/stm32f1xx_hal_rcc.o
                0x0000000008005894                . = ALIGN (0x4)
 *fill*         0x0000000008005892        0x2 

.rel.dyn        0x0000000008005894        0x0
 .rel.iplt      0x0000000008005894        0x0 D:/STM32/STM32CubeIDE_1.14.0/STM32CubeIDE/plugins/com.st.stm32cube.ide.mcu.externaltools.gnu-tools-for-stm32.11.3.rel1.win32_1.1.100.202309141235/tools/bin/../lib/gcc/arm-none-eabi/11.3.1/thumb/v7-m/nofp/crtbegin.o

.ARM.extab      0x0000000008005894        0x0
                0x0000000008005894                . = ALIGN (0x4)
 *(.ARM.extab* .gnu.linkonce.armextab.*)
                0x0000000008005894                . = ALIGN (0x4)

.ARM            0x0000000008005894        0x0
                0x0000000008005894                . = ALIGN (0x4)
                0x0000000008005894                __exidx_start = .
 *(.ARM.exidx*)
                0x0000000008005894                __exidx_end = .
                0x0000000008005894                . = ALIGN (0x4)

.preinit_array  0x0000000008005894        0x0
                0x0000000008005894                . = ALIGN (0x4)
                0x0000000008005894                PROVIDE (__preinit_array_start = .)
 *(.preinit_array*)
                0x0000000008005894                PROVIDE (__preinit_array_end = .)
                0x0000000008005894                . = ALIGN (0x4)

.init_array     0x0000000008005894        0x4
                0x0000000008005894                . = ALIGN (0x4)
                0x0000000008005894                PROVIDE (__init_array_start = .)
 *(SORT_BY_NAME(.init_array.*))
 *(.init_array*)
 .init_array    0x0000000008005894        0x4 D:/STM32/STM32CubeIDE_1.14.0/STM32CubeIDE/plugins/com.st.stm32cube.ide.mcu.externaltools.gnu-tools-for-stm32.11.3.rel1.win32_1.1.100.202309141235/tools/bin/../lib/gcc/arm-none-eabi/11.3.1/thumb/v7-m/nofp/crtbegin.o
                0x0000000008005898                PROVIDE (__init_array_end = .)
                0x0000000008005898                . = ALIGN (0x4)

.fini_array     0x0000000008005898        0x4
                0x0000000008005898                . = ALIGN (0x4)
                [!provide]                        PROVIDE (__fini_array_start = .)
 *(SORT_BY_NAME(.fini_array.*))
 *(.fini_array*)
 .fini_array    0x0000000008005898        0x4 D:/STM32/STM32CubeIDE_1.14.0/STM32CubeIDE/plugins/com.st.stm32cube.ide.mcu.externaltools.gnu-tools-for-stm32.11.3.rel1.win32_1.1.100.202309141235/tools/bin/../lib/gcc/arm-none-eabi/11.3.1/thumb/v7-m/nofp/crtbegin.o
                [!provide]                        PROVIDE (__fini_array_end = .)
                0x000000000800589c                . = ALIGN (0x4)
                0x000000000800589c                _sidata = LOADADDR (.data)

.data           0x0000000020000000       0x60 load address 0x000000000800589c
                0x0000000020000000                . = ALIGN (0x4)
                0x0000000020000000                _sdata = .
 *(.data)
 *(.data*)
 .data.SystemCoreClock
                0x0000000020000000        0x4 ./Core/Src/system_stm32f1xx.o
                0x0000000020000000                SystemCoreClock
 .data.uwTickPrio
                0x0000000020000004        0x4 ./Drivers/STM32F1xx_HAL_Driver/Src/stm32f1xx_hal.o
                0x0000000020000004                uwTickPrio
 .data.uwTickFreq
                0x0000000020000008        0x1 ./Drivers/STM32F1xx_HAL_Driver/Src/stm32f1xx_hal.o
                0x0000000020000008                uwTickFreq
 *fill*         0x0000000020000009        0x3 
 .data.uxCriticalNesting
                0x000000002000000c        0x4 ./Middlewares/Third_Party/FreeRTOS/Source/portable/GCC/ARM_CM3/port.o
 .data._impure_data
                0x0000000020000010       0x4c D:/STM32/STM32CubeIDE_1.14.0/STM32CubeIDE/plugins/com.st.stm32cube.ide.mcu.externaltools.gnu-tools-for-stm32.11.3.rel1.win32_1.1.100.202309141235/tools/bin/../lib/gcc/arm-none-eabi/11.3.1/../../../../arm-none-eabi/lib/thumb/v7-m/nofp\libc_nano.a(libc_a-impure.o)
                0x0000000020000010                _impure_data
 .data._impure_ptr
                0x000000002000005c        0x4 D:/STM32/STM32CubeIDE_1.14.0/STM32CubeIDE/plugins/com.st.stm32cube.ide.mcu.externaltools.gnu-tools-for-stm32.11.3.rel1.win32_1.1.100.202309141235/tools/bin/../lib/gcc/arm-none-eabi/11.3.1/../../../../arm-none-eabi/lib/thumb/v7-m/nofp\libc_nano.a(libc_a-impure.o)
                0x000000002000005c                _impure_ptr
 *(.RamFunc)
 *(.RamFunc*)
                0x0000000020000060                . = ALIGN (0x4)
                0x0000000020000060                _edata = .

.igot.plt       0x0000000020000060        0x0 load address 0x00000000080058fc
 .igot.plt      0x0000000020000060        0x0 D:/STM32/STM32CubeIDE_1.14.0/STM32CubeIDE/plugins/com.st.stm32cube.ide.mcu.externaltools.gnu-tools-for-stm32.11.3.rel1.win32_1.1.100.202309141235/tools/bin/../lib/gcc/arm-none-eabi/11.3.1/thumb/v7-m/nofp/crtbegin.o
                0x0000000020000060                . = ALIGN (0x4)

.bss            0x0000000020000060     0x13c4 load address 0x00000000080058fc
                0x0000000020000060                _sbss = .
                0x0000000020000060                __bss_start__ = _sbss
 *(.bss)
 .bss           0x0000000020000060       0x1c D:/STM32/STM32CubeIDE_1.14.0/STM32CubeIDE/plugins/com.st.stm32cube.ide.mcu.externaltools.gnu-tools-for-stm32.11.3.rel1.win32_1.1.100.202309141235/tools/bin/../lib/gcc/arm-none-eabi/11.3.1/thumb/v7-m/nofp/crtbegin.o
 *(.bss*)
 .bss.hadc1     0x000000002000007c       0x30 ./Core/Src/adc.o
                0x000000002000007c                hadc1
 .bss.hdma_adc1
                0x00000000200000ac       0x44 ./Core/Src/adc.o
                0x00000000200000ac                hdma_adc1
 .bss.rc        0x00000000200000f0       0x14 ./Core/Src/data.o
                0x00000000200000f0                rc
 .bss.Filter_Thr
                0x0000000020000104       0x18 ./Core/Src/data.o
                0x0000000020000104                Filter_Thr
 .bss.Filter_Pitch
                0x000000002000011c       0x18 ./Core/Src/data.o
                0x000000002000011c                Filter_Pitch
 .bss.Filter_Roll
                0x0000000020000134       0x18 ./Core/Src/data.o
                0x0000000020000134                Filter_Roll
 .bss.Filter_Yaw
                0x000000002000014c       0x18 ./Core/Src/data.o
                0x000000002000014c                Filter_Yaw
 .bss.offset    0x0000000020000164        0x8 ./Core/Src/data.o
                0x0000000020000164                offset
 .bss.count.5   0x000000002000016c        0x2 ./Core/Src/data.o
 .bss.count.4   0x000000002000016e        0x2 ./Core/Src/data.o
 .bss.sum_thr.3
                0x0000000020000170        0x2 ./Core/Src/data.o
 .bss.sum_pit.2
                0x0000000020000172        0x2 ./Core/Src/data.o
 .bss.sum_roll.1
                0x0000000020000174        0x2 ./Core/Src/data.o
 .bss.sum_yaw.0
                0x0000000020000176        0x2 ./Core/Src/data.o
 .bss.defaultTaskHandle
                0x0000000020000178        0x4 ./Core/Src/freertos.o
                0x0000000020000178                defaultTaskHandle
 .bss.Task_4msHandle
                0x000000002000017c        0x4 ./Core/Src/freertos.o
                0x000000002000017c                Task_4msHandle
 .bss.Task_20msHandle
                0x0000000020000180        0x4 ./Core/Src/freertos.o
                0x0000000020000180                Task_20msHandle
 .bss.xIdleTaskTCBBuffer
                0x0000000020000184       0xa0 ./Core/Src/freertos.o
 .bss.xIdleStack
                0x0000000020000224      0x200 ./Core/Src/freertos.o
 .bss.hi2c1     0x0000000020000424       0x54 ./Core/Src/i2c.o
                0x0000000020000424                hi2c1
 .bss.ADC_Value
                0x0000000020000478        0xa ./Core/Src/main.o
                0x0000000020000478                ADC_Value
 *fill*         0x0000000020000482        0x2 
 .bss.TX_BUFF   0x0000000020000484       0x20 ./Core/Src/nrf24L01.o
                0x0000000020000484                TX_BUFF
 .bss.hspi2     0x00000000200004a4       0x58 ./Core/Src/spi.o
                0x00000000200004a4                hspi2
 .bss.htim4     0x00000000200004fc       0x48 ./Core/Src/stm32f1xx_hal_timebase_tim.o
                0x00000000200004fc                htim4
 .bss.htim1     0x0000000020000544       0x48 ./Core/Src/tim.o
                0x0000000020000544                htim1
 .bss.uwTick    0x000000002000058c        0x4 ./Drivers/STM32F1xx_HAL_Driver/Src/stm32f1xx_hal.o
                0x000000002000058c                uwTick
 .bss.pxCurrentTCB
                0x0000000020000590        0x4 ./Middlewares/Third_Party/FreeRTOS/Source/tasks.o
                0x0000000020000590                pxCurrentTCB
 .bss.pxReadyTasksLists
                0x0000000020000594       0x8c ./Middlewares/Third_Party/FreeRTOS/Source/tasks.o
 .bss.xDelayedTaskList1
                0x0000000020000620       0x14 ./Middlewares/Third_Party/FreeRTOS/Source/tasks.o
 .bss.xDelayedTaskList2
                0x0000000020000634       0x14 ./Middlewares/Third_Party/FreeRTOS/Source/tasks.o
 .bss.pxDelayedTaskList
                0x0000000020000648        0x4 ./Middlewares/Third_Party/FreeRTOS/Source/tasks.o
 .bss.pxOverflowDelayedTaskList
                0x000000002000064c        0x4 ./Middlewares/Third_Party/FreeRTOS/Source/tasks.o
 .bss.xPendingReadyList
                0x0000000020000650       0x14 ./Middlewares/Third_Party/FreeRTOS/Source/tasks.o
 .bss.xTasksWaitingTermination
                0x0000000020000664       0x14 ./Middlewares/Third_Party/FreeRTOS/Source/tasks.o
 .bss.uxDeletedTasksWaitingCleanUp
                0x0000000020000678        0x4 ./Middlewares/Third_Party/FreeRTOS/Source/tasks.o
 .bss.xSuspendedTaskList
                0x000000002000067c       0x14 ./Middlewares/Third_Party/FreeRTOS/Source/tasks.o
 .bss.uxCurrentNumberOfTasks
                0x0000000020000690        0x4 ./Middlewares/Third_Party/FreeRTOS/Source/tasks.o
 .bss.xTickCount
                0x0000000020000694        0x4 ./Middlewares/Third_Party/FreeRTOS/Source/tasks.o
 .bss.uxTopReadyPriority
                0x0000000020000698        0x4 ./Middlewares/Third_Party/FreeRTOS/Source/tasks.o
 .bss.xSchedulerRunning
                0x000000002000069c        0x4 ./Middlewares/Third_Party/FreeRTOS/Source/tasks.o
 .bss.xPendedTicks
                0x00000000200006a0        0x4 ./Middlewares/Third_Party/FreeRTOS/Source/tasks.o
 .bss.xYieldPending
                0x00000000200006a4        0x4 ./Middlewares/Third_Party/FreeRTOS/Source/tasks.o
 .bss.xNumOfOverflows
                0x00000000200006a8        0x4 ./Middlewares/Third_Party/FreeRTOS/Source/tasks.o
 .bss.uxTaskNumber
                0x00000000200006ac        0x4 ./Middlewares/Third_Party/FreeRTOS/Source/tasks.o
 .bss.xNextTaskUnblockTime
                0x00000000200006b0        0x4 ./Middlewares/Third_Party/FreeRTOS/Source/tasks.o
 .bss.xIdleTaskHandle
                0x00000000200006b4        0x4 ./Middlewares/Third_Party/FreeRTOS/Source/tasks.o
 .bss.uxSchedulerSuspended
                0x00000000200006b8        0x4 ./Middlewares/Third_Party/FreeRTOS/Source/tasks.o
 .bss.ucMaxSysCallPriority
                0x00000000200006bc        0x1 ./Middlewares/Third_Party/FreeRTOS/Source/portable/GCC/ARM_CM3/port.o
 *fill*         0x00000000200006bd        0x3 
 .bss.ulMaxPRIGROUPValue
                0x00000000200006c0        0x4 ./Middlewares/Third_Party/FreeRTOS/Source/portable/GCC/ARM_CM3/port.o
 .bss.ucHeap    0x00000000200006c4      0xc00 ./Middlewares/Third_Party/FreeRTOS/Source/portable/MemMang/heap_4.o
 .bss.xStart    0x00000000200012c4        0x8 ./Middlewares/Third_Party/FreeRTOS/Source/portable/MemMang/heap_4.o
 .bss.pxEnd     0x00000000200012cc        0x4 ./Middlewares/Third_Party/FreeRTOS/Source/portable/MemMang/heap_4.o
 .bss.xFreeBytesRemaining
                0x00000000200012d0        0x4 ./Middlewares/Third_Party/FreeRTOS/Source/portable/MemMang/heap_4.o
 .bss.xMinimumEverFreeBytesRemaining
                0x00000000200012d4        0x4 ./Middlewares/Third_Party/FreeRTOS/Source/portable/MemMang/heap_4.o
 .bss.xNumberOfSuccessfulAllocations
                0x00000000200012d8        0x4 ./Middlewares/Third_Party/FreeRTOS/Source/portable/MemMang/heap_4.o
 .bss.xNumberOfSuccessfulFrees
                0x00000000200012dc        0x4 ./Middlewares/Third_Party/FreeRTOS/Source/portable/MemMang/heap_4.o
 .bss.xBlockAllocatedBit
                0x00000000200012e0        0x4 ./Middlewares/Third_Party/FreeRTOS/Source/portable/MemMang/heap_4.o
 .bss.__sf      0x00000000200012e4      0x138 D:/STM32/STM32CubeIDE_1.14.0/STM32CubeIDE/plugins/com.st.stm32cube.ide.mcu.externaltools.gnu-tools-for-stm32.11.3.rel1.win32_1.1.100.202309141235/tools/bin/../lib/gcc/arm-none-eabi/11.3.1/../../../../arm-none-eabi/lib/thumb/v7-m/nofp\libc_nano.a(libc_a-findfp.o)
                0x00000000200012e4                __sf
 .bss.__lock___malloc_recursive_mutex
                0x000000002000141c        0x1 D:/STM32/STM32CubeIDE_1.14.0/STM32CubeIDE/plugins/com.st.stm32cube.ide.mcu.externaltools.gnu-tools-for-stm32.11.3.rel1.win32_1.1.100.202309141235/tools/bin/../lib/gcc/arm-none-eabi/11.3.1/../../../../arm-none-eabi/lib/thumb/v7-m/nofp\libc_nano.a(libc_a-lock.o)
                0x000000002000141c                __lock___malloc_recursive_mutex
 *fill*         0x000000002000141d        0x3 
 .bss.__malloc_free_list
                0x0000000020001420        0x4 D:/STM32/STM32CubeIDE_1.14.0/STM32CubeIDE/plugins/com.st.stm32cube.ide.mcu.externaltools.gnu-tools-for-stm32.11.3.rel1.win32_1.1.100.202309141235/tools/bin/../lib/gcc/arm-none-eabi/11.3.1/../../../../arm-none-eabi/lib/thumb/v7-m/nofp\libc_nano.a(libc_a-mallocr.o)
                0x0000000020001420                __malloc_free_list
 *(COMMON)
                0x0000000020001424                . = ALIGN (0x4)
                0x0000000020001424                _ebss = .
                0x0000000020001424                __bss_end__ = _ebss

._user_heap_stack
                0x0000000020001424      0x604 load address 0x00000000080058fc
                0x0000000020001428                . = ALIGN (0x8)
 *fill*         0x0000000020001424        0x4 
                [!provide]                        PROVIDE (end = .)
                0x0000000020001428                PROVIDE (_end = .)
                0x0000000020001628                . = (. + _Min_Heap_Size)
 *fill*         0x0000000020001428      0x200 
                0x0000000020001a28                . = (. + _Min_Stack_Size)
 *fill*         0x0000000020001628      0x400 
                0x0000000020001a28                . = ALIGN (0x8)

/DISCARD/
 libc.a(*)
 libm.a(*)
 libgcc.a(*)

.ARM.attributes
                0x0000000000000000       0x29
 *(.ARM.attributes)
 .ARM.attributes
                0x0000000000000000       0x1d D:/STM32/STM32CubeIDE_1.14.0/STM32CubeIDE/plugins/com.st.stm32cube.ide.mcu.externaltools.gnu-tools-for-stm32.11.3.rel1.win32_1.1.100.202309141235/tools/bin/../lib/gcc/arm-none-eabi/11.3.1/thumb/v7-m/nofp/crti.o
 .ARM.attributes
                0x000000000000001d       0x2d D:/STM32/STM32CubeIDE_1.14.0/STM32CubeIDE/plugins/com.st.stm32cube.ide.mcu.externaltools.gnu-tools-for-stm32.11.3.rel1.win32_1.1.100.202309141235/tools/bin/../lib/gcc/arm-none-eabi/11.3.1/thumb/v7-m/nofp/crtbegin.o
 .ARM.attributes
                0x000000000000004a       0x2d ./Core/Src/adc.o
 .ARM.attributes
                0x0000000000000077       0x2d ./Core/Src/data.o
 .ARM.attributes
                0x00000000000000a4       0x2d ./Core/Src/dma.o
 .ARM.attributes
                0x00000000000000d1       0x2d ./Core/Src/freertos.o
 .ARM.attributes
                0x00000000000000fe       0x2d ./Core/Src/gpio.o
 .ARM.attributes
                0x000000000000012b       0x2d ./Core/Src/i2c.o
 .ARM.attributes
                0x0000000000000158       0x2d ./Core/Src/main.o
 .ARM.attributes
                0x0000000000000185       0x2d ./Core/Src/nrf24L01.o
 .ARM.attributes
                0x00000000000001b2       0x2d ./Core/Src/spi.o
 .ARM.attributes
                0x00000000000001df       0x2d ./Core/Src/stm32f1xx_hal_msp.o
 .ARM.attributes
                0x000000000000020c       0x2d ./Core/Src/stm32f1xx_hal_timebase_tim.o
 .ARM.attributes
                0x0000000000000239       0x2d ./Core/Src/stm32f1xx_it.o
 .ARM.attributes
                0x0000000000000266       0x2d ./Core/Src/system_stm32f1xx.o
 .ARM.attributes
                0x0000000000000293       0x2d ./Core/Src/tim.o
 .ARM.attributes
                0x00000000000002c0       0x21 ./Core/Startup/startup_stm32f103c8tx.o
 .ARM.attributes
                0x00000000000002e1       0x2d ./Drivers/STM32F1xx_HAL_Driver/Src/stm32f1xx_hal.o
 .ARM.attributes
                0x000000000000030e       0x2d ./Drivers/STM32F1xx_HAL_Driver/Src/stm32f1xx_hal_adc.o
 .ARM.attributes
                0x000000000000033b       0x2d ./Drivers/STM32F1xx_HAL_Driver/Src/stm32f1xx_hal_cortex.o
 .ARM.attributes
                0x0000000000000368       0x2d ./Drivers/STM32F1xx_HAL_Driver/Src/stm32f1xx_hal_dma.o
 .ARM.attributes
                0x0000000000000395       0x2d ./Drivers/STM32F1xx_HAL_Driver/Src/stm32f1xx_hal_gpio.o
 .ARM.attributes
                0x00000000000003c2       0x2d ./Drivers/STM32F1xx_HAL_Driver/Src/stm32f1xx_hal_i2c.o
 .ARM.attributes
                0x00000000000003ef       0x2d ./Drivers/STM32F1xx_HAL_Driver/Src/stm32f1xx_hal_rcc.o
 .ARM.attributes
                0x000000000000041c       0x2d ./Drivers/STM32F1xx_HAL_Driver/Src/stm32f1xx_hal_rcc_ex.o
 .ARM.attributes
                0x0000000000000449       0x2d ./Drivers/STM32F1xx_HAL_Driver/Src/stm32f1xx_hal_spi.o
 .ARM.attributes
                0x0000000000000476       0x2d ./Drivers/STM32F1xx_HAL_Driver/Src/stm32f1xx_hal_tim.o
 .ARM.attributes
                0x00000000000004a3       0x2d ./Drivers/STM32F1xx_HAL_Driver/Src/stm32f1xx_hal_tim_ex.o
 .ARM.attributes
                0x00000000000004d0       0x2d ./Middlewares/Third_Party/FreeRTOS/Source/CMSIS_RTOS/cmsis_os.o
 .ARM.attributes
                0x00000000000004fd       0x2d ./Middlewares/Third_Party/FreeRTOS/Source/list.o
 .ARM.attributes
                0x000000000000052a       0x2d ./Middlewares/Third_Party/FreeRTOS/Source/tasks.o
 .ARM.attributes
                0x0000000000000557       0x2d ./Middlewares/Third_Party/FreeRTOS/Source/portable/GCC/ARM_CM3/port.o
 .ARM.attributes
                0x0000000000000584       0x2d ./Middlewares/Third_Party/FreeRTOS/Source/portable/MemMang/heap_4.o
 .ARM.attributes
                0x00000000000005b1       0x2d D:/STM32/STM32CubeIDE_1.14.0/STM32CubeIDE/plugins/com.st.stm32cube.ide.mcu.externaltools.gnu-tools-for-stm32.11.3.rel1.win32_1.1.100.202309141235/tools/bin/../lib/gcc/arm-none-eabi/11.3.1/../../../../arm-none-eabi/lib/thumb/v7-m/nofp\libc_nano.a(libc_a-findfp.o)
 .ARM.attributes
                0x00000000000005de       0x2d D:/STM32/STM32CubeIDE_1.14.0/STM32CubeIDE/plugins/com.st.stm32cube.ide.mcu.externaltools.gnu-tools-for-stm32.11.3.rel1.win32_1.1.100.202309141235/tools/bin/../lib/gcc/arm-none-eabi/11.3.1/../../../../arm-none-eabi/lib/thumb/v7-m/nofp\libc_nano.a(libc_a-memset.o)
 .ARM.attributes
                0x000000000000060b       0x2d D:/STM32/STM32CubeIDE_1.14.0/STM32CubeIDE/plugins/com.st.stm32cube.ide.mcu.externaltools.gnu-tools-for-stm32.11.3.rel1.win32_1.1.100.202309141235/tools/bin/../lib/gcc/arm-none-eabi/11.3.1/../../../../arm-none-eabi/lib/thumb/v7-m/nofp\libc_nano.a(libc_a-reent.o)
 .ARM.attributes
                0x0000000000000638       0x2d D:/STM32/STM32CubeIDE_1.14.0/STM32CubeIDE/plugins/com.st.stm32cube.ide.mcu.externaltools.gnu-tools-for-stm32.11.3.rel1.win32_1.1.100.202309141235/tools/bin/../lib/gcc/arm-none-eabi/11.3.1/../../../../arm-none-eabi/lib/thumb/v7-m/nofp\libc_nano.a(libc_a-impure.o)
 .ARM.attributes
                0x0000000000000665       0x2d D:/STM32/STM32CubeIDE_1.14.0/STM32CubeIDE/plugins/com.st.stm32cube.ide.mcu.externaltools.gnu-tools-for-stm32.11.3.rel1.win32_1.1.100.202309141235/tools/bin/../lib/gcc/arm-none-eabi/11.3.1/../../../../arm-none-eabi/lib/thumb/v7-m/nofp\libc_nano.a(libc_a-init.o)
 .ARM.attributes
                0x0000000000000692       0x2d D:/STM32/STM32CubeIDE_1.14.0/STM32CubeIDE/plugins/com.st.stm32cube.ide.mcu.externaltools.gnu-tools-for-stm32.11.3.rel1.win32_1.1.100.202309141235/tools/bin/../lib/gcc/arm-none-eabi/11.3.1/../../../../arm-none-eabi/lib/thumb/v7-m/nofp\libc_nano.a(libc_a-lock.o)
 .ARM.attributes
                0x00000000000006bf       0x2d D:/STM32/STM32CubeIDE_1.14.0/STM32CubeIDE/plugins/com.st.stm32cube.ide.mcu.externaltools.gnu-tools-for-stm32.11.3.rel1.win32_1.1.100.202309141235/tools/bin/../lib/gcc/arm-none-eabi/11.3.1/../../../../arm-none-eabi/lib/thumb/v7-m/nofp\libc_nano.a(libc_a-freer.o)
 .ARM.attributes
                0x00000000000006ec       0x2d D:/STM32/STM32CubeIDE_1.14.0/STM32CubeIDE/plugins/com.st.stm32cube.ide.mcu.externaltools.gnu-tools-for-stm32.11.3.rel1.win32_1.1.100.202309141235/tools/bin/../lib/gcc/arm-none-eabi/11.3.1/../../../../arm-none-eabi/lib/thumb/v7-m/nofp\libc_nano.a(libc_a-mallocr.o)
 .ARM.attributes
                0x0000000000000719       0x2d D:/STM32/STM32CubeIDE_1.14.0/STM32CubeIDE/plugins/com.st.stm32cube.ide.mcu.externaltools.gnu-tools-for-stm32.11.3.rel1.win32_1.1.100.202309141235/tools/bin/../lib/gcc/arm-none-eabi/11.3.1/../../../../arm-none-eabi/lib/thumb/v7-m/nofp\libc_nano.a(libc_a-mlock.o)
 .ARM.attributes
                0x0000000000000746       0x1d D:/STM32/STM32CubeIDE_1.14.0/STM32CubeIDE/plugins/com.st.stm32cube.ide.mcu.externaltools.gnu-tools-for-stm32.11.3.rel1.win32_1.1.100.202309141235/tools/bin/../lib/gcc/arm-none-eabi/11.3.1/thumb/v7-m/nofp/crtn.o
OUTPUT(Remote.elf elf32-littlearm)
LOAD linker stubs
LOAD D:/STM32/STM32CubeIDE_1.14.0/STM32CubeIDE/plugins/com.st.stm32cube.ide.mcu.externaltools.gnu-tools-for-stm32.11.3.rel1.win32_1.1.100.202309141235/tools/bin/../lib/gcc/arm-none-eabi/11.3.1/../../../../arm-none-eabi/lib/thumb/v7-m/nofp\libc.a
LOAD D:/STM32/STM32CubeIDE_1.14.0/STM32CubeIDE/plugins/com.st.stm32cube.ide.mcu.externaltools.gnu-tools-for-stm32.11.3.rel1.win32_1.1.100.202309141235/tools/bin/../lib/gcc/arm-none-eabi/11.3.1/../../../../arm-none-eabi/lib/thumb/v7-m/nofp\libm.a
LOAD D:/STM32/STM32CubeIDE_1.14.0/STM32CubeIDE/plugins/com.st.stm32cube.ide.mcu.externaltools.gnu-tools-for-stm32.11.3.rel1.win32_1.1.100.202309141235/tools/bin/../lib/gcc/arm-none-eabi/11.3.1/thumb/v7-m/nofp\libgcc.a

.comment        0x0000000000000000       0x43
 .comment       0x0000000000000000       0x43 D:/STM32/STM32CubeIDE_1.14.0/STM32CubeIDE/plugins/com.st.stm32cube.ide.mcu.externaltools.gnu-tools-for-stm32.11.3.rel1.win32_1.1.100.202309141235/tools/bin/../lib/gcc/arm-none-eabi/11.3.1/thumb/v7-m/nofp/crtbegin.o
                                         0x44 (size before relaxing)
 .comment       0x0000000000000043       0x44 ./Core/Src/adc.o
 .comment       0x0000000000000043       0x44 ./Core/Src/data.o
 .comment       0x0000000000000043       0x44 ./Core/Src/dma.o
 .comment       0x0000000000000043       0x44 ./Core/Src/freertos.o
 .comment       0x0000000000000043       0x44 ./Core/Src/gpio.o
 .comment       0x0000000000000043       0x44 ./Core/Src/i2c.o
 .comment       0x0000000000000043       0x44 ./Core/Src/main.o
 .comment       0x0000000000000043       0x44 ./Core/Src/nrf24L01.o
 .comment       0x0000000000000043       0x44 ./Core/Src/spi.o
 .comment       0x0000000000000043       0x44 ./Core/Src/stm32f1xx_hal_msp.o
 .comment       0x0000000000000043       0x44 ./Core/Src/stm32f1xx_hal_timebase_tim.o
 .comment       0x0000000000000043       0x44 ./Core/Src/stm32f1xx_it.o
 .comment       0x0000000000000043       0x44 ./Core/Src/system_stm32f1xx.o
 .comment       0x0000000000000043       0x44 ./Core/Src/tim.o
 .comment       0x0000000000000043       0x44 ./Drivers/STM32F1xx_HAL_Driver/Src/stm32f1xx_hal.o
 .comment       0x0000000000000043       0x44 ./Drivers/STM32F1xx_HAL_Driver/Src/stm32f1xx_hal_adc.o
 .comment       0x0000000000000043       0x44 ./Drivers/STM32F1xx_HAL_Driver/Src/stm32f1xx_hal_cortex.o
 .comment       0x0000000000000043       0x44 ./Drivers/STM32F1xx_HAL_Driver/Src/stm32f1xx_hal_dma.o
 .comment       0x0000000000000043       0x44 ./Drivers/STM32F1xx_HAL_Driver/Src/stm32f1xx_hal_gpio.o
 .comment       0x0000000000000043       0x44 ./Drivers/STM32F1xx_HAL_Driver/Src/stm32f1xx_hal_i2c.o
 .comment       0x0000000000000043       0x44 ./Drivers/STM32F1xx_HAL_Driver/Src/stm32f1xx_hal_rcc.o
 .comment       0x0000000000000043       0x44 ./Drivers/STM32F1xx_HAL_Driver/Src/stm32f1xx_hal_rcc_ex.o
 .comment       0x0000000000000043       0x44 ./Drivers/STM32F1xx_HAL_Driver/Src/stm32f1xx_hal_spi.o
 .comment       0x0000000000000043       0x44 ./Drivers/STM32F1xx_HAL_Driver/Src/stm32f1xx_hal_tim.o
 .comment       0x0000000000000043       0x44 ./Drivers/STM32F1xx_HAL_Driver/Src/stm32f1xx_hal_tim_ex.o
 .comment       0x0000000000000043       0x44 ./Middlewares/Third_Party/FreeRTOS/Source/CMSIS_RTOS/cmsis_os.o
 .comment       0x0000000000000043       0x44 ./Middlewares/Third_Party/FreeRTOS/Source/list.o
 .comment       0x0000000000000043       0x44 ./Middlewares/Third_Party/FreeRTOS/Source/tasks.o
 .comment       0x0000000000000043       0x44 ./Middlewares/Third_Party/FreeRTOS/Source/portable/GCC/ARM_CM3/port.o
 .comment       0x0000000000000043       0x44 ./Middlewares/Third_Party/FreeRTOS/Source/portable/MemMang/heap_4.o

.debug_info     0x0000000000000000    0x16170
 .debug_info    0x0000000000000000      0x7fc ./Core/Src/adc.o
 .debug_info    0x00000000000007fc      0x492 ./Core/Src/data.o
 .debug_info    0x0000000000000c8e      0x2cf ./Core/Src/dma.o
 .debug_info    0x0000000000000f5d      0xcb6 ./Core/Src/freertos.o
 .debug_info    0x0000000000001c13      0x2b7 ./Core/Src/gpio.o
 .debug_info    0x0000000000001eca      0x7e3 ./Core/Src/i2c.o
 .debug_info    0x00000000000026ad      0xbd4 ./Core/Src/main.o
 .debug_info    0x0000000000003281      0x960 ./Core/Src/nrf24L01.o
 .debug_info    0x0000000000003be1      0x7bc ./Core/Src/spi.o
 .debug_info    0x000000000000439d      0x361 ./Core/Src/stm32f1xx_hal_msp.o
 .debug_info    0x00000000000046fe      0x9a8 ./Core/Src/stm32f1xx_hal_timebase_tim.o
 .debug_info    0x00000000000050a6      0x691 ./Core/Src/stm32f1xx_it.o
 .debug_info    0x0000000000005737      0x222 ./Core/Src/system_stm32f1xx.o
 .debug_info    0x0000000000005959      0x82a ./Core/Src/tim.o
 .debug_info    0x0000000000006183       0x23 ./Core/Startup/startup_stm32f103c8tx.o
 .debug_info    0x00000000000061a6      0x704 ./Drivers/STM32F1xx_HAL_Driver/Src/stm32f1xx_hal.o
 .debug_info    0x00000000000068aa      0xc50 ./Drivers/STM32F1xx_HAL_Driver/Src/stm32f1xx_hal_adc.o
 .debug_info    0x00000000000074fa      0xa87 ./Drivers/STM32F1xx_HAL_Driver/Src/stm32f1xx_hal_cortex.o
 .debug_info    0x0000000000007f81      0x6d2 ./Drivers/STM32F1xx_HAL_Driver/Src/stm32f1xx_hal_dma.o
 .debug_info    0x0000000000008653      0x5ab ./Drivers/STM32F1xx_HAL_Driver/Src/stm32f1xx_hal_gpio.o
 .debug_info    0x0000000000008bfe     0x2524 ./Drivers/STM32F1xx_HAL_Driver/Src/stm32f1xx_hal_i2c.o
 .debug_info    0x000000000000b122      0x7d5 ./Drivers/STM32F1xx_HAL_Driver/Src/stm32f1xx_hal_rcc.o
 .debug_info    0x000000000000b8f7      0x3c0 ./Drivers/STM32F1xx_HAL_Driver/Src/stm32f1xx_hal_rcc_ex.o
 .debug_info    0x000000000000bcb7     0x142d ./Drivers/STM32F1xx_HAL_Driver/Src/stm32f1xx_hal_spi.o
 .debug_info    0x000000000000d0e4     0x2959 ./Drivers/STM32F1xx_HAL_Driver/Src/stm32f1xx_hal_tim.o
 .debug_info    0x000000000000fa3d     0x149b ./Drivers/STM32F1xx_HAL_Driver/Src/stm32f1xx_hal_tim_ex.o
 .debug_info    0x0000000000010ed8     0x2211 ./Middlewares/Third_Party/FreeRTOS/Source/CMSIS_RTOS/cmsis_os.o
 .debug_info    0x00000000000130e9      0x2af ./Middlewares/Third_Party/FreeRTOS/Source/list.o
 .debug_info    0x0000000000013398     0x246f ./Middlewares/Third_Party/FreeRTOS/Source/tasks.o
 .debug_info    0x0000000000015807      0x494 ./Middlewares/Third_Party/FreeRTOS/Source/portable/GCC/ARM_CM3/port.o
 .debug_info    0x0000000000015c9b      0x4d5 ./Middlewares/Third_Party/FreeRTOS/Source/portable/MemMang/heap_4.o

.debug_abbrev   0x0000000000000000     0x3f9b
 .debug_abbrev  0x0000000000000000      0x1f2 ./Core/Src/adc.o
 .debug_abbrev  0x00000000000001f2      0x22a ./Core/Src/data.o
 .debug_abbrev  0x000000000000041c       0xfc ./Core/Src/dma.o
 .debug_abbrev  0x0000000000000518      0x27b ./Core/Src/freertos.o
 .debug_abbrev  0x0000000000000793      0x13f ./Core/Src/gpio.o
 .debug_abbrev  0x00000000000008d2      0x1de ./Core/Src/i2c.o
 .debug_abbrev  0x0000000000000ab0      0x24a ./Core/Src/main.o
 .debug_abbrev  0x0000000000000cfa      0x256 ./Core/Src/nrf24L01.o
 .debug_abbrev  0x0000000000000f50      0x1e7 ./Core/Src/spi.o
 .debug_abbrev  0x0000000000001137      0x11c ./Core/Src/stm32f1xx_hal_msp.o
 .debug_abbrev  0x0000000000001253      0x1f3 ./Core/Src/stm32f1xx_hal_timebase_tim.o
 .debug_abbrev  0x0000000000001446      0x181 ./Core/Src/stm32f1xx_it.o
 .debug_abbrev  0x00000000000015c7      0x13f ./Core/Src/system_stm32f1xx.o
 .debug_abbrev  0x0000000000001706      0x1ef ./Core/Src/tim.o
 .debug_abbrev  0x00000000000018f5       0x12 ./Core/Startup/startup_stm32f103c8tx.o
 .debug_abbrev  0x0000000000001907      0x201 ./Drivers/STM32F1xx_HAL_Driver/Src/stm32f1xx_hal.o
 .debug_abbrev  0x0000000000001b08      0x225 ./Drivers/STM32F1xx_HAL_Driver/Src/stm32f1xx_hal_adc.o
 .debug_abbrev  0x0000000000001d2d      0x2f8 ./Drivers/STM32F1xx_HAL_Driver/Src/stm32f1xx_hal_cortex.o
 .debug_abbrev  0x0000000000002025      0x20b ./Drivers/STM32F1xx_HAL_Driver/Src/stm32f1xx_hal_dma.o
 .debug_abbrev  0x0000000000002230      0x1ca ./Drivers/STM32F1xx_HAL_Driver/Src/stm32f1xx_hal_gpio.o
 .debug_abbrev  0x00000000000023fa      0x2a3 ./Drivers/STM32F1xx_HAL_Driver/Src/stm32f1xx_hal_i2c.o
 .debug_abbrev  0x000000000000269d      0x2b3 ./Drivers/STM32F1xx_HAL_Driver/Src/stm32f1xx_hal_rcc.o
 .debug_abbrev  0x0000000000002950      0x188 ./Drivers/STM32F1xx_HAL_Driver/Src/stm32f1xx_hal_rcc_ex.o
 .debug_abbrev  0x0000000000002ad8      0x27a ./Drivers/STM32F1xx_HAL_Driver/Src/stm32f1xx_hal_spi.o
 .debug_abbrev  0x0000000000002d52      0x277 ./Drivers/STM32F1xx_HAL_Driver/Src/stm32f1xx_hal_tim.o
 .debug_abbrev  0x0000000000002fc9      0x282 ./Drivers/STM32F1xx_HAL_Driver/Src/stm32f1xx_hal_tim_ex.o
 .debug_abbrev  0x000000000000324b      0x416 ./Middlewares/Third_Party/FreeRTOS/Source/CMSIS_RTOS/cmsis_os.o
 .debug_abbrev  0x0000000000003661       0xf5 ./Middlewares/Third_Party/FreeRTOS/Source/list.o
 .debug_abbrev  0x0000000000003756      0x3d0 ./Middlewares/Third_Party/FreeRTOS/Source/tasks.o
 .debug_abbrev  0x0000000000003b26      0x258 ./Middlewares/Third_Party/FreeRTOS/Source/portable/GCC/ARM_CM3/port.o
 .debug_abbrev  0x0000000000003d7e      0x21d ./Middlewares/Third_Party/FreeRTOS/Source/portable/MemMang/heap_4.o

.debug_aranges  0x0000000000000000     0x15f0
 .debug_aranges
                0x0000000000000000       0x30 ./Core/Src/adc.o
 .debug_aranges
                0x0000000000000030       0x50 ./Core/Src/data.o
 .debug_aranges
                0x0000000000000080       0x20 ./Core/Src/dma.o
 .debug_aranges
                0x00000000000000a0       0x40 ./Core/Src/freertos.o
 .debug_aranges
                0x00000000000000e0       0x20 ./Core/Src/gpio.o
 .debug_aranges
                0x0000000000000100       0x30 ./Core/Src/i2c.o
 .debug_aranges
                0x0000000000000130       0x38 ./Core/Src/main.o
 .debug_aranges
                0x0000000000000168       0x70 ./Core/Src/nrf24L01.o
 .debug_aranges
                0x00000000000001d8       0x30 ./Core/Src/spi.o
 .debug_aranges
                0x0000000000000208       0x20 ./Core/Src/stm32f1xx_hal_msp.o
 .debug_aranges
                0x0000000000000228       0x30 ./Core/Src/stm32f1xx_hal_timebase_tim.o
 .debug_aranges
                0x0000000000000258       0x58 ./Core/Src/stm32f1xx_it.o
 .debug_aranges
                0x00000000000002b0       0x28 ./Core/Src/system_stm32f1xx.o
 .debug_aranges
                0x00000000000002d8       0x30 ./Core/Src/tim.o
 .debug_aranges
                0x0000000000000308       0x28 ./Core/Startup/startup_stm32f103c8tx.o
 .debug_aranges
                0x0000000000000330       0xe0 ./Drivers/STM32F1xx_HAL_Driver/Src/stm32f1xx_hal.o
 .debug_aranges
                0x0000000000000410       0xf0 ./Drivers/STM32F1xx_HAL_Driver/Src/stm32f1xx_hal_adc.o
 .debug_aranges
                0x0000000000000500      0x100 ./Drivers/STM32F1xx_HAL_Driver/Src/stm32f1xx_hal_cortex.o
 .debug_aranges
                0x0000000000000600       0x80 ./Drivers/STM32F1xx_HAL_Driver/Src/stm32f1xx_hal_dma.o
 .debug_aranges
                0x0000000000000680       0x58 ./Drivers/STM32F1xx_HAL_Driver/Src/stm32f1xx_hal_gpio.o
 .debug_aranges
                0x00000000000006d8      0x2a8 ./Drivers/STM32F1xx_HAL_Driver/Src/stm32f1xx_hal_i2c.o
 .debug_aranges
                0x0000000000000980       0x90 ./Drivers/STM32F1xx_HAL_Driver/Src/stm32f1xx_hal_rcc.o
 .debug_aranges
                0x0000000000000a10       0x30 ./Drivers/STM32F1xx_HAL_Driver/Src/stm32f1xx_hal_rcc_ex.o
 .debug_aranges
                0x0000000000000a40      0x1d0 ./Drivers/STM32F1xx_HAL_Driver/Src/stm32f1xx_hal_spi.o
 .debug_aranges
                0x0000000000000c10      0x3d0 ./Drivers/STM32F1xx_HAL_Driver/Src/stm32f1xx_hal_tim.o
 .debug_aranges
                0x0000000000000fe0      0x168 ./Drivers/STM32F1xx_HAL_Driver/Src/stm32f1xx_hal_tim_ex.o
 .debug_aranges
                0x0000000000001148      0x1d8 ./Middlewares/Third_Party/FreeRTOS/Source/CMSIS_RTOS/cmsis_os.o
 .debug_aranges
                0x0000000000001320       0x40 ./Middlewares/Third_Party/FreeRTOS/Source/list.o
 .debug_aranges
                0x0000000000001360      0x1c0 ./Middlewares/Third_Party/FreeRTOS/Source/tasks.o
 .debug_aranges
                0x0000000000001520       0x78 ./Middlewares/Third_Party/FreeRTOS/Source/portable/GCC/ARM_CM3/port.o
 .debug_aranges
                0x0000000000001598       0x58 ./Middlewares/Third_Party/FreeRTOS/Source/portable/MemMang/heap_4.o

.debug_rnglists
                0x0000000000000000     0x10ef
 .debug_rnglists
                0x0000000000000000       0x21 ./Core/Src/adc.o
 .debug_rnglists
                0x0000000000000021       0x3d ./Core/Src/data.o
 .debug_rnglists
                0x000000000000005e       0x13 ./Core/Src/dma.o
 .debug_rnglists
                0x0000000000000071       0x2c ./Core/Src/freertos.o
 .debug_rnglists
                0x000000000000009d       0x14 ./Core/Src/gpio.o
 .debug_rnglists
                0x00000000000000b1       0x1f ./Core/Src/i2c.o
 .debug_rnglists
                0x00000000000000d0       0x26 ./Core/Src/main.o
 .debug_rnglists
                0x00000000000000f6       0x50 ./Core/Src/nrf24L01.o
 .debug_rnglists
                0x0000000000000146       0x20 ./Core/Src/spi.o
 .debug_rnglists
                0x0000000000000166       0x13 ./Core/Src/stm32f1xx_hal_msp.o
 .debug_rnglists
                0x0000000000000179       0x20 ./Core/Src/stm32f1xx_hal_timebase_tim.o
 .debug_rnglists
                0x0000000000000199       0x3d ./Core/Src/stm32f1xx_it.o
 .debug_rnglists
                0x00000000000001d6       0x1a ./Core/Src/system_stm32f1xx.o
 .debug_rnglists
                0x00000000000001f0       0x20 ./Core/Src/tim.o
 .debug_rnglists
                0x0000000000000210       0x19 ./Core/Startup/startup_stm32f103c8tx.o
 .debug_rnglists
                0x0000000000000229       0xa3 ./Drivers/STM32F1xx_HAL_Driver/Src/stm32f1xx_hal.o
 .debug_rnglists
                0x00000000000002cc       0xbc ./Drivers/STM32F1xx_HAL_Driver/Src/stm32f1xx_hal_adc.o
 .debug_rnglists
                0x0000000000000388       0xbb ./Drivers/STM32F1xx_HAL_Driver/Src/stm32f1xx_hal_cortex.o
 .debug_rnglists
                0x0000000000000443       0x64 ./Drivers/STM32F1xx_HAL_Driver/Src/stm32f1xx_hal_dma.o
 .debug_rnglists
                0x00000000000004a7       0x3f ./Drivers/STM32F1xx_HAL_Driver/Src/stm32f1xx_hal_gpio.o
 .debug_rnglists
                0x00000000000004e6      0x23c ./Drivers/STM32F1xx_HAL_Driver/Src/stm32f1xx_hal_i2c.o
 .debug_rnglists
                0x0000000000000722       0x6c ./Drivers/STM32F1xx_HAL_Driver/Src/stm32f1xx_hal_rcc.o
 .debug_rnglists
                0x000000000000078e       0x21 ./Drivers/STM32F1xx_HAL_Driver/Src/stm32f1xx_hal_rcc_ex.o
 .debug_rnglists
                0x00000000000007af      0x16e ./Drivers/STM32F1xx_HAL_Driver/Src/stm32f1xx_hal_spi.o
 .debug_rnglists
                0x000000000000091d      0x31a ./Drivers/STM32F1xx_HAL_Driver/Src/stm32f1xx_hal_tim.o
 .debug_rnglists
                0x0000000000000c37      0x125 ./Drivers/STM32F1xx_HAL_Driver/Src/stm32f1xx_hal_tim_ex.o
 .debug_rnglists
                0x0000000000000d5c      0x16a ./Middlewares/Third_Party/FreeRTOS/Source/CMSIS_RTOS/cmsis_os.o
 .debug_rnglists
                0x0000000000000ec6       0x2b ./Middlewares/Third_Party/FreeRTOS/Source/list.o
 .debug_rnglists
                0x0000000000000ef1      0x166 ./Middlewares/Third_Party/FreeRTOS/Source/tasks.o
 .debug_rnglists
                0x0000000000001057       0x56 ./Middlewares/Third_Party/FreeRTOS/Source/portable/GCC/ARM_CM3/port.o
 .debug_rnglists
                0x00000000000010ad       0x42 ./Middlewares/Third_Party/FreeRTOS/Source/portable/MemMang/heap_4.o

.debug_macro    0x0000000000000000    0x1ae42
 .debug_macro   0x0000000000000000      0x1da ./Core/Src/adc.o
 .debug_macro   0x00000000000001da      0xa9c ./Core/Src/adc.o
 .debug_macro   0x0000000000000c76      0x22d ./Core/Src/adc.o
 .debug_macro   0x0000000000000ea3       0x2e ./Core/Src/adc.o
 .debug_macro   0x0000000000000ed1       0x22 ./Core/Src/adc.o
 .debug_macro   0x0000000000000ef3       0x22 ./Core/Src/adc.o
 .debug_macro   0x0000000000000f15       0x8e ./Core/Src/adc.o
 .debug_macro   0x0000000000000fa3       0x51 ./Core/Src/adc.o
 .debug_macro   0x0000000000000ff4      0x103 ./Core/Src/adc.o
 .debug_macro   0x00000000000010f7       0x6a ./Core/Src/adc.o
 .debug_macro   0x0000000000001161      0x1df ./Core/Src/adc.o
 .debug_macro   0x0000000000001340       0x1c ./Core/Src/adc.o
 .debug_macro   0x000000000000135c       0x22 ./Core/Src/adc.o
 .debug_macro   0x000000000000137e       0xbd ./Core/Src/adc.o
 .debug_macro   0x000000000000143b      0xd23 ./Core/Src/adc.o
 .debug_macro   0x000000000000215e     0xe09e ./Core/Src/adc.o
 .debug_macro   0x00000000000101fc       0x6d ./Core/Src/adc.o
 .debug_macro   0x0000000000010269     0x34a2 ./Core/Src/adc.o
 .debug_macro   0x000000000001370b      0x174 ./Core/Src/adc.o
 .debug_macro   0x000000000001387f       0x5c ./Core/Src/adc.o
 .debug_macro   0x00000000000138db      0x5bc ./Core/Src/adc.o
 .debug_macro   0x0000000000013e97      0x289 ./Core/Src/adc.o
 .debug_macro   0x0000000000014120      0x1cb ./Core/Src/adc.o
 .debug_macro   0x00000000000142eb      0x114 ./Core/Src/adc.o
 .debug_macro   0x00000000000143ff      0x1b2 ./Core/Src/adc.o
 .debug_macro   0x00000000000145b1       0x27 ./Core/Src/adc.o
 .debug_macro   0x00000000000145d8      0x136 ./Core/Src/adc.o
 .debug_macro   0x000000000001470e      0x1bc ./Core/Src/adc.o
 .debug_macro   0x00000000000148ca       0x34 ./Core/Src/adc.o
 .debug_macro   0x00000000000148fe       0x3c ./Core/Src/adc.o
 .debug_macro   0x000000000001493a       0x57 ./Core/Src/adc.o
 .debug_macro   0x0000000000014991      0x46a ./Core/Src/adc.o
 .debug_macro   0x0000000000014dfb      0x1b5 ./Core/Src/adc.o
 .debug_macro   0x0000000000014fb0       0x87 ./Core/Src/adc.o
 .debug_macro   0x0000000000015037      0x240 ./Core/Src/adc.o
 .debug_macro   0x0000000000015277      0x287 ./Core/Src/adc.o
 .debug_macro   0x00000000000154fe      0x140 ./Core/Src/adc.o
 .debug_macro   0x000000000001563e      0x217 ./Core/Src/adc.o
 .debug_macro   0x0000000000015855      0x8ed ./Core/Src/adc.o
 .debug_macro   0x0000000000016142       0x83 ./Core/Src/adc.o
 .debug_macro   0x00000000000161c5       0x7c ./Core/Src/adc.o
 .debug_macro   0x0000000000016241      0x1e9 ./Core/Src/data.o
 .debug_macro   0x000000000001642a       0x28 ./Core/Src/data.o
 .debug_macro   0x0000000000016452      0x1da ./Core/Src/dma.o
 .debug_macro   0x000000000001662c      0x33d ./Core/Src/freertos.o
 .debug_macro   0x0000000000016969       0xdc ./Core/Src/freertos.o
 .debug_macro   0x0000000000016a45      0x15a ./Core/Src/freertos.o
 .debug_macro   0x0000000000016b9f       0xde ./Core/Src/freertos.o
 .debug_macro   0x0000000000016c7d       0x1c ./Core/Src/freertos.o
 .debug_macro   0x0000000000016c99       0x26 ./Core/Src/freertos.o
 .debug_macro   0x0000000000016cbf       0x10 ./Core/Src/freertos.o
 .debug_macro   0x0000000000016ccf      0x513 ./Core/Src/freertos.o
 .debug_macro   0x00000000000171e2       0xb5 ./Core/Src/freertos.o
 .debug_macro   0x0000000000017297       0xaa ./Core/Src/freertos.o
 .debug_macro   0x0000000000017341       0x91 ./Core/Src/freertos.o
 .debug_macro   0x00000000000173d2       0x8d ./Core/Src/freertos.o
 .debug_macro   0x000000000001745f       0x7e ./Core/Src/freertos.o
 .debug_macro   0x00000000000174dd       0x19 ./Core/Src/freertos.o
 .debug_macro   0x00000000000174f6       0xf2 ./Core/Src/freertos.o
 .debug_macro   0x00000000000175e8      0x10c ./Core/Src/freertos.o
 .debug_macro   0x00000000000176f4      0x1da ./Core/Src/gpio.o
 .debug_macro   0x00000000000178ce      0x1da ./Core/Src/i2c.o
 .debug_macro   0x0000000000017aa8      0x3f4 ./Core/Src/main.o
 .debug_macro   0x0000000000017e9c       0xdc ./Core/Src/main.o
 .debug_macro   0x0000000000017f78       0x1c ./Core/Src/main.o
 .debug_macro   0x0000000000017f94       0x10 ./Core/Src/main.o
 .debug_macro   0x0000000000017fa4       0x1c ./Core/Src/main.o
 .debug_macro   0x0000000000017fc0       0x16 ./Core/Src/main.o
 .debug_macro   0x0000000000017fd6      0x147 ./Core/Src/main.o
 .debug_macro   0x000000000001811d      0x112 ./Core/Src/main.o
 .debug_macro   0x000000000001822f       0x16 ./Core/Src/main.o
 .debug_macro   0x0000000000018245      0x1e9 ./Core/Src/nrf24L01.o
 .debug_macro   0x000000000001842e      0x1da ./Core/Src/spi.o
 .debug_macro   0x0000000000018608      0x1d0 ./Core/Src/stm32f1xx_hal_msp.o
 .debug_macro   0x00000000000187d8      0x1c1 ./Core/Src/stm32f1xx_hal_timebase_tim.o
 .debug_macro   0x0000000000018999      0x1da ./Core/Src/stm32f1xx_it.o
 .debug_macro   0x0000000000018b73      0x1c1 ./Core/Src/system_stm32f1xx.o
 .debug_macro   0x0000000000018d34      0x1da ./Core/Src/tim.o
 .debug_macro   0x0000000000018f0e      0x1e5 ./Drivers/STM32F1xx_HAL_Driver/Src/stm32f1xx_hal.o
 .debug_macro   0x00000000000190f3      0x1de ./Drivers/STM32F1xx_HAL_Driver/Src/stm32f1xx_hal_adc.o
 .debug_macro   0x00000000000192d1      0x1c1 ./Drivers/STM32F1xx_HAL_Driver/Src/stm32f1xx_hal_cortex.o
 .debug_macro   0x0000000000019492      0x1c1 ./Drivers/STM32F1xx_HAL_Driver/Src/stm32f1xx_hal_dma.o
 .debug_macro   0x0000000000019653      0x22c ./Drivers/STM32F1xx_HAL_Driver/Src/stm32f1xx_hal_gpio.o
 .debug_macro   0x000000000001987f      0x20f ./Drivers/STM32F1xx_HAL_Driver/Src/stm32f1xx_hal_i2c.o
 .debug_macro   0x0000000000019a8e      0x1d3 ./Drivers/STM32F1xx_HAL_Driver/Src/stm32f1xx_hal_rcc.o
 .debug_macro   0x0000000000019c61      0x1c1 ./Drivers/STM32F1xx_HAL_Driver/Src/stm32f1xx_hal_rcc_ex.o
 .debug_macro   0x0000000000019e22      0x1c9 ./Drivers/STM32F1xx_HAL_Driver/Src/stm32f1xx_hal_spi.o
 .debug_macro   0x0000000000019feb      0x1c2 ./Drivers/STM32F1xx_HAL_Driver/Src/stm32f1xx_hal_tim.o
 .debug_macro   0x000000000001a1ad      0x1c1 ./Drivers/STM32F1xx_HAL_Driver/Src/stm32f1xx_hal_tim_ex.o
 .debug_macro   0x000000000001a36e      0x210 ./Middlewares/Third_Party/FreeRTOS/Source/CMSIS_RTOS/cmsis_os.o
 .debug_macro   0x000000000001a57e       0x16 ./Middlewares/Third_Party/FreeRTOS/Source/CMSIS_RTOS/cmsis_os.o
 .debug_macro   0x000000000001a594       0xab ./Middlewares/Third_Party/FreeRTOS/Source/CMSIS_RTOS/cmsis_os.o
 .debug_macro   0x000000000001a63f      0x199 ./Middlewares/Third_Party/FreeRTOS/Source/list.o
 .debug_macro   0x000000000001a7d8      0x28b ./Middlewares/Third_Party/FreeRTOS/Source/tasks.o
 .debug_macro   0x000000000001aa63       0x10 ./Middlewares/Third_Party/FreeRTOS/Source/tasks.o
 .debug_macro   0x000000000001aa73      0x20f ./Middlewares/Third_Party/FreeRTOS/Source/portable/GCC/ARM_CM3/port.o
 .debug_macro   0x000000000001ac82      0x1c0 ./Middlewares/Third_Party/FreeRTOS/Source/portable/MemMang/heap_4.o

.debug_line     0x0000000000000000    0x1be4d
 .debug_line    0x0000000000000000      0x817 ./Core/Src/adc.o
 .debug_line    0x0000000000000817      0xb69 ./Core/Src/data.o
 .debug_line    0x0000000000001380      0x753 ./Core/Src/dma.o
 .debug_line    0x0000000000001ad3      0xac5 ./Core/Src/freertos.o
 .debug_line    0x0000000000002598      0x79c ./Core/Src/gpio.o
 .debug_line    0x0000000000002d34      0x7bd ./Core/Src/i2c.o
 .debug_line    0x00000000000034f1      0xb62 ./Core/Src/main.o
 .debug_line    0x0000000000004053      0x965 ./Core/Src/nrf24L01.o
 .debug_line    0x00000000000049b8      0x7cf ./Core/Src/spi.o
 .debug_line    0x0000000000005187      0x75a ./Core/Src/stm32f1xx_hal_msp.o
 .debug_line    0x00000000000058e1      0x7d4 ./Core/Src/stm32f1xx_hal_timebase_tim.o
 .debug_line    0x00000000000060b5      0x80c ./Core/Src/stm32f1xx_it.o
 .debug_line    0x00000000000068c1      0x7d6 ./Core/Src/system_stm32f1xx.o
 .debug_line    0x0000000000007097      0x7c3 ./Core/Src/tim.o
 .debug_line    0x000000000000785a       0x78 ./Core/Startup/startup_stm32f103c8tx.o
 .debug_line    0x00000000000078d2      0xa03 ./Drivers/STM32F1xx_HAL_Driver/Src/stm32f1xx_hal.o
 .debug_line    0x00000000000082d5     0x1080 ./Drivers/STM32F1xx_HAL_Driver/Src/stm32f1xx_hal_adc.o
 .debug_line    0x0000000000009355      0xbeb ./Drivers/STM32F1xx_HAL_Driver/Src/stm32f1xx_hal_cortex.o
 .debug_line    0x0000000000009f40      0xe5c ./Drivers/STM32F1xx_HAL_Driver/Src/stm32f1xx_hal_dma.o
 .debug_line    0x000000000000ad9c      0xa9c ./Drivers/STM32F1xx_HAL_Driver/Src/stm32f1xx_hal_gpio.o
 .debug_line    0x000000000000b838     0x3baa ./Drivers/STM32F1xx_HAL_Driver/Src/stm32f1xx_hal_i2c.o
 .debug_line    0x000000000000f3e2      0xe0c ./Drivers/STM32F1xx_HAL_Driver/Src/stm32f1xx_hal_rcc.o
 .debug_line    0x00000000000101ee      0x947 ./Drivers/STM32F1xx_HAL_Driver/Src/stm32f1xx_hal_rcc_ex.o
 .debug_line    0x0000000000010b35     0x1cfd ./Drivers/STM32F1xx_HAL_Driver/Src/stm32f1xx_hal_spi.o
 .debug_line    0x0000000000012832     0x350a ./Drivers/STM32F1xx_HAL_Driver/Src/stm32f1xx_hal_tim.o
 .debug_line    0x0000000000015d3c     0x1952 ./Drivers/STM32F1xx_HAL_Driver/Src/stm32f1xx_hal_tim_ex.o
 .debug_line    0x000000000001768e     0x129c ./Middlewares/Third_Party/FreeRTOS/Source/CMSIS_RTOS/cmsis_os.o
 .debug_line    0x000000000001892a      0x7af ./Middlewares/Third_Party/FreeRTOS/Source/list.o
 .debug_line    0x00000000000190d9     0x1a8d ./Middlewares/Third_Party/FreeRTOS/Source/tasks.o
 .debug_line    0x000000000001ab66      0x912 ./Middlewares/Third_Party/FreeRTOS/Source/portable/GCC/ARM_CM3/port.o
 .debug_line    0x000000000001b478      0x9d5 ./Middlewares/Third_Party/FreeRTOS/Source/portable/MemMang/heap_4.o

.debug_str      0x0000000000000000    0x9a497
 .debug_str     0x0000000000000000    0x89367 ./Core/Src/adc.o
                                      0x89729 (size before relaxing)
 .debug_str     0x0000000000089367      0x260 ./Core/Src/data.o
                                      0x8950a (size before relaxing)
 .debug_str     0x00000000000895c7      0x2bf ./Core/Src/dma.o
                                      0x895bc (size before relaxing)
 .debug_str     0x0000000000089886     0x85db ./Core/Src/freertos.o
                                      0x918f6 (size before relaxing)
 .debug_str     0x0000000000091e61       0x32 ./Core/Src/gpio.o
                                      0x8935e (size before relaxing)
 .debug_str     0x0000000000091e93      0x29d ./Core/Src/i2c.o
                                      0x89818 (size before relaxing)
 .debug_str     0x0000000000092130     0x216f ./Core/Src/main.o
                                      0x9377b (size before relaxing)
 .debug_str     0x000000000009429f      0x2db ./Core/Src/nrf24L01.o
                                      0x89bed (size before relaxing)
 .debug_str     0x000000000009457a       0x4b ./Core/Src/spi.o
                                      0x8976f (size before relaxing)
 .debug_str     0x00000000000945c5       0x5a ./Core/Src/stm32f1xx_hal_msp.o
                                      0x895da (size before relaxing)
 .debug_str     0x000000000009461f      0x107 ./Core/Src/stm32f1xx_hal_timebase_tim.o
                                      0x89a42 (size before relaxing)
 .debug_str     0x0000000000094726       0xe1 ./Core/Src/stm32f1xx_it.o
                                      0x897eb (size before relaxing)
 .debug_str     0x0000000000094807       0x7e ./Core/Src/system_stm32f1xx.o
                                      0x8917a (size before relaxing)
 .debug_str     0x0000000000094885      0x130 ./Core/Src/tim.o
                                      0x898ec (size before relaxing)
 .debug_str     0x00000000000949b5       0x34 ./Core/Startup/startup_stm32f103c8tx.o
                                         0x5e (size before relaxing)
 .debug_str     0x00000000000949e9      0x336 ./Drivers/STM32F1xx_HAL_Driver/Src/stm32f1xx_hal.o
                                      0x898ad (size before relaxing)
 .debug_str     0x0000000000094d1f      0x38b ./Drivers/STM32F1xx_HAL_Driver/Src/stm32f1xx_hal_adc.o
                                      0x8985e (size before relaxing)
 .debug_str     0x00000000000950aa      0x29f ./Drivers/STM32F1xx_HAL_Driver/Src/stm32f1xx_hal_cortex.o
                                      0x897f9 (size before relaxing)
 .debug_str     0x0000000000095349      0x1e7 ./Drivers/STM32F1xx_HAL_Driver/Src/stm32f1xx_hal_dma.o
                                      0x89523 (size before relaxing)
 .debug_str     0x0000000000095530      0x2d0 ./Drivers/STM32F1xx_HAL_Driver/Src/stm32f1xx_hal_gpio.o
                                      0x89500 (size before relaxing)
 .debug_str     0x0000000000095800      0xb8c ./Drivers/STM32F1xx_HAL_Driver/Src/stm32f1xx_hal_i2c.o
                                      0x8a241 (size before relaxing)
 .debug_str     0x000000000009638c      0x1e8 ./Drivers/STM32F1xx_HAL_Driver/Src/stm32f1xx_hal_rcc.o
                                      0x895a9 (size before relaxing)
 .debug_str     0x0000000000096574       0x84 ./Drivers/STM32F1xx_HAL_Driver/Src/stm32f1xx_hal_rcc_ex.o
                                      0x892f9 (size before relaxing)
 .debug_str     0x00000000000965f8      0x509 ./Drivers/STM32F1xx_HAL_Driver/Src/stm32f1xx_hal_spi.o
                                      0x89aa0 (size before relaxing)
 .debug_str     0x0000000000096b01      0xd95 ./Drivers/STM32F1xx_HAL_Driver/Src/stm32f1xx_hal_tim.o
                                      0x8a5ab (size before relaxing)
 .debug_str     0x0000000000097896      0x493 ./Drivers/STM32F1xx_HAL_Driver/Src/stm32f1xx_hal_tim_ex.o
                                      0x89db7 (size before relaxing)
 .debug_str     0x0000000000097d29      0xa65 ./Middlewares/Third_Party/FreeRTOS/Source/CMSIS_RTOS/cmsis_os.o
                                       0xe871 (size before relaxing)
 .debug_str     0x000000000009878e      0x20f ./Middlewares/Third_Party/FreeRTOS/Source/list.o
                                       0xaa42 (size before relaxing)
 .debug_str     0x000000000009899d     0x115f ./Middlewares/Third_Party/FreeRTOS/Source/tasks.o
                                       0xd13b (size before relaxing)
 .debug_str     0x0000000000099afc      0x66e ./Middlewares/Third_Party/FreeRTOS/Source/portable/GCC/ARM_CM3/port.o
                                       0xa0e1 (size before relaxing)
 .debug_str     0x000000000009a16a      0x32d ./Middlewares/Third_Party/FreeRTOS/Source/portable/MemMang/heap_4.o
                                       0xb384 (size before relaxing)

.debug_frame    0x0000000000000000     0x5c70
 .debug_frame   0x0000000000000000       0x7c ./Core/Src/adc.o
 .debug_frame   0x000000000000007c      0x10c ./Core/Src/data.o
 .debug_frame   0x0000000000000188       0x34 ./Core/Src/dma.o
 .debug_frame   0x00000000000001bc       0xc0 ./Core/Src/freertos.o
 .debug_frame   0x000000000000027c       0x34 ./Core/Src/gpio.o
 .debug_frame   0x00000000000002b0       0x74 ./Core/Src/i2c.o
 .debug_frame   0x0000000000000324       0x8c ./Core/Src/main.o