Archive member included to satisfy reference by file (symbol)

D:/STM32/STM32CubeIDE_1.14.0/STM32CubeIDE/plugins/com.st.stm32cube.ide.mcu.externaltools.gnu-tools-for-stm32.11.3.rel1.win32_1.1.100.202309141235/tools/bin/../lib/gcc/arm-none-eabi/11.3.1/../../../../arm-none-eabi/lib/thumb/v7-m/nofp\libc_nano.a(libc_a-exit.o)
                              D:/STM32/STM32CubeIDE_1.14.0/STM32CubeIDE/plugins/com.st.stm32cube.ide.mcu.externaltools.gnu-tools-for-stm32.11.3.rel1.win32_1.1.100.202309141235/tools/bin/../lib/gcc/arm-none-eabi/11.3.1/../../../../arm-none-eabi/lib/thumb/v7-m/nofp/crt0.o (exit)
D:/STM32/STM32CubeIDE_1.14.0/STM32CubeIDE/plugins/com.st.stm32cube.ide.mcu.externaltools.gnu-tools-for-stm32.11.3.rel1.win32_1.1.100.202309141235/tools/bin/../lib/gcc/arm-none-eabi/11.3.1/../../../../arm-none-eabi/lib/thumb/v7-m/nofp\libc_nano.a(libc_a-findfp.o)
                              ./Middlewares/Third_Party/FreeRTOS/Source/tasks.o (__sf)
D:/STM32/STM32CubeIDE_1.14.0/STM32CubeIDE/plugins/com.st.stm32cube.ide.mcu.externaltools.gnu-tools-for-stm32.11.3.rel1.win32_1.1.100.202309141235/tools/bin/../lib/gcc/arm-none-eabi/11.3.1/../../../../arm-none-eabi/lib/thumb/v7-m/nofp\libc_nano.a(libc_a-fwalk.o)
                              D:/STM32/STM32CubeIDE_1.14.0/STM32CubeIDE/plugins/com.st.stm32cube.ide.mcu.externaltools.gnu-tools-for-stm32.11.3.rel1.win32_1.1.100.202309141235/tools/bin/../lib/gcc/arm-none-eabi/11.3.1/../../../../arm-none-eabi/lib/thumb/v7-m/nofp\libc_nano.a(libc_a-findfp.o) (_fwalk_sglue)
D:/STM32/STM32CubeIDE_1.14.0/STM32CubeIDE/plugins/com.st.stm32cube.ide.mcu.externaltools.gnu-tools-for-stm32.11.3.rel1.win32_1.1.100.202309141235/tools/bin/../lib/gcc/arm-none-eabi/11.3.1/../../../../arm-none-eabi/lib/thumb/v7-m/nofp\libc_nano.a(libc_a-stdio.o)
                              D:/STM32/STM32CubeIDE_1.14.0/STM32CubeIDE/plugins/com.st.stm32cube.ide.mcu.externaltools.gnu-tools-for-stm32.11.3.rel1.win32_1.1.100.202309141235/tools/bin/../lib/gcc/arm-none-eabi/11.3.1/../../../../arm-none-eabi/lib/thumb/v7-m/nofp\libc_nano.a(libc_a-findfp.o) (__sread)
D:/STM32/STM32CubeIDE_1.14.0/STM32CubeIDE/plugins/com.st.stm32cube.ide.mcu.externaltools.gnu-tools-for-stm32.11.3.rel1.win32_1.1.100.202309141235/tools/bin/../lib/gcc/arm-none-eabi/11.3.1/../../../../arm-none-eabi/lib/thumb/v7-m/nofp\libc_nano.a(libc_a-memset.o)
                              D:/STM32/STM32CubeIDE_1.14.0/STM32CubeIDE/plugins/com.st.stm32cube.ide.mcu.externaltools.gnu-tools-for-stm32.11.3.rel1.win32_1.1.100.202309141235/tools/bin/../lib/gcc/arm-none-eabi/11.3.1/../../../../arm-none-eabi/lib/thumb/v7-m/nofp/crt0.o (memset)
D:/STM32/STM32CubeIDE_1.14.0/STM32CubeIDE/plugins/com.st.stm32cube.ide.mcu.externaltools.gnu-tools-for-stm32.11.3.rel1.win32_1.1.100.202309141235/tools/bin/../lib/gcc/arm-none-eabi/11.3.1/../../../../arm-none-eabi/lib/thumb/v7-m/nofp\libc_nano.a(libc_a-closer.o)
                              D:/STM32/STM32CubeIDE_1.14.0/STM32CubeIDE/plugins/com.st.stm32cube.ide.mcu.externaltools.gnu-tools-for-stm32.11.3.rel1.win32_1.1.100.202309141235/tools/bin/../lib/gcc/arm-none-eabi/11.3.1/../../../../arm-none-eabi/lib/thumb/v7-m/nofp\libc_nano.a(libc_a-stdio.o) (_close_r)
D:/STM32/STM32CubeIDE_1.14.0/STM32CubeIDE/plugins/com.st.stm32cube.ide.mcu.externaltools.gnu-tools-for-stm32.11.3.rel1.win32_1.1.100.202309141235/tools/bin/../lib/gcc/arm-none-eabi/11.3.1/../../../../arm-none-eabi/lib/thumb/v7-m/nofp\libc_nano.a(libc_a-reent.o)
                              ./Middlewares/Third_Party/FreeRTOS/Source/tasks.o (_reclaim_reent)
D:/STM32/STM32CubeIDE_1.14.0/STM32CubeIDE/plugins/com.st.stm32cube.ide.mcu.externaltools.gnu-tools-for-stm32.11.3.rel1.win32_1.1.100.202309141235/tools/bin/../lib/gcc/arm-none-eabi/11.3.1/../../../../arm-none-eabi/lib/thumb/v7-m/nofp\libc_nano.a(libc_a-impure.o)
                              ./Middlewares/Third_Party/FreeRTOS/Source/tasks.o (_impure_ptr)
D:/STM32/STM32CubeIDE_1.14.0/STM32CubeIDE/plugins/com.st.stm32cube.ide.mcu.externaltools.gnu-tools-for-stm32.11.3.rel1.win32_1.1.100.202309141235/tools/bin/../lib/gcc/arm-none-eabi/11.3.1/../../../../arm-none-eabi/lib/thumb/v7-m/nofp\libc_nano.a(libc_a-lseekr.o)
                              D:/STM32/STM32CubeIDE_1.14.0/STM32CubeIDE/plugins/com.st.stm32cube.ide.mcu.externaltools.gnu-tools-for-stm32.11.3.rel1.win32_1.1.100.202309141235/tools/bin/../lib/gcc/arm-none-eabi/11.3.1/../../../../arm-none-eabi/lib/thumb/v7-m/nofp\libc_nano.a(libc_a-stdio.o) (_lseek_r)
D:/STM32/STM32CubeIDE_1.14.0/STM32CubeIDE/plugins/com.st.stm32cube.ide.mcu.externaltools.gnu-tools-for-stm32.11.3.rel1.win32_1.1.100.202309141235/tools/bin/../lib/gcc/arm-none-eabi/11.3.1/../../../../arm-none-eabi/lib/thumb/v7-m/nofp\libc_nano.a(libc_a-readr.o)
[...]
Memory Configuration

Name             Origin             Length             Attributes
RAM              0x0000000020000000 0x0000000000005000 xrw
FLASH            0x0000000008000000 0x0000000000010000 xr
*default*        0x0000000000000000 0xffffffffffffffff

Linker script and memory map

LOAD D:/STM32/STM32CubeIDE_1.14.0/STM32CubeIDE/plugins/com.st.stm32cube.ide.mcu.externaltools.gnu-tools-for-stm32.11.3.rel1.win32_1.1.100.202309141235/tools/bin/../lib/gcc/arm-none-eabi/11.3.1/thumb/v7-m/nofp/crti.o
LOAD D:/STM32/STM32CubeIDE_1.14.0/STM32CubeIDE/plugins/com.st.stm32cube.ide.mcu.externaltools.gnu-tools-for-stm32.11.3.rel1.win32_1.1.100.202309141235/tools/bin/../lib/gcc/arm-none-eabi/11.3.1/thumb/v7-m/nofp/crtbegin.o
LOAD D:/STM32/STM32CubeIDE_1.14.0/STM32CubeIDE/plugins/com.st.stm32cube.ide.mcu.externaltools.gnu-tools-for-stm32.11.3.rel1.win32_1.1.100.202309141235/tools/bin/../lib/gcc/arm-none-eabi/11.3.1/../../../../arm-none-eabi/lib/thumb/v7-m/nofp/crt0.o
LOAD ./Core/Src/Fly_Data.o
LOAD ./Core/Src/freertos.o
LOAD ./Core/Src/gpio.o
LOAD ./Core/Src/i2c.o
LOAD ./Core/Src/main.o
LOAD ./Core/Src/motor.o
LOAD ./Core/Src/mpu6050.o
LOAD ./Core/Src/nrf24L01.o
LOAD ./Core/Src/pid.o
LOAD ./Core/Src/spi.o
LOAD ./Core/Src/stm32f1xx_hal_msp.o
LOAD ./Core/Src/stm32f1xx_hal_timebase_tim.o
LOAD ./Core/Src/stm32f1xx_it.o
LOAD ./Core/Src/syscalls.o
LOAD ./Core/Src/sysmem.o
LOAD ./Core/Src/system_stm32f1xx.o
LOAD ./Core/Src/tim.o
LOAD ./Core/Startup/startup_stm32f103c8tx.o
LOAD ./Drivers/STM32F1xx_HAL_Driver/Src/stm32f1xx_hal.o
LOAD ./Drivers/STM32F1xx_HAL_Driver/Src/stm32f1xx_hal_cortex.o
LOAD ./Drivers/STM32F1xx_HAL_Driver/Src/stm32f1xx_hal_dma.o
LOAD ./Drivers/STM32F1xx_HAL_Driver/Src/stm32f1xx_hal_exti.o
LOAD ./Drivers/STM32F1xx_HAL_Driver/Src/stm32f1xx_hal_flash.o
LOAD ./Drivers/STM32F1xx_HAL_Driver/Src/stm32f1xx_hal_flash_ex.o
LOAD ./Drivers/STM32F1xx_HAL_Driver/Src/stm32f1xx_hal_gpio.o
LOAD ./Drivers/STM32F1xx_HAL_Driver/Src/stm32f1xx_hal_gpio_ex.o
LOAD ./Drivers/STM32F1xx_HAL_Driver/Src/stm32f1xx_hal_i2c.o
LOAD ./Drivers/STM32F1xx_HAL_Driver/Src/stm32f1xx_hal_pwr.o
LOAD ./Drivers/STM32F1xx_HAL_Driver/Src/stm32f1xx_hal_rcc.o
LOAD ./Drivers/STM32F1xx_HAL_Driver/Src/stm32f1xx_hal_rcc_ex.o
LOAD ./Drivers/STM32F1xx_HAL_Driver/Src/stm32f1xx_hal_spi.o
LOAD ./Drivers/STM32F1xx_HAL_Driver/Src/stm32f1xx_hal_tim.o
LOAD ./Drivers/STM32F1xx_HAL_Driver/Src/stm32f1xx_hal_tim_ex.o
LOAD ./Middlewares/Third_Party/FreeRTOS/Source/CMSIS_RTOS/cmsis_os.o
LOAD ./Middlewares/Third_Party/FreeRTOS/Source/croutine.o
LOAD ./Middlewares/Third_Party/FreeRTOS/Source/event_groups.o
LOAD ./Middlewares/Third_Party/FreeRTOS/Source/list.o
LOAD ./Middlewares/Third_Party/FreeRTOS/Source/queue.o
LOAD ./Middlewares/Third_Party/FreeRTOS/Source/stream_buffer.o
LOAD ./Middlewares/Third_Party/FreeRTOS/Source/tasks.o
LOAD ./Middlewares/Third_Party/FreeRTOS/Source/timers.o
LOAD ./Middlewares/Third_Party/FreeRTOS/Source/portable/GCC/ARM_CM3/port.o
LOAD ./Middlewares/Third_Party/FreeRTOS/Source/portable/MemMang/heap_4.o
START GROUP
LOAD D:/STM32/STM32CubeIDE_1.14.0/STM32CubeIDE/plugins/com.st.stm32cube.ide.mcu.externaltools.gnu-tools-for-stm32.11.3.rel1.win32_1.1.100.202309141235/tools/bin/../lib/gcc/arm-none-eabi/11.3.1/../../../../arm-none-eabi/lib/thumb/v7-m/nofp\libc_nano.a
LOAD D:/STM32/STM32CubeIDE_1.14.0/STM32CubeIDE/plugins/com.st.stm32cube.ide.mcu.externaltools.gnu-tools-for-stm32.11.3.rel1.win32_1.1.100.202309141235/tools/bin/../lib/gcc/arm-none-eabi/11.3.1/../../../../arm-none-eabi/lib/thumb/v7-m/nofp\libm.a
END GROUP
START GROUP
LOAD D:/STM32/STM32CubeIDE_1.14.0/STM32CubeIDE/plugins/com.st.stm32cube.ide.mcu.externaltools.gnu-tools-for-stm32.11.3.rel1.win32_1.1.100.202309141235/tools/bin/../lib/gcc/arm-none-eabi/11.3.1/thumb/v7-m/nofp\libgcc.a
LOAD D:/STM32/STM32CubeIDE_1.14.0/STM32CubeIDE/plugins/com.st.stm32cube.ide.mcu.externaltools.gnu-tools-for-stm32.11.3.rel1.win32_1.1.100.202309141235/tools/bin/../lib/gcc/arm-none-eabi/11.3.1/../../../../arm-none-eabi/lib/thumb/v7-m/nofp\libc_nano.a
END GROUP
START GROUP
LOAD D:/STM32/STM32CubeIDE_1.14.0/STM32CubeIDE/plugins/com.st.stm32cube.ide.mcu.externaltools.gnu-tools-for-stm32.11.3.rel1.win32_1.1.100.202309141235/tools/bin/../lib/gcc/arm-none-eabi/11.3.1/thumb/v7-m/nofp\libgcc.a
LOAD D:/STM32/STM32CubeIDE_1.14.0/STM32CubeIDE/plugins/com.st.stm32cube.ide.mcu.externaltools.gnu-tools-for-stm32.11.3.rel1.win32_1.1.100.202309141235/tools/bin/../lib/gcc/arm-none-eabi/11.3.1/../../../../arm-none-eabi/lib/thumb/v7-m/nofp\libc_nano.a
LOAD D:/STM32/STM32CubeIDE_1.14.0/STM32CubeIDE/plugins/com.st.stm32cube.ide.mcu.externaltools.gnu-tools-for-stm32.11.3.rel1.win32_1.1.100.202309141235/tools/bin/../lib/gcc/arm-none-eabi/11.3.1/../../../../arm-none-eabi/lib/thumb/v7-m/nofp\libnosys.a
END GROUP
START GROUP
LOAD D:/STM32/STM32CubeIDE_1.14.0/STM32CubeIDE/plugins/com.st.stm32cube.ide.mcu.externaltools.gnu-tools-for-stm32.11.3.rel1.win32_1.1.100.202309141235/tools/bin/../lib/gcc/arm-none-eabi/11.3.1/thumb/v7-m/nofp\libgcc.a
LOAD D:/STM32/STM32CubeIDE_1.14.0/STM32CubeIDE/plugins/com.st.stm32cube.ide.mcu.externaltools.gnu-tools-for-stm32.11.3.rel1.win32_1.1.100.202309141235/tools/bin/../lib/gcc/arm-none-eabi/11.3.1/../../../../arm-none-eabi/lib/thumb/v7-m/nofp\libc_nano.a
LOAD D:/STM32/STM32CubeIDE_1.14.0/STM32CubeIDE/plugins/com.st.stm32cube.ide.mcu.externaltools.gnu-tools-for-stm32.11.3.rel1.win32_1.1.100.202309141235/tools/bin/../lib/gcc/arm-none-eabi/11.3.1/../../../../arm-none-eabi/lib/thumb/v7-m/nofp\libnosys.a
END GROUP
LOAD D:/STM32/STM32CubeIDE_1.14.0/STM32CubeIDE/plugins/com.st.stm32cube.ide.mcu.externaltools.gnu-tools-for-stm32.11.3.rel1.win32_1.1.100.202309141235/tools/bin/../lib/gcc/arm-none-eabi/11.3.1/thumb/v7-m/nofp/crtend.o
LOAD D:/STM32/STM32CubeIDE_1.14.0/STM32CubeIDE/plugins/com.st.stm32cube.ide.mcu.externaltools.gnu-tools-for-stm32.11.3.rel1.win32_1.1.100.202309141235/tools/bin/../lib/gcc/arm-none-eabi/11.3.1/thumb/v7-m/nofp/crtn.o
                0x0000000020005000                _estack = (ORIGIN (RAM) + LENGTH (RAM))
                0x0000000000000200                _Min_Heap_Size = 0x200
                0x0000000000000400                _Min_Stack_Size = 0x400

.isr_vector     0x0000000008000000      0x10c
                0x0000000008000000                . = ALIGN (0x4)
 *(.isr_vector)
 .isr_vector    0x0000000008000000      0x10c ./Core/Startup/startup_stm32f103c8tx.o
                0x0000000008000000                g_pfnVectors
                0x000000000800010c                . = ALIGN (0x4)

.text           0x0000000008000110     0x70fc
                0x0000000008000110                . = ALIGN (0x4)
 *(.text)
 .text          0x0000000008000110       0x40 D:/STM32/STM32CubeIDE_1.14.0/STM32CubeIDE/plugins/com.st.stm32cube.ide.mcu.externaltools.gnu-tools-for-stm32.11.3.rel1.win32_1.1.100.202309141235/tools/bin/../lib/gcc/arm-none-eabi/11.3.1/thumb/v7-m/nofp/crtbegin.o
 .text          0x0000000008000150      0x378 D:/STM32/STM32CubeIDE_1.14.0/STM32CubeIDE/plugins/com.st.stm32cube.ide.mcu.externaltools.gnu-tools-for-stm32.11.3.rel1.win32_1.1.100.202309141235/tools/bin/../lib/gcc/arm-none-eabi/11.3.1/thumb/v7-m/nofp\libgcc.a(_arm_addsubdf3.o)
                0x0000000008000150                __aeabi_drsub
                0x0000000008000158                __aeabi_dsub
                0x0000000008000158                __subdf3
                0x000000000800015c                __aeabi_dadd
                0x000000000800015c                __adddf3
                0x00000000080003d4                __floatunsidf
                0x00000000080003d4                __aeabi_ui2d
                0x00000000080003f4                __floatsidf
                0x00000000080003f4                __aeabi_i2d
                0x0000000008000418                __aeabi_f2d
                0x0000000008000418                __extendsfdf2
                0x000000000800045c                __floatundidf
                0x000000000800045c                __aeabi_ul2d
                0x000000000800046c                __floatdidf
                0x000000000800046c                __aeabi_l2d
 .text          0x00000000080004c8      0x424 D:/STM32/STM32CubeIDE_1.14.0/STM32CubeIDE/plugins/com.st.stm32cube.ide.mcu.externaltools.gnu-tools-for-stm32.11.3.rel1.win32_1.1.100.202309141235/tools/bin/../lib/gcc/arm-none-eabi/11.3.1/thumb/v7-m/nofp\libgcc.a(_arm_muldivdf3.o)
                0x00000000080004c8                __aeabi_dmul
                0x00000000080004c8                __muldf3
                0x000000000800071c                __divdf3
                0x000000000800071c                __aeabi_ddiv
 .text          0x00000000080008ec      0x110 D:/STM32/STM32CubeIDE_1.14.0/STM32CubeIDE/plugins/com.st.stm32cube.ide.mcu.externaltools.gnu-tools-for-stm32.11.3.rel1.win32_1.1.100.202309141235/tools/bin/../lib/gcc/arm-none-eabi/11.3.1/thumb/v7-m/nofp\libgcc.a(_arm_cmpdf2.o)
                0x00000000080008ec                __gtdf2
                0x00000000080008ec                __gedf2
                0x00000000080008f4                __ltdf2
                0x00000000080008f4                __ledf2
                0x00000000080008fc                __nedf2
                0x00000000080008fc                __eqdf2
                0x00000000080008fc                __cmpdf2
                0x0000000008000978                __aeabi_cdrcmple
                0x0000000008000988                __aeabi_cdcmpeq
                0x0000000008000988                __aeabi_cdcmple
                0x0000000008000998                __aeabi_dcmpeq
                0x00000000080009ac                __aeabi_dcmplt
                0x00000000080009c0                __aeabi_dcmple
                0x00000000080009d4                __aeabi_dcmpge
                0x00000000080009e8                __aeabi_dcmpgt
 .text          0x00000000080009fc       0xa0 D:/STM32/STM32CubeIDE_1.14.0/STM32CubeIDE/plugins/com.st.stm32cube.ide.mcu.externaltools.gnu-tools-for-stm32.11.3.rel1.win32_1.1.100.202309141235/tools/bin/../lib/gcc/arm-none-eabi/11.3.1/thumb/v7-m/nofp\libgcc.a(_arm_truncdfsf2.o)
                0x00000000080009fc                __truncdfsf2
                0x00000000080009fc                __aeabi_d2f
 .text          0x0000000008000a9c      0x21c D:/STM32/STM32CubeIDE_1.14.0/STM32CubeIDE/plugins/com.st.stm32cube.ide.mcu.externaltools.gnu-tools-for-stm32.11.3.rel1.win32_1.1.100.202309141235/tools/bin/../lib/gcc/arm-none-eabi/11.3.1/thumb/v7-m/nofp\libgcc.a(_arm_addsubsf3.o)
                0x0000000008000a9c                __aeabi_frsub
                0x0000000008000aa4                __subsf3
                0x0000000008000aa4                __aeabi_fsub
                0x0000000008000aa8                __aeabi_fadd
                0x0000000008000aa8                __addsf3
                0x0000000008000c08                __aeabi_ui2f
                0x0000000008000c08                __floatunsisf
                0x0000000008000c10                __aeabi_i2f
                0x0000000008000c10                __floatsisf
                0x0000000008000c2c                __aeabi_ul2f
                0x0000000008000c2c                __floatundisf
                0x0000000008000c3c                __aeabi_l2f
                0x0000000008000c3c                __floatdisf
 .text          0x0000000008000cb8      0x2a0 D:/STM32/STM32CubeIDE_1.14.0/STM32CubeIDE/plugins/com.st.stm32cube.ide.mcu.externaltools.gnu-tools-for-stm32.11.3.rel1.win32_1.1.100.202309141235/tools/bin/../lib/gcc/arm-none-eabi/11.3.1/thumb/v7-m/nofp\libgcc.a(_arm_muldivsf3.o)
                0x0000000008000cb8                __mulsf3
                0x0000000008000cb8                __aeabi_fmul
                0x0000000008000e20                __aeabi_fdiv
                0x0000000008000e20                __divsf3
 .text          0x0000000008000f58       0x4c D:/STM32/STM32CubeIDE_1.14.0/STM32CubeIDE/plugins/com.st.stm32cube.ide.mcu.externaltools.gnu-tools-for-stm32.11.3.rel1.win32_1.1.100.202309141235/tools/bin/../lib/gcc/arm-none-eabi/11.3.1/thumb/v7-m/nofp\libgcc.a(_arm_fixsfsi.o)
                0x0000000008000f58                __aeabi_f2iz
                0x0000000008000f58                __fixsfsi
 *(.text*)
 .text.DataRead
                0x0000000008000fa4      0x1e0 ./Core/Src/Fly_Data.o
                0x0000000008000fa4                DataRead
 .text.PID_Control
                0x0000000008001184       0xd0 ./Core/Src/Fly_Data.o
                0x0000000008001184                PID_Control
 .text.vApplicationGetIdleTaskMemory
                0x0000000008001254       0x30 ./Core/Src/freertos.o
                0x0000000008001254                vApplicationGetIdleTaskMemory
 .text.MX_FREERTOS_Init
                0x0000000008001284       0x94 ./Core/Src/freertos.o
                0x0000000008001284                MX_FREERTOS_Init
 .text.StartDefaultTask
                0x0000000008001318       0x10 ./Core/Src/freertos.o
                0x0000000008001318                StartDefaultTask
 .text.StartTask_2ms
                0x0000000008001328       0x2a ./Core/Src/freertos.o
                0x0000000008001328                StartTask_2ms
 *fill*         0x0000000008001352        0x2 
 .text.StartTask_4ms
                0x0000000008001354       0x30 ./Core/Src/freertos.o
                0x0000000008001354                StartTask_4ms
 .text.MX_GPIO_Init
                0x0000000008001384       0x80 ./Core/Src/gpio.o
                0x0000000008001384                MX_GPIO_Init
 .text.MX_I2C1_Init
                0x0000000008001404       0x5c ./Core/Src/i2c.o
                0x0000000008001404                MX_I2C1_Init
 .text.HAL_I2C_MspInit
                0x0000000008001460       0x7c ./Core/Src/i2c.o
                0x0000000008001460                HAL_I2C_MspInit
 .text.main     0x00000000080014dc       0x6c ./Core/Src/main.o
                0x00000000080014dc                main
 .text.SystemClock_Config
                0x0000000008001548       0x76 ./Core/Src/main.o
                0x0000000008001548                SystemClock_Config
 *fill*         0x00000000080015be        0x2 
 .text.HAL_TIM_PeriodElapsedCallback
                0x00000000080015c0       0x24 ./Core/Src/main.o
                0x00000000080015c0                HAL_TIM_PeriodElapsedCallback
 .text.Error_Handler
                0x00000000080015e4        0xa ./Core/Src/main.o
                0x00000000080015e4                Error_Handler
 *fill*         0x00000000080015ee        0x2 
 .text.Motor_Control
                0x00000000080015f0      0x2e0 ./Core/Src/motor.o
                0x00000000080015f0                Motor_Control
 .text.MPU6050_Read_Result
                0x00000000080018d0      0x43c ./Core/Src/mpu6050.o
                0x00000000080018d0                MPU6050_Read_Result
 .text.SPIx_ReadWriteByte
                0x0000000008001d0c       0x38 ./Core/Src/nrf24L01.o
                0x0000000008001d0c                SPIx_ReadWriteByte
 .text.NRF24L01_Check
                0x0000000008001d44       0x68 ./Core/Src/nrf24L01.o
                0x0000000008001d44                NRF24L01_Check
 .text.NRF24L01_Write_Reg
                0x0000000008001dac       0x54 ./Core/Src/nrf24L01.o
                0x0000000008001dac                NRF24L01_Write_Reg
 .text.NRF24L01_Read_Reg
                0x0000000008001e00       0x4c ./Core/Src/nrf24L01.o
                0x0000000008001e00                NRF24L01_Read_Reg
 .text.NRF24L01_Read_Buf
                0x0000000008001e4c       0x70 ./Core/Src/nrf24L01.o
                0x0000000008001e4c                NRF24L01_Read_Buf
 .text.NRF24L01_Write_Buf
                0x0000000008001ebc       0x6c ./Core/Src/nrf24L01.o
                0x0000000008001ebc                NRF24L01_Write_Buf
 .text.NRF24L01_RxPacket
                0x0000000008001f28       0x50 ./Core/Src/nrf24L01.o
                0x0000000008001f28                NRF24L01_RxPacket
 .text.NRF24L01_RX_Mode
                0x0000000008001f78       0x68 ./Core/Src/nrf24L01.o
                0x0000000008001f78                NRF24L01_RX_Mode
 .text.PidUpdata
                0x0000000008001fe0       0xb0 ./Core/Src/pid.o
                0x0000000008001fe0                PidUpdata
 .text.CasecadePID
                0x0000000008002090       0x2c ./Core/Src/pid.o
                0x0000000008002090                CasecadePID
 .text.ResetPID
                0x00000000080020bc       0x6c ./Core/Src/pid.o
                0x00000000080020bc                ResetPID
 .text.Pid_Init
                0x0000000008002128       0xb0 ./Core/Src/pid.o
                0x0000000008002128                Pid_Init
 .text.MX_SPI2_Init
                0x00000000080021d8       0x6c ./Core/Src/spi.o
                0x00000000080021d8                MX_SPI2_Init
 .text.HAL_SPI_MspInit
                0x0000000008002244       0x98 ./Core/Src/spi.o
                0x0000000008002244                HAL_SPI_MspInit
 .text.HAL_MspInit
                0x00000000080022dc       0x70 ./Core/Src/stm32f1xx_hal_msp.o
                0x00000000080022dc                HAL_MspInit
 .text.HAL_InitTick
                0x000000000800234c       0xfc ./Core/Src/stm32f1xx_hal_timebase_tim.o
                0x000000000800234c                HAL_InitTick
 .text.NMI_Handler
                0x0000000008002448        0x6 ./Core/Src/stm32f1xx_it.o
                0x0000000008002448                NMI_Handler
 .text.HardFault_Handler
                0x000000000800244e        0x6 ./Core/Src/stm32f1xx_it.o
                0x000000000800244e                HardFault_Handler
 .text.MemManage_Handler
                0x0000000008002454        0x6 ./Core/Src/stm32f1xx_it.o
                0x0000000008002454                MemManage_Handler
 .text.BusFault_Handler
                0x000000000800245a        0x6 ./Core/Src/stm32f1xx_it.o
                0x000000000800245a                BusFault_Handler
 .text.UsageFault_Handler
                0x0000000008002460        0x6 ./Core/Src/stm32f1xx_it.o
                0x0000000008002460                UsageFault_Handler
 .text.DebugMon_Handler
                0x0000000008002466        0xc ./Core/Src/stm32f1xx_it.o
                0x0000000008002466                DebugMon_Handler
 *fill*         0x0000000008002472        0x2 
 .text.TIM4_IRQHandler
                0x0000000008002474       0x14 ./Core/Src/stm32f1xx_it.o
                0x0000000008002474                TIM4_IRQHandler
 .text.SystemInit
                0x0000000008002488        0xc ./Core/Src/system_stm32f1xx.o
                0x0000000008002488                SystemInit
 .text.MX_TIM2_Init
                0x0000000008002494      0x12c ./Core/Src/tim.o
                0x0000000008002494                MX_TIM2_Init
 .text.HAL_TIM_Base_MspInit
                0x00000000080025c0       0x38 ./Core/Src/tim.o
                0x00000000080025c0                HAL_TIM_Base_MspInit
 .text.HAL_TIM_MspPostInit
                0x00000000080025f8       0x60 ./Core/Src/tim.o
                0x00000000080025f8                HAL_TIM_MspPostInit
 .text.Reset_Handler
                0x0000000008002658       0x48 ./Core/Startup/startup_stm32f103c8tx.o
                0x0000000008002658                Reset_Handler
 .text.Default_Handler
                0x00000000080026a0        0x2 ./Core/Startup/startup_stm32f103c8tx.o
                0x00000000080026a0                RTC_Alarm_IRQHandler
                0x00000000080026a0                EXTI2_IRQHandler
                0x00000000080026a0                TIM1_CC_IRQHandler
                0x00000000080026a0                PVD_IRQHandler
                0x00000000080026a0                EXTI3_IRQHandler
                0x00000000080026a0                EXTI0_IRQHandler
                0x00000000080026a0                I2C2_EV_IRQHandler
                0x00000000080026a0                ADC1_2_IRQHandler
                0x00000000080026a0                SPI1_IRQHandler
                0x00000000080026a0                TAMPER_IRQHandler
                0x00000000080026a0                DMA1_Channel4_IRQHandler
                0x00000000080026a0                USART3_IRQHandler
                0x00000000080026a0                RTC_IRQHandler
                0x00000000080026a0                DMA1_Channel7_IRQHandler
                0x00000000080026a0                CAN1_RX1_IRQHandler
                0x00000000080026a0                I2C1_EV_IRQHandler
                0x00000000080026a0                DMA1_Channel6_IRQHandler
                0x00000000080026a0                TIM3_IRQHandler
                0x00000000080026a0                RCC_IRQHandler
                0x00000000080026a0                TIM1_TRG_COM_IRQHandler
                0x00000000080026a0                DMA1_Channel1_IRQHandler
                0x00000000080026a0                Default_Handler
                0x00000000080026a0                EXTI15_10_IRQHandler
                0x00000000080026a0                EXTI9_5_IRQHandler
                0x00000000080026a0                SPI2_IRQHandler
                0x00000000080026a0                DMA1_Channel5_IRQHandler
                0x00000000080026a0                EXTI4_IRQHandler
                0x00000000080026a0                USB_LP_CAN1_RX0_IRQHandler
                0x00000000080026a0                USB_HP_CAN1_TX_IRQHandler
                0x00000000080026a0                DMA1_Channel3_IRQHandler
                0x00000000080026a0                TIM1_UP_IRQHandler
                0x00000000080026a0                WWDG_IRQHandler
                0x00000000080026a0                TIM2_IRQHandler
                0x00000000080026a0                TIM1_BRK_IRQHandler
                0x00000000080026a0                EXTI1_IRQHandler
                0x00000000080026a0                USART2_IRQHandler
                0x00000000080026a0                I2C2_ER_IRQHandler
                0x00000000080026a0                DMA1_Channel2_IRQHandler
                0x00000000080026a0                CAN1_SCE_IRQHandler
                0x00000000080026a0                FLASH_IRQHandler
                0x00000000080026a0                USART1_IRQHandler
                0x00000000080026a0                I2C1_ER_IRQHandler
                0x00000000080026a0                USBWakeUp_IRQHandler
 *fill*         0x00000000080026a2        0x2 
 .text.HAL_Init
                0x00000000080026a4       0x2c ./Drivers/STM32F1xx_HAL_Driver/Src/stm32f1xx_hal.o
                0x00000000080026a4                HAL_Init
 .text.HAL_IncTick
                0x00000000080026d0       0x24 ./Drivers/STM32F1xx_HAL_Driver/Src/stm32f1xx_hal.o
                0x00000000080026d0                HAL_IncTick
 .text.HAL_GetTick
                0x00000000080026f4       0x14 ./Drivers/STM32F1xx_HAL_Driver/Src/stm32f1xx_hal.o
                0x00000000080026f4                HAL_GetTick
 .text.HAL_Delay
                0x0000000008002708       0x48 ./Drivers/STM32F1xx_HAL_Driver/Src/stm32f1xx_hal.o
                0x0000000008002708                HAL_Delay
 .text.__NVIC_SetPriorityGrouping
                0x0000000008002750       0x48 ./Drivers/STM32F1xx_HAL_Driver/Src/stm32f1xx_hal_cortex.o
 .text.__NVIC_GetPriorityGrouping
                0x0000000008002798       0x1c ./Drivers/STM32F1xx_HAL_Driver/Src/stm32f1xx_hal_cortex.o
 .text.__NVIC_EnableIRQ
                0x00000000080027b4       0x38 ./Drivers/STM32F1xx_HAL_Driver/Src/stm32f1xx_hal_cortex.o
 .text.__NVIC_SetPriority
                0x00000000080027ec       0x54 ./Drivers/STM32F1xx_HAL_Driver/Src/stm32f1xx_hal_cortex.o
 .text.NVIC_EncodePriority
                0x0000000008002840       0x64 ./Drivers/STM32F1xx_HAL_Driver/Src/stm32f1xx_hal_cortex.o
 .text.HAL_NVIC_SetPriorityGrouping
                0x00000000080028a4       0x16 ./Drivers/STM32F1xx_HAL_Driver/Src/stm32f1xx_hal_cortex.o
                0x00000000080028a4                HAL_NVIC_SetPriorityGrouping
 .text.HAL_NVIC_SetPriority
                0x00000000080028ba       0x38 ./Drivers/STM32F1xx_HAL_Driver/Src/stm32f1xx_hal_cortex.o
                0x00000000080028ba                HAL_NVIC_SetPriority
 .text.HAL_NVIC_EnableIRQ
                0x00000000080028f2       0x1c ./Drivers/STM32F1xx_HAL_Driver/Src/stm32f1xx_hal_cortex.o
                0x00000000080028f2                HAL_NVIC_EnableIRQ
 *fill*         0x000000000800290e        0x2 
 .text.HAL_GPIO_Init
                0x0000000008002910      0x308 ./Drivers/STM32F1xx_HAL_Driver/Src/stm32f1xx_hal_gpio.o
                0x0000000008002910                HAL_GPIO_Init
 .text.HAL_GPIO_WritePin
                0x0000000008002c18       0x30 ./Drivers/STM32F1xx_HAL_Driver/Src/stm32f1xx_hal_gpio.o
                0x0000000008002c18                HAL_GPIO_WritePin
 .text.HAL_I2C_Init
                0x0000000008002c48      0x288 ./Drivers/STM32F1xx_HAL_Driver/Src/stm32f1xx_hal_i2c.o
                0x0000000008002c48                HAL_I2C_Init
 .text.HAL_I2C_Mem_Read
                0x0000000008002ed0      0x4e8 ./Drivers/STM32F1xx_HAL_Driver/Src/stm32f1xx_hal_i2c.o
                0x0000000008002ed0                HAL_I2C_Mem_Read
 .text.I2C_RequestMemoryRead
                0x00000000080033b8      0x1d0 ./Drivers/STM32F1xx_HAL_Driver/Src/stm32f1xx_hal_i2c.o
 .text.I2C_WaitOnFlagUntilTimeout
                0x0000000008003588       0xf4 ./Drivers/STM32F1xx_HAL_Driver/Src/stm32f1xx_hal_i2c.o
 .text.I2C_WaitOnMasterAddressFlagUntilTimeout
                0x000000000800367c      0x140 ./Drivers/STM32F1xx_HAL_Driver/Src/stm32f1xx_hal_i2c.o
 .text.I2C_WaitOnTXEFlagUntilTimeout
                0x00000000080037bc       0x90 ./Drivers/STM32F1xx_HAL_Driver/Src/stm32f1xx_hal_i2c.o
 .text.I2C_WaitOnRXNEFlagUntilTimeout
                0x000000000800384c       0xba ./Drivers/STM32F1xx_HAL_Driver/Src/stm32f1xx_hal_i2c.o
 .text.I2C_IsAcknowledgeFailed
                0x0000000008003906       0x5c ./Drivers/STM32F1xx_HAL_Driver/Src/stm32f1xx_hal_i2c.o
 *fill*         0x0000000008003962        0x2 
 .text.HAL_RCC_OscConfig
                0x0000000008003964      0x504 ./Drivers/STM32F1xx_HAL_Driver/Src/stm32f1xx_hal_rcc.o
                0x0000000008003964                HAL_RCC_OscConfig
 .text.HAL_RCC_ClockConfig
                0x0000000008003e68      0x1d4 ./Drivers/STM32F1xx_HAL_Driver/Src/stm32f1xx_hal_rcc.o
                0x0000000008003e68                HAL_RCC_ClockConfig
 .text.HAL_RCC_GetSysClockFreq
                0x000000000800403c       0xa8 ./Drivers/STM32F1xx_HAL_Driver/Src/stm32f1xx_hal_rcc.o
                0x000000000800403c                HAL_RCC_GetSysClockFreq
 .text.HAL_RCC_GetHCLKFreq
                0x00000000080040e4       0x14 ./Drivers/STM32F1xx_HAL_Driver/Src/stm32f1xx_hal_rcc.o
                0x00000000080040e4                HAL_RCC_GetHCLKFreq
 .text.HAL_RCC_GetPCLK1Freq
                0x00000000080040f8       0x28 ./Drivers/STM32F1xx_HAL_Driver/Src/stm32f1xx_hal_rcc.o
                0x00000000080040f8                HAL_RCC_GetPCLK1Freq
 .text.HAL_RCC_GetClockConfig
                0x0000000008004120       0x60 ./Drivers/STM32F1xx_HAL_Driver/Src/stm32f1xx_hal_rcc.o
                0x0000000008004120                HAL_RCC_GetClockConfig
 .text.RCC_Delay
                0x0000000008004180       0x3c ./Drivers/STM32F1xx_HAL_Driver/Src/stm32f1xx_hal_rcc.o
 .text.HAL_SPI_Init
                0x00000000080041bc      0x108 ./Drivers/STM32F1xx_HAL_Driver/Src/stm32f1xx_hal_spi.o
                0x00000000080041bc                HAL_SPI_Init
 .text.HAL_SPI_TransmitReceive
                0x00000000080042c4      0x352 ./Drivers/STM32F1xx_HAL_Driver/Src/stm32f1xx_hal_spi.o
                0x00000000080042c4                HAL_SPI_TransmitReceive
 *fill*         0x0000000008004616        0x2 
 .text.SPI_WaitFlagStateUntilTimeout
                0x0000000008004618      0x110 ./Drivers/STM32F1xx_HAL_Driver/Src/stm32f1xx_hal_spi.o
 .text.SPI_EndRxTxTransaction
                0x0000000008004728       0x62 ./Drivers/STM32F1xx_HAL_Driver/Src/stm32f1xx_hal_spi.o
 .text.HAL_TIM_Base_Init
                0x000000000800478a       0x9e ./Drivers/STM32F1xx_HAL_Driver/Src/stm32f1xx_hal_tim.o
                0x000000000800478a                HAL_TIM_Base_Init
 .text.HAL_TIM_Base_Start_IT
                0x0000000008004828       0xa4 ./Drivers/STM32F1xx_HAL_Driver/Src/stm32f1xx_hal_tim.o
                0x0000000008004828                HAL_TIM_Base_Start_IT
 .text.HAL_TIM_PWM_Init
                0x00000000080048cc       0x9e ./Drivers/STM32F1xx_HAL_Driver/Src/stm32f1xx_hal_tim.o
                0x00000000080048cc                HAL_TIM_PWM_Init
 .text.HAL_TIM_PWM_MspInit
                0x000000000800496a       0x12 ./Drivers/STM32F1xx_HAL_Driver/Src/stm32f1xx_hal_tim.o
                0x000000000800496a                HAL_TIM_PWM_MspInit
 .text.HAL_TIM_PWM_Start
                0x000000000800497c      0x144 ./Drivers/STM32F1xx_HAL_Driver/Src/stm32f1xx_hal_tim.o
                0x000000000800497c                HAL_TIM_PWM_Start
 .text.HAL_TIM_IRQHandler
                0x0000000008004ac0      0x1e0 ./Drivers/STM32F1xx_HAL_Driver/Src/stm32f1xx_hal_tim.o
                0x0000000008004ac0                HAL_TIM_IRQHandler
 .text.HAL_TIM_PWM_ConfigChannel
                0x0000000008004ca0      0x184 ./Drivers/STM32F1xx_HAL_Driver/Src/stm32f1xx_hal_tim.o
                0x0000000008004ca0                HAL_TIM_PWM_ConfigChannel
 .text.HAL_TIM_ConfigClockSource
                0x0000000008004e24      0x18e ./Drivers/STM32F1xx_HAL_Driver/Src/stm32f1xx_hal_tim.o
                0x0000000008004e24                HAL_TIM_ConfigClockSource
 .text.HAL_TIM_OC_DelayElapsedCallback
                0x0000000008004fb2       0x12 ./Drivers/STM32F1xx_HAL_Driver/Src/stm32f1xx_hal_tim.o
                0x0000000008004fb2                HAL_TIM_OC_DelayElapsedCallback
 .text.HAL_TIM_IC_CaptureCallback
                0x0000000008004fc4       0x12 ./Drivers/STM32F1xx_HAL_Driver/Src/stm32f1xx_hal_tim.o
                0x0000000008004fc4                HAL_TIM_IC_CaptureCallback
 .text.HAL_TIM_PWM_PulseFinishedCallback
                0x0000000008004fd6       0x12 ./Drivers/STM32F1xx_HAL_Driver/Src/stm32f1xx_hal_tim.o
                0x0000000008004fd6                HAL_TIM_PWM_PulseFinishedCallback
 .text.HAL_TIM_TriggerCallback
                0x0000000008004fe8       0x12 ./Drivers/STM32F1xx_HAL_Driver/Src/stm32f1xx_hal_tim.o
                0x0000000008004fe8                HAL_TIM_TriggerCallback
 *fill*         0x0000000008004ffa        0x2 
 .text.TIM_Base_SetConfig
                0x0000000008004ffc       0xdc ./Drivers/STM32F1xx_HAL_Driver/Src/stm32f1xx_hal_tim.o
                0x0000000008004ffc                TIM_Base_SetConfig
 .text.TIM_OC1_SetConfig
                0x00000000080050d8       0xcc ./Drivers/STM32F1xx_HAL_Driver/Src/stm32f1xx_hal_tim.o
 .text.TIM_OC2_SetConfig
                0x00000000080051a4       0xd4 ./Drivers/STM32F1xx_HAL_Driver/Src/stm32f1xx_hal_tim.o
                0x00000000080051a4                TIM_OC2_SetConfig
 .text.TIM_OC3_SetConfig
                0x0000000008005278       0xd4 ./Drivers/STM32F1xx_HAL_Driver/Src/stm32f1xx_hal_tim.o
 .text.TIM_OC4_SetConfig
                0x000000000800534c       0x9c ./Drivers/STM32F1xx_HAL_Driver/Src/stm32f1xx_hal_tim.o
 .text.TIM_TI1_ConfigInputStage
                0x00000000080053e8       0x5c ./Drivers/STM32F1xx_HAL_Driver/Src/stm32f1xx_hal_tim.o
 .text.TIM_TI2_ConfigInputStage
                0x0000000008005444       0x5e ./Drivers/STM32F1xx_HAL_Driver/Src/stm32f1xx_hal_tim.o
 .text.TIM_ITRx_SetConfig
                0x00000000080054a2       0x34 ./Drivers/STM32F1xx_HAL_Driver/Src/stm32f1xx_hal_tim.o
 .text.TIM_ETR_SetConfig
                0x00000000080054d6       0x3e ./Drivers/STM32F1xx_HAL_Driver/Src/stm32f1xx_hal_tim.o
                0x00000000080054d6                TIM_ETR_SetConfig
 .text.TIM_CCxChannelCmd
                0x0000000008005514       0x48 ./Drivers/STM32F1xx_HAL_Driver/Src/stm32f1xx_hal_tim.o
                0x0000000008005514                TIM_CCxChannelCmd
 .text.HAL_TIMEx_MasterConfigSynchronization
                0x000000000800555c       0xbc ./Drivers/STM32F1xx_HAL_Driver/Src/stm32f1xx_hal_tim_ex.o
                0x000000000800555c                HAL_TIMEx_MasterConfigSynchronization
 .text.HAL_TIMEx_CommutCallback
                0x0000000008005618       0x12 ./Drivers/STM32F1xx_HAL_Driver/Src/stm32f1xx_hal_tim_ex.o
                0x0000000008005618                HAL_TIMEx_CommutCallback
 .text.HAL_TIMEx_BreakCallback
                0x000000000800562a       0x12 ./Drivers/STM32F1xx_HAL_Driver/Src/stm32f1xx_hal_tim_ex.o
                0x000000000800562a                HAL_TIMEx_BreakCallback
 .text.makeFreeRtosPriority
                0x000000000800563c       0x2e ./Middlewares/Third_Party/FreeRTOS/Source/CMSIS_RTOS/cmsis_os.o
 .text.osKernelStart
                0x000000000800566a        0xe ./Middlewares/Third_Party/FreeRTOS/Source/CMSIS_RTOS/cmsis_os.o
                0x000000000800566a                osKernelStart
 .text.osThreadCreate
                0x0000000008005678       0x98 ./Middlewares/Third_Party/FreeRTOS/Source/CMSIS_RTOS/cmsis_os.o
                0x0000000008005678                osThreadCreate
 .text.osDelay  0x0000000008005710       0x28 ./Middlewares/Third_Party/FreeRTOS/Source/CMSIS_RTOS/cmsis_os.o
                0x0000000008005710                osDelay
 .text.vListInitialise
                0x0000000008005738       0x3e ./Middlewares/Third_Party/FreeRTOS/Source/list.o
                0x0000000008005738                vListInitialise
 .text.vListInitialiseItem
                0x0000000008005776       0x18 ./Middlewares/Third_Party/FreeRTOS/Source/list.o
                0x0000000008005776                vListInitialiseItem
 .text.vListInsertEnd
                0x000000000800578e       0x46 ./Middlewares/Third_Party/FreeRTOS/Source/list.o
                0x000000000800578e                vListInsertEnd
 .text.vListInsert
                0x00000000080057d4       0x70 ./Middlewares/Third_Party/FreeRTOS/Source/list.o
                0x00000000080057d4                vListInsert
 .text.uxListRemove
                0x0000000008005844       0x52 ./Middlewares/Third_Party/FreeRTOS/Source/list.o
                0x0000000008005844                uxListRemove
 .text.xTaskCreateStatic
                0x0000000008005896       0xba ./Middlewares/Third_Party/FreeRTOS/Source/tasks.o
                0x0000000008005896                xTaskCreateStatic
 .text.xTaskCreate
                0x0000000008005950       0x8a ./Middlewares/Third_Party/FreeRTOS/Source/tasks.o
                0x0000000008005950                xTaskCreate
 *fill*         0x00000000080059da        0x2 
 .text.prvInitialiseNewTask
                0x00000000080059dc      0x13c ./Middlewares/Third_Party/FreeRTOS/Source/tasks.o
 .text.prvAddNewTaskToReadyList
                0x0000000008005b18       0xd4 ./Middlewares/Third_Party/FreeRTOS/Source/tasks.o
 .text.vTaskDelayUntil
                0x0000000008005bec       0xfc ./Middlewares/Third_Party/FreeRTOS/Source/tasks.o
                0x0000000008005bec                vTaskDelayUntil
 .text.vTaskDelay
                0x0000000008005ce8       0x68 ./Middlewares/Third_Party/FreeRTOS/Source/tasks.o
                0x0000000008005ce8                vTaskDelay
 .text.vTaskStartScheduler
                0x0000000008005d50       0xd4 ./Middlewares/Third_Party/FreeRTOS/Source/tasks.o
                0x0000000008005d50                vTaskStartScheduler
 .text.vTaskSuspendAll
                0x0000000008005e24       0x1c ./Middlewares/Third_Party/FreeRTOS/Source/tasks.o
                0x0000000008005e24                vTaskSuspendAll
 .text.xTaskResumeAll
                0x0000000008005e40      0x138 ./Middlewares/Third_Party/FreeRTOS/Source/tasks.o
                0x0000000008005e40                xTaskResumeAll
 .text.xTaskGetTickCount
                0x0000000008005f78       0x1c ./Middlewares/Third_Party/FreeRTOS/Source/tasks.o
                0x0000000008005f78                xTaskGetTickCount
 .text.xTaskIncrementTick
                0x0000000008005f94      0x170 ./Middlewares/Third_Party/FreeRTOS/Source/tasks.o
                0x0000000008005f94                xTaskIncrementTick
 .text.vTaskSwitchContext
                0x0000000008006104       0xc4 ./Middlewares/Third_Party/FreeRTOS/Source/tasks.o
                0x0000000008006104                vTaskSwitchContext
 .text.prvIdleTask
                0x00000000080061c8       0x30 ./Middlewares/Third_Party/FreeRTOS/Source/tasks.o
 .text.prvInitialiseTaskLists
                0x00000000080061f8       0x80 ./Middlewares/Third_Party/FreeRTOS/Source/tasks.o
 .text.prvCheckTasksWaitingTermination
                0x0000000008006278       0x5c ./Middlewares/Third_Party/FreeRTOS/Source/tasks.o
 .text.prvDeleteTCB
                0x00000000080062d4       0x68 ./Middlewares/Third_Party/FreeRTOS/Source/tasks.o
 .text.prvResetNextTaskUnblockTime
                0x000000000800633c       0x40 ./Middlewares/Third_Party/FreeRTOS/Source/tasks.o
 .text.prvAddCurrentTaskToDelayedList
                0x000000000800637c       0xcc ./Middlewares/Third_Party/FreeRTOS/Source/tasks.o
 .text.pxPortInitialiseStack
                0x0000000008006448       0x58 ./Middlewares/Third_Party/FreeRTOS/Source/portable/GCC/ARM_CM3/port.o
                0x0000000008006448                pxPortInitialiseStack
 .text.prvTaskExitError
                0x00000000080064a0       0x58 ./Middlewares/Third_Party/FreeRTOS/Source/portable/GCC/ARM_CM3/port.o
 *fill*         0x00000000080064f8        0x8 
 .text.SVC_Handler
                0x0000000008006500       0x28 ./Middlewares/Third_Party/FreeRTOS/Source/portable/GCC/ARM_CM3/port.o
                0x0000000008006500                SVC_Handler
 .text.prvPortStartFirstTask
                0x0000000008006528       0x20 ./Middlewares/Third_Party/FreeRTOS/Source/portable/GCC/ARM_CM3/port.o
 .text.xPortStartScheduler
                0x0000000008006548       0xe4 ./Middlewares/Third_Party/FreeRTOS/Source/portable/GCC/ARM_CM3/port.o
                0x0000000008006548                xPortStartScheduler
 .text.vPortEnterCritical
                0x000000000800662c       0x60 ./Middlewares/Third_Party/FreeRTOS/Source/portable/GCC/ARM_CM3/port.o
                0x000000000800662c                vPortEnterCritical
 .text.vPortExitCritical
                0x000000000800668c       0x50 ./Middlewares/Third_Party/FreeRTOS/Source/portable/GCC/ARM_CM3/port.o
                0x000000000800668c                vPortExitCritical
 *fill*         0x00000000080066dc        0x4 
 .text.PendSV_Handler
                0x00000000080066e0       0x48 ./Middlewares/Third_Party/FreeRTOS/Source/portable/GCC/ARM_CM3/port.o
                0x00000000080066e0                PendSV_Handler
 .text.SysTick_Handler
                0x0000000008006728       0x44 ./Middlewares/Third_Party/FreeRTOS/Source/portable/GCC/ARM_CM3/port.o
                0x0000000008006728                SysTick_Handler
 .text.vPortSetupTimerInterrupt
                0x000000000800676c       0x44 ./Middlewares/Third_Party/FreeRTOS/Source/portable/GCC/ARM_CM3/port.o
                0x000000000800676c                vPortSetupTimerInterrupt
 .text.pvPortMalloc
                0x00000000080067b0      0x198 ./Middlewares/Third_Party/FreeRTOS/Source/portable/MemMang/heap_4.o
                0x00000000080067b0                pvPortMalloc
 .text.vPortFree
                0x0000000008006948       0xc4 ./Middlewares/Third_Party/FreeRTOS/Source/portable/MemMang/heap_4.o
                0x0000000008006948                vPortFree
 .text.prvHeapInit
                0x0000000008006a0c       0xc4 ./Middlewares/Third_Party/FreeRTOS/Source/portable/MemMang/heap_4.o
 .text.prvInsertBlockIntoFreeList
                0x0000000008006ad0       0xb0 ./Middlewares/Third_Party/FreeRTOS/Source/portable/MemMang/heap_4.o
 .text.memset   0x0000000008006b80       0x10 D:/STM32/STM32CubeIDE_1.14.0/STM32CubeIDE/plugins/com.st.stm32cube.ide.mcu.externaltools.gnu-tools-for-stm32.11.3.rel1.win32_1.1.100.202309141235/tools/bin/../lib/gcc/arm-none-eabi/11.3.1/../../../../arm-none-eabi/lib/thumb/v7-m/nofp\libc_nano.a(libc_a-memset.o)
                0x0000000008006b80                memset
 .text._reclaim_reent
                0x0000000008006b90       0xac D:/STM32/STM32CubeIDE_1.14.0/STM32CubeIDE/plugins/com.st.stm32cube.ide.mcu.externaltools.gnu-tools-for-stm32.11.3.rel1.win32_1.1.100.202309141235/tools/bin/../lib/gcc/arm-none-eabi/11.3.1/../../../../arm-none-eabi/lib/thumb/v7-m/nofp\libc_nano.a(libc_a-reent.o)
                0x0000000008006b90                _reclaim_reent
 .text.__libc_init_array
                0x0000000008006c3c       0x48 D:/STM32/STM32CubeIDE_1.14.0/STM32CubeIDE/plugins/com.st.stm32cube.ide.mcu.externaltools.gnu-tools-for-stm32.11.3.rel1.win32_1.1.100.202309141235/tools/bin/../lib/gcc/arm-none-eabi/11.3.1/../../../../arm-none-eabi/lib/thumb/v7-m/nofp\libc_nano.a(libc_a-init.o)
                0x0000000008006c3c                __libc_init_array
 .text.__retarget_lock_acquire_recursive
                0x0000000008006c84        0x2 D:/STM32/STM32CubeIDE_1.14.0/STM32CubeIDE/plugins/com.st.stm32cube.ide.mcu.externaltools.gnu-tools-for-stm32.11.3.rel1.win32_1.1.100.202309141235/tools/bin/../lib/gcc/arm-none-eabi/11.3.1/../../../../arm-none-eabi/lib/thumb/v7-m/nofp\libc_nano.a(libc_a-lock.o)
                0x0000000008006c84                __retarget_lock_acquire_recursive
 .text.__retarget_lock_release_recursive
                0x0000000008006c86        0x2 D:/STM32/STM32CubeIDE_1.14.0/STM32CubeIDE/plugins/com.st.stm32cube.ide.mcu.externaltools.gnu-tools-for-stm32.11.3.rel1.win32_1.1.100.202309141235/tools/bin/../lib/gcc/arm-none-eabi/11.3.1/../../../../arm-none-eabi/lib/thumb/v7-m/nofp\libc_nano.a(libc_a-lock.o)
                0x0000000008006c86                __retarget_lock_release_recursive
 .text._free_r  0x0000000008006c88       0x90 D:/STM32/STM32CubeIDE_1.14.0/STM32CubeIDE/plugins/com.st.stm32cube.ide.mcu.externaltools.gnu-tools-for-stm32.11.3.rel1.win32_1.1.100.202309141235/tools/bin/../lib/gcc/arm-none-eabi/11.3.1/../../../../arm-none-eabi/lib/thumb/v7-m/nofp\libc_nano.a(libc_a-freer.o)
                0x0000000008006c88                _free_r
 .text.__malloc_lock
                0x0000000008006d18        0xc D:/STM32/STM32CubeIDE_1.14.0/STM32CubeIDE/plugins/com.st.stm32cube.ide.mcu.externaltools.gnu-tools-for-stm32.11.3.rel1.win32_1.1.100.202309141235/tools/bin/../lib/gcc/arm-none-eabi/11.3.1/../../../../arm-none-eabi/lib/thumb/v7-m/nofp\libc_nano.a(libc_a-mlock.o)
                0x0000000008006d18                __malloc_lock
 .text.__malloc_unlock
                0x0000000008006d24        0xc D:/STM32/STM32CubeIDE_1.14.0/STM32CubeIDE/plugins/com.st.stm32cube.ide.mcu.externaltools.gnu-tools-for-stm32.11.3.rel1.win32_1.1.100.202309141235/tools/bin/../lib/gcc/arm-none-eabi/11.3.1/../../../../arm-none-eabi/lib/thumb/v7-m/nofp\libc_nano.a(libc_a-mlock.o)
                0x0000000008006d24                __malloc_unlock
 .text.atan2    0x0000000008006d30        0x4 D:/STM32/STM32CubeIDE_1.14.0/STM32CubeIDE/plugins/com.st.stm32cube.ide.mcu.externaltools.gnu-tools-for-stm32.11.3.rel1.win32_1.1.100.202309141235/tools/bin/../lib/gcc/arm-none-eabi/11.3.1/../../../../arm-none-eabi/lib/thumb/v7-m/nofp\libm.a(libm_a-w_atan2.o)
                0x0000000008006d30                atan2
 *fill*         0x0000000008006d34        0x4 
 .text.__ieee754_atan2
                0x0000000008006d38      0x19c D:/STM32/STM32CubeIDE_1.14.0/STM32CubeIDE/plugins/com.st.stm32cube.ide.mcu.externaltools.gnu-tools-for-stm32.11.3.rel1.win32_1.1.100.202309141235/tools/bin/../lib/gcc/arm-none-eabi/11.3.1/../../../../arm-none-eabi/lib/thumb/v7-m/nofp\libm.a(libm_a-e_atan2.o)
                0x0000000008006d38                __ieee754_atan2
 *fill*         0x0000000008006ed4        0x4 
 .text.atan     0x0000000008006ed8      0x314 D:/STM32/STM32CubeIDE_1.14.0/STM32CubeIDE/plugins/com.st.stm32cube.ide.mcu.externaltools.gnu-tools-for-stm32.11.3.rel1.win32_1.1.100.202309141235/tools/bin/../lib/gcc/arm-none-eabi/11.3.1/../../../../arm-none-eabi/lib/thumb/v7-m/nofp\libm.a(libm_a-s_atan.o)
                0x0000000008006ed8                atan
 .text.fabs     0x00000000080071ec        0x8 D:/STM32/STM32CubeIDE_1.14.0/STM32CubeIDE/plugins/com.st.stm32cube.ide.mcu.externaltools.gnu-tools-for-stm32.11.3.rel1.win32_1.1.100.202309141235/tools/bin/../lib/gcc/arm-none-eabi/11.3.1/../../../../arm-none-eabi/lib/thumb/v7-m/nofp\libm.a(libm_a-s_fabs.o)
                0x00000000080071ec                fabs
 *(.glue_7)
 .glue_7        0x00000000080071f4        0x0 linker stubs
 *(.glue_7t)
 .glue_7t       0x00000000080071f4        0x0 linker stubs
 *(.eh_frame)
 .eh_frame      0x00000000080071f4        0x0 D:/STM32/STM32CubeIDE_1.14.0/STM32CubeIDE/plugins/com.st.stm32cube.ide.mcu.externaltools.gnu-tools-for-stm32.11.3.rel1.win32_1.1.100.202309141235/tools/bin/../lib/gcc/arm-none-eabi/11.3.1/thumb/v7-m/nofp/crtbegin.o
 *(.init)
 .init          0x00000000080071f4        0x4 D:/STM32/STM32CubeIDE_1.14.0/STM32CubeIDE/plugins/com.st.stm32cube.ide.mcu.externaltools.gnu-tools-for-stm32.11.3.rel1.win32_1.1.100.202309141235/tools/bin/../lib/gcc/arm-none-eabi/11.3.1/thumb/v7-m/nofp/crti.o
                0x00000000080071f4                _init
 .init          0x00000000080071f8        0x8 D:/STM32/STM32CubeIDE_1.14.0/STM32CubeIDE/plugins/com.st.stm32cube.ide.mcu.externaltools.gnu-tools-for-stm32.11.3.rel1.win32_1.1.100.202309141235/tools/bin/../lib/gcc/arm-none-eabi/11.3.1/thumb/v7-m/nofp/crtn.o
 *(.fini)
 .fini          0x0000000008007200        0x4 D:/STM32/STM32CubeIDE_1.14.0/STM32CubeIDE/plugins/com.st.stm32cube.ide.mcu.externaltools.gnu-tools-for-stm32.11.3.rel1.win32_1.1.100.202309141235/tools/bin/../lib/gcc/arm-none-eabi/11.3.1/thumb/v7-m/nofp/crti.o
                0x0000000008007200                _fini
 .fini          0x0000000008007204        0x8 D:/STM32/STM32CubeIDE_1.14.0/STM32CubeIDE/plugins/com.st.stm32cube.ide.mcu.externaltools.gnu-tools-for-stm32.11.3.rel1.win32_1.1.100.202309141235/tools/bin/../lib/gcc/arm-none-eabi/11.3.1/thumb/v7-m/nofp/crtn.o
                0x000000000800720c                . = ALIGN (0x4)
                0x000000000800720c                _etext = .

.vfp11_veneer   0x000000000800720c        0x0
 .vfp11_veneer  0x000000000800720c        0x0 linker stubs

.v4_bx          0x000000000800720c        0x0
 .v4_bx         0x000000000800720c        0x0 linker stubs

.iplt           0x000000000800720c        0x0
 .iplt          0x000000000800720c        0x0 D:/STM32/STM32CubeIDE_1.14.0/STM32CubeIDE/plugins/com.st.stm32cube.ide.mcu.externaltools.gnu-tools-for-stm32.11.3.rel1.win32_1.1.100.202309141235/tools/bin/../lib/gcc/arm-none-eabi/11.3.1/thumb/v7-m/nofp/crtbegin.o

.rodata         0x0000000008007210      0x130
                0x0000000008007210                . = ALIGN (0x4)
 *(.rodata)
 .rodata        0x0000000008007210       0x78 ./Core/Src/freertos.o
 .rodata        0x0000000008007288        0x5 ./Core/Src/nrf24L01.o
 *fill*         0x000000000800728d        0x3 
 .rodata        0x0000000008007290        0x5 ./Middlewares/Third_Party/FreeRTOS/Source/tasks.o
 *(.rodata*)
 *fill*         0x0000000008007295        0x3 
 .rodata.RX_ADDRESS
                0x0000000008007298        0x5 ./Core/Src/nrf24L01.o
                0x0000000008007298                RX_ADDRESS
 *fill*         0x000000000800729d        0x3 
 .rodata.AHBPrescTable
                0x00000000080072a0       0x10 ./Core/Src/system_stm32f1xx.o
                0x00000000080072a0                AHBPrescTable
 .rodata.APBPrescTable
                0x00000000080072b0        0x8 ./Core/Src/system_stm32f1xx.o
                0x00000000080072b0                APBPrescTable
 .rodata.aPLLMULFactorTable.1
                0x00000000080072b8       0x10 ./Drivers/STM32F1xx_HAL_Driver/Src/stm32f1xx_hal_rcc.o
 .rodata.aPredivFactorTable.0
                0x00000000080072c8        0x2 ./Drivers/STM32F1xx_HAL_Driver/Src/stm32f1xx_hal_rcc.o
 *fill*         0x00000000080072ca        0x6 
 .rodata.CSWTCH.8
                0x00000000080072d0       0x18 D:/STM32/STM32CubeIDE_1.14.0/STM32CubeIDE/plugins/com.st.stm32cube.ide.mcu.externaltools.gnu-tools-for-stm32.11.3.rel1.win32_1.1.100.202309141235/tools/bin/../lib/gcc/arm-none-eabi/11.3.1/../../../../arm-none-eabi/lib/thumb/v7-m/nofp\libm.a(libm_a-e_atan2.o)
 .rodata.CSWTCH.9
                0x00000000080072e8       0x18 D:/STM32/STM32CubeIDE_1.14.0/STM32CubeIDE/plugins/com.st.stm32cube.ide.mcu.externaltools.gnu-tools-for-stm32.11.3.rel1.win32_1.1.100.202309141235/tools/bin/../lib/gcc/arm-none-eabi/11.3.1/../../../../arm-none-eabi/lib/thumb/v7-m/nofp\libm.a(libm_a-e_atan2.o)
 .rodata.atanhi
                0x0000000008007300       0x20 D:/STM32/STM32CubeIDE_1.14.0/STM32CubeIDE/plugins/com.st.stm32cube.ide.mcu.externaltools.gnu-tools-for-stm32.11.3.rel1.win32_1.1.100.202309141235/tools/bin/../lib/gcc/arm-none-eabi/11.3.1/../../../../arm-none-eabi/lib/thumb/v7-m/nofp\libm.a(libm_a-s_atan.o)
 .rodata.atanlo
                0x0000000008007320       0x20 D:/STM32/STM32CubeIDE_1.14.0/STM32CubeIDE/plugins/com.st.stm32cube.ide.mcu.externaltools.gnu-tools-for-stm32.11.3.rel1.win32_1.1.100.202309141235/tools/bin/../lib/gcc/arm-none-eabi/11.3.1/../../../../arm-none-eabi/lib/thumb/v7-m/nofp\libm.a(libm_a-s_atan.o)
                0x0000000008007340                . = ALIGN (0x4)

.rel.dyn        0x0000000008007340        0x0
 .rel.iplt      0x0000000008007340        0x0 D:/STM32/STM32CubeIDE_1.14.0/STM32CubeIDE/plugins/com.st.stm32cube.ide.mcu.externaltools.gnu-tools-for-stm32.11.3.rel1.win32_1.1.100.202309141235/tools/bin/../lib/gcc/arm-none-eabi/11.3.1/thumb/v7-m/nofp/crtbegin.o

.ARM.extab      0x0000000008007340        0x0
                0x0000000008007340                . = ALIGN (0x4)
 *(.ARM.extab* .gnu.linkonce.armextab.*)
                0x0000000008007340                . = ALIGN (0x4)

.ARM            0x0000000008007340        0x0
                0x0000000008007340                . = ALIGN (0x4)
                0x0000000008007340                __exidx_start = .
 *(.ARM.exidx*)
                0x0000000008007340                __exidx_end = .
                0x0000000008007340                . = ALIGN (0x4)

.preinit_array  0x0000000008007340        0x0
                0x0000000008007340                . = ALIGN (0x4)
                0x0000000008007340                PROVIDE (__preinit_array_start = .)
 *(.preinit_array*)
                0x0000000008007340                PROVIDE (__preinit_array_end = .)
                0x0000000008007340                . = ALIGN (0x4)

.init_array     0x0000000008007340        0x4
                0x0000000008007340                . = ALIGN (0x4)
                0x0000000008007340                PROVIDE (__init_array_start = .)
 *(SORT_BY_NAME(.init_array.*))
 *(.init_array*)
 .init_array    0x0000000008007340        0x4 D:/STM32/STM32CubeIDE_1.14.0/STM32CubeIDE/plugins/com.st.stm32cube.ide.mcu.externaltools.gnu-tools-for-stm32.11.3.rel1.win32_1.1.100.202309141235/tools/bin/../lib/gcc/arm-none-eabi/11.3.1/thumb/v7-m/nofp/crtbegin.o
                0x0000000008007344                PROVIDE (__init_array_end = .)
                0x0000000008007344                . = ALIGN (0x4)

.fini_array     0x0000000008007344        0x4
                0x0000000008007344                . = ALIGN (0x4)
                [!provide]                        PROVIDE (__fini_array_start = .)
 *(SORT_BY_NAME(.fini_array.*))
 *(.fini_array*)
 .fini_array    0x0000000008007344        0x4 D:/STM32/STM32CubeIDE_1.14.0/STM32CubeIDE/plugins/com.st.stm32cube.ide.mcu.externaltools.gnu-tools-for-stm32.11.3.rel1.win32_1.1.100.202309141235/tools/bin/../lib/gcc/arm-none-eabi/11.3.1/thumb/v7-m/nofp/crtbegin.o
                [!provide]                        PROVIDE (__fini_array_end = .)
                0x0000000008007348                . = ALIGN (0x4)
                0x0000000008007348                _sidata = LOADADDR (.data)

.data           0x0000000020000000       0x7c load address 0x0000000008007348
                0x0000000020000000                . = ALIGN (0x4)
                0x0000000020000000                _sdata = .
 *(.data)
 *(.data*)
 .data.pids     0x0000000020000000       0x18 ./Core/Src/Fly_Data.o
                0x0000000020000000                pids
 .data.status.0
                0x0000000020000018        0x1 ./Core/Src/Fly_Data.o
 *fill*         0x0000000020000019        0x1 
 .data.connect_flag
                0x000000002000001a        0x2 ./Core/Src/nrf24L01.o
                0x000000002000001a                connect_flag
 .data.SystemCoreClock
                0x000000002000001c        0x4 ./Core/Src/system_stm32f1xx.o
                0x000000002000001c                SystemCoreClock
 .data.uwTickPrio
                0x0000000020000020        0x4 ./Drivers/STM32F1xx_HAL_Driver/Src/stm32f1xx_hal.o
                0x0000000020000020                uwTickPrio
 .data.uwTickFreq
                0x0000000020000024        0x1 ./Drivers/STM32F1xx_HAL_Driver/Src/stm32f1xx_hal.o
                0x0000000020000024                uwTickFreq
 *fill*         0x0000000020000025        0x3 
 .data.uxCriticalNesting
                0x0000000020000028        0x4 ./Middlewares/Third_Party/FreeRTOS/Source/portable/GCC/ARM_CM3/port.o
 .data._impure_data
                0x000000002000002c       0x4c D:/STM32/STM32CubeIDE_1.14.0/STM32CubeIDE/plugins/com.st.stm32cube.ide.mcu.externaltools.gnu-tools-for-stm32.11.3.rel1.win32_1.1.100.202309141235/tools/bin/../lib/gcc/arm-none-eabi/11.3.1/../../../../arm-none-eabi/lib/thumb/v7-m/nofp\libc_nano.a(libc_a-impure.o)
                0x000000002000002c                _impure_data
 .data._impure_ptr
                0x0000000020000078        0x4 D:/STM32/STM32CubeIDE_1.14.0/STM32CubeIDE/plugins/com.st.stm32cube.ide.mcu.externaltools.gnu-tools-for-stm32.11.3.rel1.win32_1.1.100.202309141235/tools/bin/../lib/gcc/arm-none-eabi/11.3.1/../../../../arm-none-eabi/lib/thumb/v7-m/nofp\libc_nano.a(libc_a-impure.o)
                0x0000000020000078                _impure_ptr
 *(.RamFunc)
 *(.RamFunc*)
                0x000000002000007c                . = ALIGN (0x4)
                0x000000002000007c                _edata = .

.igot.plt       0x000000002000007c        0x0 load address 0x00000000080073c4
 .igot.plt      0x000000002000007c        0x0 D:/STM32/STM32CubeIDE_1.14.0/STM32CubeIDE/plugins/com.st.stm32cube.ide.mcu.externaltools.gnu-tools-for-stm32.11.3.rel1.win32_1.1.100.202309141235/tools/bin/../lib/gcc/arm-none-eabi/11.3.1/thumb/v7-m/nofp/crtbegin.o
                0x000000002000007c                . = ALIGN (0x4)

.bss            0x000000002000007c     0x13e0 load address 0x00000000080073c4
                0x000000002000007c                _sbss = .
                0x000000002000007c                __bss_start__ = _sbss
 *(.bss)
 .bss           0x000000002000007c       0x1c D:/STM32/STM32CubeIDE_1.14.0/STM32CubeIDE/plugins/com.st.stm32cube.ide.mcu.externaltools.gnu-tools-for-stm32.11.3.rel1.win32_1.1.100.202309141235/tools/bin/../lib/gcc/arm-none-eabi/11.3.1/thumb/v7-m/nofp/crtbegin.o
 *(.bss*)
 .bss.pidPitch  0x0000000020000098       0x20 ./Core/Src/Fly_Data.o
                0x0000000020000098                pidPitch
 .bss.pidRoll   0x00000000200000b8       0x20 ./Core/Src/Fly_Data.o
                0x00000000200000b8                pidRoll
 .bss.pidYaw    0x00000000200000d8       0x20 ./Core/Src/Fly_Data.o
                0x00000000200000d8                pidYaw
 .bss.pidRateX  0x00000000200000f8       0x20 ./Core/Src/Fly_Data.o
                0x00000000200000f8                pidRateX
 .bss.pidRateY  0x0000000020000118       0x20 ./Core/Src/Fly_Data.o
                0x0000000020000118                pidRateY
 .bss.pidRateZ  0x0000000020000138       0x20 ./Core/Src/Fly_Data.o
                0x0000000020000138                pidRateZ
 .bss.remote    0x0000000020000158       0x14 ./Core/Src/Fly_Data.o
                0x0000000020000158                remote
 .bss.unlock_flag
                0x000000002000016c        0x1 ./Core/Src/Fly_Data.o
                0x000000002000016c                unlock_flag
 *fill*         0x000000002000016d        0x3 
 .bss.defaultTaskHandle
                0x0000000020000170        0x4 ./Core/Src/freertos.o
                0x0000000020000170                defaultTaskHandle
 .bss.Task_2msHandle
                0x0000000020000174        0x4 ./Core/Src/freertos.o
                0x0000000020000174                Task_2msHandle
 .bss.Task_4msHandle
                0x0000000020000178        0x4 ./Core/Src/freertos.o
                0x0000000020000178                Task_4msHandle
 .bss.xIdleTaskTCBBuffer
                0x000000002000017c       0xa0 ./Core/Src/freertos.o
 .bss.xIdleStack
                0x000000002000021c      0x200 ./Core/Src/freertos.o
 .bss.hi2c1     0x000000002000041c       0x54 ./Core/Src/i2c.o
                0x000000002000041c                hi2c1
 .bss.motor1    0x0000000020000470        0x2 ./Core/Src/motor.o
                0x0000000020000470                motor1
 .bss.motor2    0x0000000020000472        0x2 ./Core/Src/motor.o
                0x0000000020000472                motor2
 .bss.motor3    0x0000000020000474        0x2 ./Core/Src/motor.o
                0x0000000020000474                motor3
 .bss.motor4    0x0000000020000476        0x2 ./Core/Src/motor.o
                0x0000000020000476                motor4
 .bss.Accel_X_RAW
                0x0000000020000478        0x2 ./Core/Src/mpu6050.o
                0x0000000020000478                Accel_X_RAW
 .bss.Accel_Y_RAW
                0x000000002000047a        0x2 ./Core/Src/mpu6050.o
                0x000000002000047a                Accel_Y_RAW
 .bss.Accel_Z_RAW
                0x000000002000047c        0x2 ./Core/Src/mpu6050.o
                0x000000002000047c                Accel_Z_RAW
 .bss.Gyro_X_RAW
                0x000000002000047e        0x2 ./Core/Src/mpu6050.o
                0x000000002000047e                Gyro_X_RAW
 .bss.Gyro_Y_RAW
                0x0000000020000480        0x2 ./Core/Src/mpu6050.o
                0x0000000020000480                Gyro_Y_RAW
 .bss.Gyro_Z_RAW
                0x0000000020000482        0x2 ./Core/Src/mpu6050.o
                0x0000000020000482                Gyro_Z_RAW
 .bss.Ax        0x0000000020000484        0x4 ./Core/Src/mpu6050.o
                0x0000000020000484                Ax
 .bss.Ay        0x0000000020000488        0x4 ./Core/Src/mpu6050.o
                0x0000000020000488                Ay
 .bss.Az        0x000000002000048c        0x4 ./Core/Src/mpu6050.o
                0x000000002000048c                Az
 .bss.Gx        0x0000000020000490        0x4 ./Core/Src/mpu6050.o
                0x0000000020000490                Gx
 .bss.Gy        0x0000000020000494        0x4 ./Core/Src/mpu6050.o
                0x0000000020000494                Gy
 .bss.Gz        0x0000000020000498        0x4 ./Core/Src/mpu6050.o
                0x0000000020000498                Gz
 .bss.roll_a    0x000000002000049c        0x4 ./Core/Src/mpu6050.o
                0x000000002000049c                roll_a
 .bss.pitch_a   0x00000000200004a0        0x4 ./Core/Src/mpu6050.o
                0x00000000200004a0                pitch_a
 .bss.roll_g    0x00000000200004a4        0x4 ./Core/Src/mpu6050.o
                0x00000000200004a4                roll_g
 .bss.pitch_g   0x00000000200004a8        0x4 ./Core/Src/mpu6050.o
                0x00000000200004a8                pitch_g
 .bss.yaw_g     0x00000000200004ac        0x4 ./Core/Src/mpu6050.o
                0x00000000200004ac                yaw_g
 .bss.roll      0x00000000200004b0        0x4 ./Core/Src/mpu6050.o
                0x00000000200004b0                roll
 .bss.pitch     0x00000000200004b4        0x4 ./Core/Src/mpu6050.o
                0x00000000200004b4                pitch
 .bss.yaw       0x00000000200004b8        0x4 ./Core/Src/mpu6050.o
                0x00000000200004b8                yaw
 .bss.RX_BUFF   0x00000000200004bc       0x20 ./Core/Src/nrf24L01.o
                0x00000000200004bc                RX_BUFF
 .bss.hspi2     0x00000000200004dc       0x58 ./Core/Src/spi.o
                0x00000000200004dc                hspi2
 .bss.htim4     0x0000000020000534       0x48 ./Core/Src/stm32f1xx_hal_timebase_tim.o
                0x0000000020000534                htim4
 .bss.htim2     0x000000002000057c       0x48 ./Core/Src/tim.o
                0x000000002000057c                htim2
 .bss.uwTick    0x00000000200005c4        0x4 ./Drivers/STM32F1xx_HAL_Driver/Src/stm32f1xx_hal.o
                0x00000000200005c4                uwTick
 .bss.pxCurrentTCB
                0x00000000200005c8        0x4 ./Middlewares/Third_Party/FreeRTOS/Source/tasks.o
                0x00000000200005c8                pxCurrentTCB
 .bss.pxReadyTasksLists
                0x00000000200005cc       0x8c ./Middlewares/Third_Party/FreeRTOS/Source/tasks.o
 .bss.xDelayedTaskList1
                0x0000000020000658       0x14 ./Middlewares/Third_Party/FreeRTOS/Source/tasks.o
 .bss.xDelayedTaskList2
                0x000000002000066c       0x14 ./Middlewares/Third_Party/FreeRTOS/Source/tasks.o
 .bss.pxDelayedTaskList
                0x0000000020000680        0x4 ./Middlewares/Third_Party/FreeRTOS/Source/tasks.o
 .bss.pxOverflowDelayedTaskList
                0x0000000020000684        0x4 ./Middlewares/Third_Party/FreeRTOS/Source/tasks.o
 .bss.xPendingReadyList
                0x0000000020000688       0x14 ./Middlewares/Third_Party/FreeRTOS/Source/tasks.o
 .bss.xTasksWaitingTermination
                0x000000002000069c       0x14 ./Middlewares/Third_Party/FreeRTOS/Source/tasks.o
 .bss.uxDeletedTasksWaitingCleanUp
                0x00000000200006b0        0x4 ./Middlewares/Third_Party/FreeRTOS/Source/tasks.o
 .bss.xSuspendedTaskList
                0x00000000200006b4       0x14 ./Middlewares/Third_Party/FreeRTOS/Source/tasks.o
 .bss.uxCurrentNumberOfTasks
                0x00000000200006c8        0x4 ./Middlewares/Third_Party/FreeRTOS/Source/tasks.o
 .bss.xTickCount
                0x00000000200006cc        0x4 ./Middlewares/Third_Party/FreeRTOS/Source/tasks.o
 .bss.uxTopReadyPriority
                0x00000000200006d0        0x4 ./Middlewares/Third_Party/FreeRTOS/Source/tasks.o
 .bss.xSchedulerRunning
                0x00000000200006d4        0x4 ./Middlewares/Third_Party/FreeRTOS/Source/tasks.o
 .bss.xPendedTicks
                0x00000000200006d8        0x4 ./Middlewares/Third_Party/FreeRTOS/Source/tasks.o
 .bss.xYieldPending
                0x00000000200006dc        0x4 ./Middlewares/Third_Party/FreeRTOS/Source/tasks.o
 .bss.xNumOfOverflows
                0x00000000200006e0        0x4 ./Middlewares/Third_Party/FreeRTOS/Source/tasks.o
 .bss.uxTaskNumber
                0x00000000200006e4        0x4 ./Middlewares/Third_Party/FreeRTOS/Source/tasks.o
 .bss.xNextTaskUnblockTime
                0x00000000200006e8        0x4 ./Middlewares/Third_Party/FreeRTOS/Source/tasks.o
 .bss.xIdleTaskHandle
                0x00000000200006ec        0x4 ./Middlewares/Third_Party/FreeRTOS/Source/tasks.o
 .bss.uxSchedulerSuspended
                0x00000000200006f0        0x4 ./Middlewares/Third_Party/FreeRTOS/Source/tasks.o
 .bss.ucMaxSysCallPriority
                0x00000000200006f4        0x1 ./Middlewares/Third_Party/FreeRTOS/Source/portable/GCC/ARM_CM3/port.o
 *fill*         0x00000000200006f5        0x3 
 .bss.ulMaxPRIGROUPValue
                0x00000000200006f8        0x4 ./Middlewares/Third_Party/FreeRTOS/Source/portable/GCC/ARM_CM3/port.o
 .bss.ucHeap    0x00000000200006fc      0xc00 ./Middlewares/Third_Party/FreeRTOS/Source/portable/MemMang/heap_4.o
 .bss.xStart    0x00000000200012fc        0x8 ./Middlewares/Third_Party/FreeRTOS/Source/portable/MemMang/heap_4.o
 .bss.pxEnd     0x0000000020001304        0x4 ./Middlewares/Third_Party/FreeRTOS/Source/portable/MemMang/heap_4.o
 .bss.xFreeBytesRemaining
                0x0000000020001308        0x4 ./Middlewares/Third_Party/FreeRTOS/Source/portable/MemMang/heap_4.o
 .bss.xMinimumEverFreeBytesRemaining
                0x000000002000130c        0x4 ./Middlewares/Third_Party/FreeRTOS/Source/portable/MemMang/heap_4.o
 .bss.xNumberOfSuccessfulAllocations
                0x0000000020001310        0x4 ./Middlewares/Third_Party/FreeRTOS/Source/portable/MemMang/heap_4.o
 .bss.xNumberOfSuccessfulFrees
                0x0000000020001314        0x4 ./Middlewares/Third_Party/FreeRTOS/Source/portable/MemMang/heap_4.o
 .bss.xBlockAllocatedBit
                0x0000000020001318        0x4 ./Middlewares/Third_Party/FreeRTOS/Source/portable/MemMang/heap_4.o
 .bss.__sf      0x000000002000131c      0x138 D:/STM32/STM32CubeIDE_1.14.0/STM32CubeIDE/plugins/com.st.stm32cube.ide.mcu.externaltools.gnu-tools-for-stm32.11.3.rel1.win32_1.1.100.202309141235/tools/bin/../lib/gcc/arm-none-eabi/11.3.1/../../../../arm-none-eabi/lib/thumb/v7-m/nofp\libc_nano.a(libc_a-findfp.o)
                0x000000002000131c                __sf
 .bss.__lock___malloc_recursive_mutex
                0x0000000020001454        0x1 D:/STM32/STM32CubeIDE_1.14.0/STM32CubeIDE/plugins/com.st.stm32cube.ide.mcu.externaltools.gnu-tools-for-stm32.11.3.rel1.win32_1.1.100.202309141235/tools/bin/../lib/gcc/arm-none-eabi/11.3.1/../../../../arm-none-eabi/lib/thumb/v7-m/nofp\libc_nano.a(libc_a-lock.o)
                0x0000000020001454                __lock___malloc_recursive_mutex
 *fill*         0x0000000020001455        0x3 
 .bss.__malloc_free_list
                0x0000000020001458        0x4 D:/STM32/STM32CubeIDE_1.14.0/STM32CubeIDE/plugins/com.st.stm32cube.ide.mcu.externaltools.gnu-tools-for-stm32.11.3.rel1.win32_1.1.100.202309141235/tools/bin/../lib/gcc/arm-none-eabi/11.3.1/../../../../arm-none-eabi/lib/thumb/v7-m/nofp\libc_nano.a(libc_a-mallocr.o)
                0x0000000020001458                __malloc_free_list
 *(COMMON)
                0x000000002000145c                . = ALIGN (0x4)
                0x000000002000145c                _ebss = .
                0x000000002000145c                __bss_end__ = _ebss

._user_heap_stack
                0x000000002000145c      0x604 load address 0x00000000080073c4
                0x0000000020001460                . = ALIGN (0x8)
 *fill*         0x000000002000145c        0x4 
                [!provide]                        PROVIDE (end = .)
                0x0000000020001460                PROVIDE (_end = .)
                0x0000000020001660                . = (. + _Min_Heap_Size)
 *fill*         0x0000000020001460      0x200 
                0x0000000020001a60                . = (. + _Min_Stack_Size)
 *fill*         0x0000000020001660      0x400 
                0x0000000020001a60                . = ALIGN (0x8)

/DISCARD/
 libc.a(*)
 libm.a(*)
 libgcc.a(*)

.ARM.attributes
                0x0000000000000000       0x29
 *(.ARM.attributes)
 .ARM.attributes
                0x0000000000000000       0x1d D:/STM32/STM32CubeIDE_1.14.0/STM32CubeIDE/plugins/com.st.stm32cube.ide.mcu.externaltools.gnu-tools-for-stm32.11.3.rel1.win32_1.1.100.202309141235/tools/bin/../lib/gcc/arm-none-eabi/11.3.1/thumb/v7-m/nofp/crti.o
 .ARM.attributes
                0x000000000000001d       0x2d D:/STM32/STM32CubeIDE_1.14.0/STM32CubeIDE/plugins/com.st.stm32cube.ide.mcu.externaltools.gnu-tools-for-stm32.11.3.rel1.win32_1.1.100.202309141235/tools/bin/../lib/gcc/arm-none-eabi/11.3.1/thumb/v7-m/nofp/crtbegin.o
 .ARM.attributes
                0x000000000000004a       0x2d ./Core/Src/Fly_Data.o
 .ARM.attributes
                0x0000000000000077       0x2d ./Core/Src/freertos.o
 .ARM.attributes
                0x00000000000000a4       0x2d ./Core/Src/gpio.o
 .ARM.attributes
                0x00000000000000d1       0x2d ./Core/Src/i2c.o
 .ARM.attributes
                0x00000000000000fe       0x2d ./Core/Src/main.o
 .ARM.attributes
                0x000000000000012b       0x2d ./Core/Src/motor.o
 .ARM.attributes
                0x0000000000000158       0x2d ./Core/Src/mpu6050.o
 .ARM.attributes
                0x0000000000000185       0x2d ./Core/Src/nrf24L01.o
 .ARM.attributes
                0x00000000000001b2       0x2d ./Core/Src/pid.o
 .ARM.attributes
                0x00000000000001df       0x2d ./Core/Src/spi.o
 .ARM.attributes
                0x000000000000020c       0x2d ./Core/Src/stm32f1xx_hal_msp.o
 .ARM.attributes
                0x0000000000000239       0x2d ./Core/Src/stm32f1xx_hal_timebase_tim.o
 .ARM.attributes
                0x0000000000000266       0x2d ./Core/Src/stm32f1xx_it.o
 .ARM.attributes
                0x0000000000000293       0x2d ./Core/Src/system_stm32f1xx.o
 .ARM.attributes
                0x00000000000002c0       0x2d ./Core/Src/tim.o
 .ARM.attributes
                0x00000000000002ed       0x21 ./Core/Startup/startup_stm32f103c8tx.o
 .ARM.attributes
                0x000000000000030e       0x2d ./Drivers/STM32F1xx_HAL_Driver/Src/stm32f1xx_hal.o
 .ARM.attributes
                0x000000000000033b       0x2d ./Drivers/STM32F1xx_HAL_Driver/Src/stm32f1xx_hal_cortex.o
 .ARM.attributes
                0x0000000000000368       0x2d ./Drivers/STM32F1xx_HAL_Driver/Src/stm32f1xx_hal_gpio.o
 .ARM.attributes
                0x0000000000000395       0x2d ./Drivers/STM32F1xx_HAL_Driver/Src/stm32f1xx_hal_i2c.o
 .ARM.attributes
                0x00000000000003c2       0x2d ./Drivers/STM32F1xx_HAL_Driver/Src/stm32f1xx_hal_rcc.o
 .ARM.attributes
                0x00000000000003ef       0x2d ./Drivers/STM32F1xx_HAL_Driver/Src/stm32f1xx_hal_spi.o
 .ARM.attributes
                0x000000000000041c       0x2d ./Drivers/STM32F1xx_HAL_Driver/Src/stm32f1xx_hal_tim.o
 .ARM.attributes
                0x0000000000000449       0x2d ./Drivers/STM32F1xx_HAL_Driver/Src/stm32f1xx_hal_tim_ex.o
 .ARM.attributes
                0x0000000000000476       0x2d ./Middlewares/Third_Party/FreeRTOS/Source/CMSIS_RTOS/cmsis_os.o
 .ARM.attributes
                0x00000000000004a3       0x2d ./Middlewares/Third_Party/FreeRTOS/Source/list.o
 .ARM.attributes
                0x00000000000004d0       0x2d ./Middlewares/Third_Party/FreeRTOS/Source/tasks.o
 .ARM.attributes
                0x00000000000004fd       0x2d ./Middlewares/Third_Party/FreeRTOS/Source/portable/GCC/ARM_CM3/port.o
 .ARM.attributes
                0x000000000000052a       0x2d ./Middlewares/Third_Party/FreeRTOS/Source/portable/MemMang/heap_4.o
 .ARM.attributes
                0x0000000000000557       0x2d D:/STM32/STM32CubeIDE_1.14.0/STM32CubeIDE/plugins/com.st.stm32cube.ide.mcu.externaltools.gnu-tools-for-stm32.11.3.rel1.win32_1.1.100.202309141235/tools/bin/../lib/gcc/arm-none-eabi/11.3.1/../../../../arm-none-eabi/lib/thumb/v7-m/nofp\libc_nano.a(libc_a-findfp.o)
 .ARM.attributes
                0x0000000000000584       0x2d D:/STM32/STM32CubeIDE_1.14.0/STM32CubeIDE/plugins/com.st.stm32cube.ide.mcu.externaltools.gnu-tools-for-stm32.11.3.rel1.win32_1.1.100.202309141235/tools/bin/../lib/gcc/arm-none-eabi/11.3.1/../../../../arm-none-eabi/lib/thumb/v7-m/nofp\libc_nano.a(libc_a-memset.o)
 .ARM.attributes
                0x00000000000005b1       0x2d D:/STM32/STM32CubeIDE_1.14.0/STM32CubeIDE/plugins/com.st.stm32cube.ide.mcu.externaltools.gnu-tools-for-stm32.11.3.rel1.win32_1.1.100.202309141235/tools/bin/../lib/gcc/arm-none-eabi/11.3.1/../../../../arm-none-eabi/lib/thumb/v7-m/nofp\libc_nano.a(libc_a-reent.o)
 .ARM.attributes
                0x00000000000005de       0x2d D:/STM32/STM32CubeIDE_1.14.0/STM32CubeIDE/plugins/com.st.stm32cube.ide.mcu.externaltools.gnu-tools-for-stm32.11.3.rel1.win32_1.1.100.202309141235/tools/bin/../lib/gcc/arm-none-eabi/11.3.1/../../../../arm-none-eabi/lib/thumb/v7-m/nofp\libc_nano.a(libc_a-impure.o)
 .ARM.attributes
                0x000000000000060b       0x2d D:/STM32/STM32CubeIDE_1.14.0/STM32CubeIDE/plugins/com.st.stm32cube.ide.mcu.externaltools.gnu-tools-for-stm32.11.3.rel1.win32_1.1.100.202309141235/tools/bin/../lib/gcc/arm-none-eabi/11.3.1/../../../../arm-none-eabi/lib/thumb/v7-m/nofp\libc_nano.a(libc_a-init.o)
 .ARM.attributes
                0x0000000000000638       0x2d D:/STM32/STM32CubeIDE_1.14.0/STM32CubeIDE/plugins/com.st.stm32cube.ide.mcu.externaltools.gnu-tools-for-stm32.11.3.rel1.win32_1.1.100.202309141235/tools/bin/../lib/gcc/arm-none-eabi/11.3.1/../../../../arm-none-eabi/lib/thumb/v7-m/nofp\libc_nano.a(libc_a-lock.o)
 .ARM.attributes
                0x0000000000000665       0x2d D:/STM32/STM32CubeIDE_1.14.0/STM32CubeIDE/plugins/com.st.stm32cube.ide.mcu.externaltools.gnu-tools-for-stm32.11.3.rel1.win32_1.1.100.202309141235/tools/bin/../lib/gcc/arm-none-eabi/11.3.1/../../../../arm-none-eabi/lib/thumb/v7-m/nofp\libc_nano.a(libc_a-freer.o)
 .ARM.attributes
                0x0000000000000692       0x2d D:/STM32/STM32CubeIDE_1.14.0/STM32CubeIDE/plugins/com.st.stm32cube.ide.mcu.externaltools.gnu-tools-for-stm32.11.3.rel1.win32_1.1.100.202309141235/tools/bin/../lib/gcc/arm-none-eabi/11.3.1/../../../../arm-none-eabi/lib/thumb/v7-m/nofp\libc_nano.a(libc_a-mallocr.o)
 .ARM.attributes
                0x00000000000006bf       0x2d D:/STM32/STM32CubeIDE_1.14.0/STM32CubeIDE/plugins/com.st.stm32cube.ide.mcu.externaltools.gnu-tools-for-stm32.11.3.rel1.win32_1.1.100.202309141235/tools/bin/../lib/gcc/arm-none-eabi/11.3.1/../../../../arm-none-eabi/lib/thumb/v7-m/nofp\libc_nano.a(libc_a-mlock.o)
 .ARM.attributes
                0x00000000000006ec       0x2d D:/STM32/STM32CubeIDE_1.14.0/STM32CubeIDE/plugins/com.st.stm32cube.ide.mcu.externaltools.gnu-tools-for-stm32.11.3.rel1.win32_1.1.100.202309141235/tools/bin/../lib/gcc/arm-none-eabi/11.3.1/../../../../arm-none-eabi/lib/thumb/v7-m/nofp\libm.a(libm_a-w_atan2.o)
 .ARM.attributes
                0x0000000000000719       0x2d D:/STM32/STM32CubeIDE_1.14.0/STM32CubeIDE/plugins/com.st.stm32cube.ide.mcu.externaltools.gnu-tools-for-stm32.11.3.rel1.win32_1.1.100.202309141235/tools/bin/../lib/gcc/arm-none-eabi/11.3.1/../../../../arm-none-eabi/lib/thumb/v7-m/nofp\libm.a(libm_a-e_atan2.o)
 .ARM.attributes
                0x0000000000000746       0x2d D:/STM32/STM32CubeIDE_1.14.0/STM32CubeIDE/plugins/com.st.stm32cube.ide.mcu.externaltools.gnu-tools-for-stm32.11.3.rel1.win32_1.1.100.202309141235/tools/bin/../lib/gcc/arm-none-eabi/11.3.1/../../../../arm-none-eabi/lib/thumb/v7-m/nofp\libm.a(libm_a-s_atan.o)
 .ARM.attributes
                0x0000000000000773       0x2d D:/STM32/STM32CubeIDE_1.14.0/STM32CubeIDE/plugins/com.st.stm32cube.ide.mcu.externaltools.gnu-tools-for-stm32.11.3.rel1.win32_1.1.100.202309141235/tools/bin/../lib/gcc/arm-none-eabi/11.3.1/../../../../arm-none-eabi/lib/thumb/v7-m/nofp\libm.a(libm_a-s_fabs.o)
 .ARM.attributes
                0x00000000000007a0       0x1d D:/STM32/STM32CubeIDE_1.14.0/STM32CubeIDE/plugins/com.st.stm32cube.ide.mcu.externaltools.gnu-tools-for-stm32.11.3.rel1.win32_1.1.100.202309141235/tools/bin/../lib/gcc/arm-none-eabi/11.3.1/thumb/v7-m/nofp\libgcc.a(_arm_addsubdf3.o)
 .ARM.attributes
                0x00000000000007bd       0x1d D:/STM32/STM32CubeIDE_1.14.0/STM32CubeIDE/plugins/com.st.stm32cube.ide.mcu.externaltools.gnu-tools-for-stm32.11.3.rel1.win32_1.1.100.202309141235/tools/bin/../lib/gcc/arm-none-eabi/11.3.1/thumb/v7-m/nofp\libgcc.a(_arm_muldivdf3.o)
 .ARM.attributes
                0x00000000000007da       0x1d D:/STM32/STM32CubeIDE_1.14.0/STM32CubeIDE/plugins/com.st.stm32cube.ide.mcu.externaltools.gnu-tools-for-stm32.11.3.rel1.win32_1.1.100.202309141235/tools/bin/../lib/gcc/arm-none-eabi/11.3.1/thumb/v7-m/nofp\libgcc.a(_arm_cmpdf2.o)
 .ARM.attributes
                0x00000000000007f7       0x1d D:/STM32/STM32CubeIDE_1.14.0/STM32CubeIDE/plugins/com.st.stm32cube.ide.mcu.externaltools.gnu-tools-for-stm32.11.3.rel1.win32_1.1.100.202309141235/tools/bin/../lib/gcc/arm-none-eabi/11.3.1/thumb/v7-m/nofp\libgcc.a(_arm_truncdfsf2.o)
 .ARM.attributes
                0x0000000000000814       0x1d D:/STM32/STM32CubeIDE_1.14.0/STM32CubeIDE/plugins/com.st.stm32cube.ide.mcu.externaltools.gnu-tools-for-stm32.11.3.rel1.win32_1.1.100.202309141235/tools/bin/../lib/gcc/arm-none-eabi/11.3.1/thumb/v7-m/nofp\libgcc.a(_arm_addsubsf3.o)
 .ARM.attributes
                0x0000000000000831       0x1d D:/STM32/STM32CubeIDE_1.14.0/STM32CubeIDE/plugins/com.st.stm32cube.ide.mcu.externaltools.gnu-tools-for-stm32.11.3.rel1.win32_1.1.100.202309141235/tools/bin/../lib/gcc/arm-none-eabi/11.3.1/thumb/v7-m/nofp\libgcc.a(_arm_muldivsf3.o)
 .ARM.attributes
                0x000000000000084e       0x1d D:/STM32/STM32CubeIDE_1.14.0/STM32CubeIDE/plugins/com.st.stm32cube.ide.mcu.externaltools.gnu-tools-for-stm32.11.3.rel1.win32_1.1.100.202309141235/tools/bin/../lib/gcc/arm-none-eabi/11.3.1/thumb/v7-m/nofp\libgcc.a(_arm_fixsfsi.o)
 .ARM.attributes
                0x000000000000086b       0x1d D:/STM32/STM32CubeIDE_1.14.0/STM32CubeIDE/plugins/com.st.stm32cube.ide.mcu.externaltools.gnu-tools-for-stm32.11.3.rel1.win32_1.1.100.202309141235/tools/bin/../lib/gcc/arm-none-eabi/11.3.1/thumb/v7-m/nofp/crtn.o
OUTPUT(Fly.elf elf32-littlearm)
LOAD linker stubs
LOAD D:/STM32/STM32CubeIDE_1.14.0/STM32CubeIDE/plugins/com.st.stm32cube.ide.mcu.externaltools.gnu-tools-for-stm32.11.3.rel1.win32_1.1.100.202309141235/tools/bin/../lib/gcc/arm-none-eabi/11.3.1/../../../../arm-none-eabi/lib/thumb/v7-m/nofp\libc.a
LOAD D:/STM32/STM32CubeIDE_1.14.0/STM32CubeIDE/plugins/com.st.stm32cube.ide.mcu.externaltools.gnu-tools-for-stm32.11.3.rel1.win32_1.1.100.202309141235/tools/bin/../lib/gcc/arm-none-eabi/11.3.1/../../../../arm-none-eabi/lib/thumb/v7-m/nofp\libm.a
LOAD D:/STM32/STM32CubeIDE_1.14.0/STM32CubeIDE/plugins/com.st.stm32cube.ide.mcu.externaltools.gnu-tools-for-stm32.11.3.rel1.win32_1.1.100.202309141235/tools/bin/../lib/gcc/arm-none-eabi/11.3.1/thumb/v7-m/nofp\libgcc.a

.comment        0x0000000000000000       0x43
 .comment       0x0000000000000000       0x43 D:/STM32/STM32CubeIDE_1.14.0/STM32CubeIDE/plugins/com.st.stm32cube.ide.mcu.externaltools.gnu-tools-for-stm32.11.3.rel1.win32_1.1.100.202309141235/tools/bin/../lib/gcc/arm-none-eabi/11.3.1/thumb/v7-m/nofp/crtbegin.o
                                         0x44 (size before relaxing)
 .comment       0x0000000000000043       0x44 ./Core/Src/Fly_Data.o
 .comment       0x0000000000000043       0x44 ./Core/Src/freertos.o
 .comment       0x0000000000000043       0x44 ./Core/Src/gpio.o
 .comment       0x0000000000000043       0x44 ./Core/Src/i2c.o
 .comment       0x0000000000000043       0x44 ./Core/Src/main.o
 .comment       0x0000000000000043       0x44 ./Core/Src/motor.o
 .comment       0x0000000000000043       0x44 ./Core/Src/mpu6050.o
 .comment       0x0000000000000043       0x44 ./Core/Src/nrf24L01.o
 .comment       0x0000000000000043       0x44 ./Core/Src/pid.o
 .comment       0x0000000000000043       0x44 ./Core/Src/spi.o
 .comment       0x0000000000000043       0x44 ./Core/Src/stm32f1xx_hal_msp.o
 .comment       0x0000000000000043       0x44 ./Core/Src/stm32f1xx_hal_timebase_tim.o
 .comment       0x0000000000000043       0x44 ./Core/Src/stm32f1xx_it.o
 .comment       0x0000000000000043       0x44 ./Core/Src/system_stm32f1xx.o
 .comment       0x0000000000000043       0x44 ./Core/Src/tim.o
 .comment       0x0000000000000043       0x44 ./Drivers/STM32F1xx_HAL_Driver/Src/stm32f1xx_hal.o
 .comment       0x0000000000000043       0x44 ./Drivers/STM32F1xx_HAL_Driver/Src/stm32f1xx_hal_cortex.o
 .comment       0x0000000000000043       0x44 ./Drivers/STM32F1xx_HAL_Driver/Src/stm32f1xx_hal_gpio.o
 .comment       0x0000000000000043       0x44 ./Drivers/STM32F1xx_HAL_Driver/Src/stm32f1xx_hal_i2c.o
 .comment       0x0000000000000043       0x44 ./Drivers/STM32F1xx_HAL_Driver/Src/stm32f1xx_hal_rcc.o
 .comment       0x0000000000000043       0x44 ./Drivers/STM32F1xx_HAL_Driver/Src/stm32f1xx_hal_spi.o
 .comment       0x0000000000000043       0x44 ./Drivers/STM32F1xx_HAL_Driver/Src/stm32f1xx_hal_tim.o
 .comment       0x0000000000000043       0x44 ./Drivers/STM32F1xx_HAL_Driver/Src/stm32f1xx_hal_tim_ex.o
 .comment       0x0000000000000043       0x44 ./Middlewares/Third_Party/FreeRTOS/Source/CMSIS_RTOS/cmsis_os.o
 .comment       0x0000000000000043       0x44 ./Middlewares/Third_Party/FreeRTOS/Source/list.o
 .comment       0x0000000000000043       0x44 ./Middlewares/Third_Party/FreeRTOS/Source/tasks.o
 .comment       0x0000000000000043       0x44 ./Middlewares/Third_Party/FreeRTOS/Source/portable/GCC/ARM_CM3/port.o
 .comment       0x0000000000000043       0x44 ./Middlewares/Third_Party/FreeRTOS/Source/portable/MemMang/heap_4.o

.debug_info     0x0000000000000000    0x1523e
 .debug_info    0x0000000000000000      0x491 ./Core/Src/Fly_Data.o
 .debug_info    0x0000000000000491      0xc91 ./Core/Src/freertos.o
 .debug_info    0x0000000000001122      0x29b ./Core/Src/gpio.o
 .debug_info    0x00000000000013bd      0x7e3 ./Core/Src/i2c.o
 .debug_info    0x0000000000001ba0      0x9ed ./Core/Src/main.o
 .debug_info    0x000000000000258d      0x7d6 ./Core/Src/motor.o
 .debug_info    0x0000000000002d63      0x8c3 ./Core/Src/mpu6050.o
 .debug_info    0x0000000000003626      0x960 ./Core/Src/nrf24L01.o
 .debug_info    0x0000000000003f86      0x23a ./Core/Src/pid.o
 .debug_info    0x00000000000041c0      0x7bc ./Core/Src/spi.o
 .debug_info    0x000000000000497c      0x361 ./Core/Src/stm32f1xx_hal_msp.o
 .debug_info    0x0000000000004cdd      0x9a8 ./Core/Src/stm32f1xx_hal_timebase_tim.o
 .debug_info    0x0000000000005685      0x66a ./Core/Src/stm32f1xx_it.o
 .debug_info    0x0000000000005cef      0x222 ./Core/Src/system_stm32f1xx.o
 .debug_info    0x0000000000005f11      0xa22 ./Core/Src/tim.o
 .debug_info    0x0000000000006933       0x23 ./Core/Startup/startup_stm32f103c8tx.o
 .debug_info    0x0000000000006956      0x704 ./Drivers/STM32F1xx_HAL_Driver/Src/stm32f1xx_hal.o
 .debug_info    0x000000000000705a      0xa87 ./Drivers/STM32F1xx_HAL_Driver/Src/stm32f1xx_hal_cortex.o
 .debug_info    0x0000000000007ae1      0x5ab ./Drivers/STM32F1xx_HAL_Driver/Src/stm32f1xx_hal_gpio.o
 .debug_info    0x000000000000808c     0x2524 ./Drivers/STM32F1xx_HAL_Driver/Src/stm32f1xx_hal_i2c.o
 .debug_info    0x000000000000a5b0      0x7d5 ./Drivers/STM32F1xx_HAL_Driver/Src/stm32f1xx_hal_rcc.o
 .debug_info    0x000000000000ad85     0x142d ./Drivers/STM32F1xx_HAL_Driver/Src/stm32f1xx_hal_spi.o
 .debug_info    0x000000000000c1b2     0x2959 ./Drivers/STM32F1xx_HAL_Driver/Src/stm32f1xx_hal_tim.o
 .debug_info    0x000000000000eb0b     0x149b ./Drivers/STM32F1xx_HAL_Driver/Src/stm32f1xx_hal_tim_ex.o
 .debug_info    0x000000000000ffa6     0x2211 ./Middlewares/Third_Party/FreeRTOS/Source/CMSIS_RTOS/cmsis_os.o
 .debug_info    0x00000000000121b7      0x2af ./Middlewares/Third_Party/FreeRTOS/Source/list.o
 .debug_info    0x0000000000012466     0x246f ./Middlewares/Third_Party/FreeRTOS/Source/tasks.o
 .debug_info    0x00000000000148d5      0x494 ./Middlewares/Third_Party/FreeRTOS/Source/portable/GCC/ARM_CM3/port.o
 .debug_info    0x0000000000014d69      0x4d5 ./Middlewares/Third_Party/FreeRTOS/Source/portable/MemMang/heap_4.o

.debug_abbrev   0x0000000000000000     0x3b7c
 .debug_abbrev  0x0000000000000000      0x1b1 ./Core/Src/Fly_Data.o
 .debug_abbrev  0x00000000000001b1      0x282 ./Core/Src/freertos.o
 .debug_abbrev  0x0000000000000433      0x13f ./Core/Src/gpio.o
 .debug_abbrev  0x0000000000000572      0x1de ./Core/Src/i2c.o
 .debug_abbrev  0x0000000000000750      0x27a ./Core/Src/main.o
 .debug_abbrev  0x00000000000009ca      0x180 ./Core/Src/motor.o
 .debug_abbrev  0x0000000000000b4a      0x1d9 ./Core/Src/mpu6050.o
 .debug_abbrev  0x0000000000000d23      0x23e ./Core/Src/nrf24L01.o
 .debug_abbrev  0x0000000000000f61      0x14c ./Core/Src/pid.o
 .debug_abbrev  0x00000000000010ad      0x1e7 ./Core/Src/spi.o
 .debug_abbrev  0x0000000000001294      0x11c ./Core/Src/stm32f1xx_hal_msp.o
 .debug_abbrev  0x00000000000013b0      0x1f3 ./Core/Src/stm32f1xx_hal_timebase_tim.o
 .debug_abbrev  0x00000000000015a3      0x17c ./Core/Src/stm32f1xx_it.o
 .debug_abbrev  0x000000000000171f      0x13f ./Core/Src/system_stm32f1xx.o
 .debug_abbrev  0x000000000000185e      0x230 ./Core/Src/tim.o
 .debug_abbrev  0x0000000000001a8e       0x12 ./Core/Startup/startup_stm32f103c8tx.o
 .debug_abbrev  0x0000000000001aa0      0x201 ./Drivers/STM32F1xx_HAL_Driver/Src/stm32f1xx_hal.o
 .debug_abbrev  0x0000000000001ca1      0x2f8 ./Drivers/STM32F1xx_HAL_Driver/Src/stm32f1xx_hal_cortex.o
 .debug_abbrev  0x0000000000001f99      0x1ca ./Drivers/STM32F1xx_HAL_Driver/Src/stm32f1xx_hal_gpio.o
 .debug_abbrev  0x0000000000002163      0x2a3 ./Drivers/STM32F1xx_HAL_Driver/Src/stm32f1xx_hal_i2c.o
 .debug_abbrev  0x0000000000002406      0x2b3 ./Drivers/STM32F1xx_HAL_Driver/Src/stm32f1xx_hal_rcc.o
 .debug_abbrev  0x00000000000026b9      0x27a ./Drivers/STM32F1xx_HAL_Driver/Src/stm32f1xx_hal_spi.o
 .debug_abbrev  0x0000000000002933      0x277 ./Drivers/STM32F1xx_HAL_Driver/Src/stm32f1xx_hal_tim.o
 .debug_abbrev  0x0000000000002baa      0x282 ./Drivers/STM32F1xx_HAL_Driver/Src/stm32f1xx_hal_tim_ex.o
 .debug_abbrev  0x0000000000002e2c      0x416 ./Middlewares/Third_Party/FreeRTOS/Source/CMSIS_RTOS/cmsis_os.o
 .debug_abbrev  0x0000000000003242       0xf5 ./Middlewares/Third_Party/FreeRTOS/Source/list.o
 .debug_abbrev  0x0000000000003337      0x3d0 ./Middlewares/Third_Party/FreeRTOS/Source/tasks.o
 .debug_abbrev  0x0000000000003707      0x258 ./Middlewares/Third_Party/FreeRTOS/Source/portable/GCC/ARM_CM3/port.o
 .debug_abbrev  0x000000000000395f      0x21d ./Middlewares/Third_Party/FreeRTOS/Source/portable/MemMang/heap_4.o

.debug_aranges  0x0000000000000000     0x1478
 .debug_aranges
                0x0000000000000000       0x38 ./Core/Src/Fly_Data.o
 .debug_aranges
                0x0000000000000038       0x40 ./Core/Src/freertos.o
 .debug_aranges
                0x0000000000000078       0x20 ./Core/Src/gpio.o
 .debug_aranges
                0x0000000000000098       0x30 ./Core/Src/i2c.o
 .debug_aranges
                0x00000000000000c8       0x38 ./Core/Src/main.o
 .debug_aranges
                0x0000000000000100       0x20 ./Core/Src/motor.o
 .debug_aranges
                0x0000000000000120       0x38 ./Core/Src/mpu6050.o
 .debug_aranges
                0x0000000000000158       0x70 ./Core/Src/nrf24L01.o
 .debug_aranges
                0x00000000000001c8       0x38 ./Core/Src/pid.o
 .debug_aranges
                0x0000000000000200       0x30 ./Core/Src/spi.o
 .debug_aranges
                0x0000000000000230       0x20 ./Core/Src/stm32f1xx_hal_msp.o
 .debug_aranges
                0x0000000000000250       0x30 ./Core/Src/stm32f1xx_hal_timebase_tim.o
 .debug_aranges
                0x0000000000000280       0x50 ./Core/Src/stm32f1xx_it.o
 .debug_aranges
                0x00000000000002d0       0x28 ./Core/Src/system_stm32f1xx.o
 .debug_aranges
                0x00000000000002f8       0x38 ./Core/Src/tim.o
 .debug_aranges
                0x0000000000000330       0x28 ./Core/Startup/startup_stm32f103c8tx.o
 .debug_aranges
                0x0000000000000358       0xe0 ./Drivers/STM32F1xx_HAL_Driver/Src/stm32f1xx_hal.o
 .debug_aranges
                0x0000000000000438      0x100 ./Drivers/STM32F1xx_HAL_Driver/Src/stm32f1xx_hal_cortex.o
 .debug_aranges
                0x0000000000000538       0x58 ./Drivers/STM32F1xx_HAL_Driver/Src/stm32f1xx_hal_gpio.o
 .debug_aranges
                0x0000000000000590      0x2a8 ./Drivers/STM32F1xx_HAL_Driver/Src/stm32f1xx_hal_i2c.o
 .debug_aranges
                0x0000000000000838       0x90 ./Drivers/STM32F1xx_HAL_Driver/Src/stm32f1xx_hal_rcc.o
 .debug_aranges
                0x00000000000008c8      0x1d0 ./Drivers/STM32F1xx_HAL_Driver/Src/stm32f1xx_hal_spi.o
 .debug_aranges
                0x0000000000000a98      0x3d0 ./Drivers/STM32F1xx_HAL_Driver/Src/stm32f1xx_hal_tim.o
 .debug_aranges
                0x0000000000000e68      0x168 ./Drivers/STM32F1xx_HAL_Driver/Src/stm32f1xx_hal_tim_ex.o
 .debug_aranges
                0x0000000000000fd0      0x1d8 ./Middlewares/Third_Party/FreeRTOS/Source/CMSIS_RTOS/cmsis_os.o
 .debug_aranges
                0x00000000000011a8       0x40 ./Middlewares/Third_Party/FreeRTOS/Source/list.o
 .debug_aranges
                0x00000000000011e8      0x1c0 ./Middlewares/Third_Party/FreeRTOS/Source/tasks.o
 .debug_aranges
                0x00000000000013a8       0x78 ./Middlewares/Third_Party/FreeRTOS/Source/portable/GCC/ARM_CM3/port.o
 .debug_aranges
                0x0000000000001420       0x58 ./Middlewares/Third_Party/FreeRTOS/Source/portable/MemMang/heap_4.o

.debug_rnglists
                0x0000000000000000      0xfd7
 .debug_rnglists
                0x0000000000000000       0x38 ./Core/Src/Fly_Data.o
 .debug_rnglists
                0x0000000000000038       0x2c ./Core/Src/freertos.o
 .debug_rnglists
                0x0000000000000064       0x14 ./Core/Src/gpio.o
 .debug_rnglists
                0x0000000000000078       0x1f ./Core/Src/i2c.o
 .debug_rnglists
                0x0000000000000097       0x25 ./Core/Src/main.o
 .debug_rnglists
                0x00000000000000bc       0x14 ./Core/Src/motor.o
 .debug_rnglists
                0x00000000000000d0       0x29 ./Core/Src/mpu6050.o
 .debug_rnglists
                0x00000000000000f9       0x4f ./Core/Src/nrf24L01.o
 .debug_rnglists
                0x0000000000000148       0x27 ./Core/Src/pid.o
 .debug_rnglists
                0x000000000000016f       0x20 ./Core/Src/spi.o
 .debug_rnglists
                0x000000000000018f       0x13 ./Core/Src/stm32f1xx_hal_msp.o
 .debug_rnglists
                0x00000000000001a2       0x20 ./Core/Src/stm32f1xx_hal_timebase_tim.o
 .debug_rnglists
                0x00000000000001c2       0x37 ./Core/Src/stm32f1xx_it.o
 .debug_rnglists
                0x00000000000001f9       0x1a ./Core/Src/system_stm32f1xx.o
 .debug_rnglists
                0x0000000000000213       0x26 ./Core/Src/tim.o
 .debug_rnglists
                0x0000000000000239       0x19 ./Core/Startup/startup_stm32f103c8tx.o
 .debug_rnglists
                0x0000000000000252       0xa3 ./Drivers/STM32F1xx_HAL_Driver/Src/stm32f1xx_hal.o
 .debug_rnglists
                0x00000000000002f5       0xbb ./Drivers/STM32F1xx_HAL_Driver/Src/stm32f1xx_hal_cortex.o
 .debug_rnglists
                0x00000000000003b0       0x3f ./Drivers/STM32F1xx_HAL_Driver/Src/stm32f1xx_hal_gpio.o
 .debug_rnglists
                0x00000000000003ef      0x23c ./Drivers/STM32F1xx_HAL_Driver/Src/stm32f1xx_hal_i2c.o
 .debug_rnglists
                0x000000000000062b       0x6c ./Drivers/STM32F1xx_HAL_Driver/Src/stm32f1xx_hal_rcc.o
 .debug_rnglists
                0x0000000000000697      0x16e ./Drivers/STM32F1xx_HAL_Driver/Src/stm32f1xx_hal_spi.o
 .debug_rnglists
                0x0000000000000805      0x31a ./Drivers/STM32F1xx_HAL_Driver/Src/stm32f1xx_hal_tim.o
 .debug_rnglists
                0x0000000000000b1f      0x125 ./Drivers/STM32F1xx_HAL_Driver/Src/stm32f1xx_hal_tim_ex.o
 .debug_rnglists
                0x0000000000000c44      0x16a ./Middlewares/Third_Party/FreeRTOS/Source/CMSIS_RTOS/cmsis_os.o
 .debug_rnglists
                0x0000000000000dae       0x2b ./Middlewares/Third_Party/FreeRTOS/Source/list.o
 .debug_rnglists
                0x0000000000000dd9      0x166 ./Middlewares/Third_Party/FreeRTOS/Source/tasks.o
 .debug_rnglists
                0x0000000000000f3f       0x56 ./Middlewares/Third_Party/FreeRTOS/Source/portable/GCC/ARM_CM3/port.o
 .debug_rnglists
                0x0000000000000f95       0x42 ./Middlewares/Third_Party/FreeRTOS/Source/portable/MemMang/heap_4.o

.debug_macro    0x0000000000000000    0x1b0aa
 .debug_macro   0x0000000000000000      0x2ee ./Core/Src/Fly_Data.o
 .debug_macro   0x00000000000002ee      0xa9c ./Core/Src/Fly_Data.o
 .debug_macro   0x0000000000000d8a      0x221 ./Core/Src/Fly_Data.o
 .debug_macro   0x0000000000000fab       0x2e ./Core/Src/Fly_Data.o
 .debug_macro   0x0000000000000fd9       0x22 ./Core/Src/Fly_Data.o
 .debug_macro   0x0000000000000ffb       0x22 ./Core/Src/Fly_Data.o
 .debug_macro   0x000000000000101d       0x8e ./Core/Src/Fly_Data.o
 .debug_macro   0x00000000000010ab       0x51 ./Core/Src/Fly_Data.o
 .debug_macro   0x00000000000010fc      0x103 ./Core/Src/Fly_Data.o
 .debug_macro   0x00000000000011ff       0x6a ./Core/Src/Fly_Data.o
 .debug_macro   0x0000000000001269      0x1df ./Core/Src/Fly_Data.o
 .debug_macro   0x0000000000001448       0x1c ./Core/Src/Fly_Data.o
 .debug_macro   0x0000000000001464       0x22 ./Core/Src/Fly_Data.o
 .debug_macro   0x0000000000001486       0xbd ./Core/Src/Fly_Data.o
 .debug_macro   0x0000000000001543      0xd23 ./Core/Src/Fly_Data.o
 .debug_macro   0x0000000000002266     0xe09e ./Core/Src/Fly_Data.o
 .debug_macro   0x0000000000010304       0x6d ./Core/Src/Fly_Data.o
 .debug_macro   0x0000000000010371     0x34a2 ./Core/Src/Fly_Data.o
 .debug_macro   0x0000000000013813      0x174 ./Core/Src/Fly_Data.o
 .debug_macro   0x0000000000013987       0x5c ./Core/Src/Fly_Data.o
 .debug_macro   0x00000000000139e3      0x5bc ./Core/Src/Fly_Data.o
 .debug_macro   0x0000000000013f9f      0x289 ./Core/Src/Fly_Data.o
 .debug_macro   0x0000000000014228      0x1cb ./Core/Src/Fly_Data.o
 .debug_macro   0x00000000000143f3      0x114 ./Core/Src/Fly_Data.o
 .debug_macro   0x0000000000014507      0x1b2 ./Core/Src/Fly_Data.o
 .debug_macro   0x00000000000146b9       0x27 ./Core/Src/Fly_Data.o
 .debug_macro   0x00000000000146e0      0x136 ./Core/Src/Fly_Data.o
 .debug_macro   0x0000000000014816      0x1bc ./Core/Src/Fly_Data.o
 .debug_macro   0x00000000000149d2       0x34 ./Core/Src/Fly_Data.o
 .debug_macro   0x0000000000014a06       0x3c ./Core/Src/Fly_Data.o
 .debug_macro   0x0000000000014a42       0x57 ./Core/Src/Fly_Data.o
 .debug_macro   0x0000000000014a99       0x87 ./Core/Src/Fly_Data.o
 .debug_macro   0x0000000000014b20      0x240 ./Core/Src/Fly_Data.o
 .debug_macro   0x0000000000014d60      0x287 ./Core/Src/Fly_Data.o
 .debug_macro   0x0000000000014fe7      0x140 ./Core/Src/Fly_Data.o
 .debug_macro   0x0000000000015127      0x217 ./Core/Src/Fly_Data.o
 .debug_macro   0x000000000001533e      0x8ed ./Core/Src/Fly_Data.o
 .debug_macro   0x0000000000015c2b       0x83 ./Core/Src/Fly_Data.o
 .debug_macro   0x0000000000015cae       0x34 ./Core/Src/Fly_Data.o
 .debug_macro   0x0000000000015ce2       0x61 ./Core/Src/Fly_Data.o
 .debug_macro   0x0000000000015d43       0x24 ./Core/Src/Fly_Data.o
 .debug_macro   0x0000000000015d67       0x43 ./Core/Src/Fly_Data.o
 .debug_macro   0x0000000000015daa       0x34 ./Core/Src/Fly_Data.o
 .debug_macro   0x0000000000015dde       0x16 ./Core/Src/Fly_Data.o
 .debug_macro   0x0000000000015df4       0x35 ./Core/Src/Fly_Data.o